BJES      40.5436 -123.8800    0.0000    0.0000       0       2       1       1    0.0024    0.0023   1
JCC       40.8175 -124.0295    0.0000    0.0000      97      91      37      27    0.0131    0.0147   1
PETL      40.2884 -124.3426    0.0000    0.0000       0      13       7       9    0.0178    0.0052   1
RBOW      40.3347 -124.1114    0.0000    0.0000       6      20      47      22    0.0175    0.0051   1
89101     40.3250 -124.2877    0.0000    0.0000       3      45       8      16    0.0100    0.0101   1
89255     40.5922 -124.1463    0.0000    0.0000       5     745      61     164    0.0226    0.0150   1
89462     40.5036 -124.1010    0.0000    0.0000       3      10      10       4    0.0109    0.0060   1
89486     40.5840 -124.1450    0.0000    0.0000       0       0       1       0    0.0000    0.0007   1
89781     40.7834 -124.1435    0.0000    0.0000       2       6      22       7    0.0065    0.0040   1
KCO       40.2567 -124.2660    0.0000    0.0000     483      58     158      29    0.0117    0.0067   1
KMPB      40.4172 -124.1208    0.0000    0.0000    4057    4387     843     802    0.0116    0.0099   1
KPR       40.2196 -124.0573    0.0000    0.0000       6      27      16      13    0.0204    0.0088   1
1023      40.5761 -124.2637    0.0000    0.0000       4      11      21      10    0.0173    0.0100   1
1580      40.8777 -124.0774    0.0000    0.0000       3       6       4       6    0.0112    0.0053   1
1581      40.7350 -124.2076    0.0000    0.0000       0       4       1       3    0.0082    0.0048   1
1582      40.6990 -124.2010    0.0000    0.0000       0      67      48      32    0.0169    0.0068   1
1586      40.6442 -124.2207    0.0000    0.0000       4      39      79      36    0.0156    0.0052   1
B045      40.4360 -123.9965    0.0000    0.0000    2326    2436     668     544    0.0131    0.0102   1
B046      40.3220 -124.2843    0.0000    0.0000    4703    2360     971     506    0.0108    0.0088   1
B047      40.2499 -124.1699    0.0000    0.0000    4232    3428     830     591    0.0098    0.0090   1
B932      40.2750 -124.2212    0.0000    0.0000    4646    4572     982     739    0.0098    0.0078   1
BJES      40.5436 -123.8800    0.0000    0.0000       0      91       0      17    0.0227    0.0133   2
JCC       40.8175 -124.0295    0.0000    0.0000      38      46       5      12    0.0118    0.0078   2
PETL      40.2884 -124.3426    0.0000    0.0000       0    1468       0     341    0.0142    0.0120   2
RBOW      40.3347 -124.1114    0.0000    0.0000    1592    1612     390     325    0.0148    0.0076   2
89101     40.3250 -124.2877    0.0000    0.0000      16     221      13      67    0.0147    0.0097   2
89255     40.5922 -124.1463    0.0000    0.0000     106     184      52      78    0.0178    0.0102   2
89462     40.5036 -124.1010    0.0000    0.0000      64      47       9      10    0.0147    0.0094   2
89781     40.7834 -124.1435    0.0000    0.0000       0       4       0       1    0.0299    0.0024   2
KCO       40.2567 -124.2660    0.0000    0.0000    1367    1092     357     394    0.0184    0.0081   2
KMPB      40.4172 -124.1208    0.0000    0.0000    6127    4753    1324     968    0.0123    0.0102   2
KPR       40.2196 -124.0573    0.0000    0.0000    1507    3035     415     528    0.0148    0.0095   2
1023      40.5761 -124.2637    0.0000    0.0000      44     415      27     132    0.0224    0.0146   2
1580      40.8777 -124.0774    0.0000    0.0000       0      11       0       2    0.0224    0.0058   2
1581      40.7350 -124.2076    0.0000    0.0000       0       3       0       0    0.0111    0.0000   2
1582      40.6990 -124.2010    0.0000    0.0000       5      22       2       4    0.0200    0.0073   2
1586      40.6442 -124.2207    0.0000    0.0000     159     397      58     159    0.0184    0.0122   2
B045      40.4360 -123.9965    0.0000    0.0000    6727    5119    1139     836    0.0119    0.0103   2
B046      40.3220 -124.2843    0.0000    0.0000    1259    3159     348     816    0.0137    0.0100   2
B047      40.2499 -124.1699    0.0000    0.0000    8523    8001    1326    1072    0.0196    0.0081   2
B932      40.2750 -124.2212    0.0000    0.0000    5638    9317     863    1237    0.0163    0.0075   2
JCC       40.8175 -124.0295    0.0000    0.0000   12627   12255     954    1167    0.0182    0.0106   3
PETL      40.2884 -124.3426    0.0000    0.0000       0    3924       0     286    0.0197    0.0127   3
RBOW      40.3347 -124.1114    0.0000    0.0000    1208    9010     116     807    0.0165    0.0084   3
89101     40.3250 -124.2877    0.0000    0.0000      78     735       5     109    0.0175    0.0094   3
89255     40.5922 -124.1463    0.0000    0.0000       0    1373       0     179    0.0232    0.0171   3
KCO       40.2567 -124.2660    0.0000    0.0000     685     941      72      83    0.0244    0.0098   3
KMPB      40.4172 -124.1208    0.0000    0.0000   10319   10395    1243    1362    0.0131    0.0087   3
KPR       40.2196 -124.0573    0.0000    0.0000      36    3627       6     648    0.0182    0.0172   3
1023      40.5761 -124.2637    0.0000    0.0000       6      23       0       5    0.0240    0.0277   3
1580      40.8777 -124.0774    0.0000    0.0000       0       1       0       0    0.0146    0.0000   3
1582      40.6990 -124.2010    0.0000    0.0000      21      95       2      10    0.0179    0.0099   3
1586      40.6442 -124.2207    0.0000    0.0000    1815     737     151      92    0.0168    0.0133   3
B045      40.4360 -123.9965    0.0000    0.0000    7221   11349     674     981    0.0167    0.0099   3
B046      40.3220 -124.2843    0.0000    0.0000   12218   13040    1454    1366    0.0109    0.0101   3
B047      40.2499 -124.1699    0.0000    0.0000    3995    5380     413     664    0.0181    0.0122   3
B932      40.2750 -124.2212    0.0000    0.0000   16996   13712    1513    1442    0.0118    0.0093   3
JCC       40.8175 -124.0295    0.0000    0.0000     287    3945      76     741    0.0076    0.0115   4
PETL      40.2884 -124.3426    0.0000    0.0000       0     228       0      16    0.0082    0.0085   4
RBOW      40.3347 -124.1114    0.0000    0.0000     630     868     265     336    0.0148    0.0099   4
89101     40.3250 -124.2877    0.0000    0.0000      19    1874       4     348    0.0097    0.0094   4
89255     40.5922 -124.1463    0.0000    0.0000      18     461       5     205    0.0147    0.0096   4
KCO       40.2567 -124.2660    0.0000    0.0000     391    1986     152     452    0.0122    0.0092   4
KPR       40.2196 -124.0573    0.0000    0.0000     523    2002     196     457    0.0129    0.0083   4
1023      40.5761 -124.2637    0.0000    0.0000       0      17       0       2    0.0128    0.0073   4
1580      40.8777 -124.0774    0.0000    0.0000       0       6       0       0    0.0147    0.0000   4
1581      40.7350 -124.2076    0.0000    0.0000       0       9       0       0    0.0130    0.0000   4
1582      40.6990 -124.2010    0.0000    0.0000       0     205       0      55    0.0158    0.0085   4
1586      40.6442 -124.2207    0.0000    0.0000       0     141       0      75    0.0163    0.0111   4
B045      40.4360 -123.9965    0.0000    0.0000     598     836     191     247    0.0141    0.0085   4
B046      40.3220 -124.2843    0.0000    0.0000     258     298      86      39    0.0158    0.0109   4
B047      40.2499 -124.1699    0.0000    0.0000    2567    3204     642     673    0.0097    0.0086   4
B932      40.2750 -124.2212    0.0000    0.0000    3394    3973     767     722    0.0092    0.0084   4
RBOW      40.3347 -124.1114    0.0000    0.0000    6712    2533    1097     780    0.0108    0.0084   5
89255     40.5922 -124.1463    0.0000    0.0000       0     458       0     106    0.0121    0.0146   5
KCO       40.2567 -124.2660    0.0000    0.0000      33    4047       7     879    0.0146    0.0099   5
KMPB      40.4172 -124.1208    0.0000    0.0000    4122    6056     739    1067    0.0135    0.0105   5
KPR       40.2196 -124.0573    0.0000    0.0000     105    5304      19    1023    0.0103    0.0136   5
1023      40.5761 -124.2637    0.0000    0.0000       4     310       0      89    0.0173    0.0139   5
1581      40.7350 -124.2076    0.0000    0.0000       0       2       0       0    0.0250    0.0000   5
1582      40.6990 -124.2010    0.0000    0.0000      47    1458      15     291    0.0186    0.0168   5
1586      40.6442 -124.2207    0.0000    0.0000     191     280      65      61    0.0144    0.0109   5
B045      40.4360 -123.9965    0.0000    0.0000    3502    6439     635    1051    0.0121    0.0128   5
B046      40.3220 -124.2843    0.0000    0.0000    1893    6082     331    1028    0.0114    0.0107   5
B932      40.2750 -124.2212    0.0000    0.0000     135    6880      29    1115    0.0136    0.0078   5
RBOW      40.3347 -124.1114    0.0000    0.0000     348     379     111     124    0.0172    0.0079   6
89255     40.5922 -124.1463    0.0000    0.0000      18     255       8      57    0.0190    0.0098   6
89462     40.5036 -124.1010    0.0000    0.0000       3      36       2      11    0.0137    0.0103   6
KCO       40.2567 -124.2660    0.0000    0.0000     143     929      78     226    0.0144    0.0077   6
KMPB      40.4172 -124.1208    0.0000    0.0000    1937    1408     426     443    0.0158    0.0105   6
KPR       40.2196 -124.0573    0.0000    0.0000       1     332       1     105    0.0153    0.0107   6
1582      40.6990 -124.2010    0.0000    0.0000       0     287       0      88    0.0155    0.0110   6
1586      40.6442 -124.2207    0.0000    0.0000       0     111       0      40    0.0156    0.0127   6
B045      40.4360 -123.9965    0.0000    0.0000     647     814     182     315    0.0151    0.0120   6
B046      40.3220 -124.2843    0.0000    0.0000    1501    2024     482     368    0.0107    0.0080   6
B047      40.2499 -124.1699    0.0000    0.0000    1370    2069     404     517    0.0115    0.0071   6
B932      40.2750 -124.2212    0.0000    0.0000     495    1764     162     341    0.0101    0.0053   6
JCC       40.8175 -124.0295    0.0000    0.0000    2408    2387     400     341    0.0131    0.0114   7
RBOW      40.3347 -124.1114    0.0000    0.0000      24     285       5      38    0.0138    0.0068   7
89101     40.3250 -124.2877    0.0000    0.0000      10     206       1      21    0.0146    0.0101   7
89255     40.5922 -124.1463    0.0000    0.0000     219      71      75       6    0.0145    0.0057   7
89781     40.7834 -124.1435    0.0000    0.0000       0      40       0       6    0.0098    0.0095   7
KCO       40.2567 -124.2660    0.0000    0.0000       0     195       0      20    0.0142    0.0068   7
KPR       40.2196 -124.0573    0.0000    0.0000      74     153      22      32    0.0165    0.0110   7
1023      40.5761 -124.2637    0.0000    0.0000      12      40       3       8    0.0187    0.0142   7
1580      40.8777 -124.0774    0.0000    0.0000       0     147       0      20    0.0145    0.0077   7
1581      40.7350 -124.2076    0.0000    0.0000       3      25       1       4    0.0197    0.0079   7
1582      40.6990 -124.2010    0.0000    0.0000      27     114      16       5    0.0158    0.0046   7
1586      40.6442 -124.2207    0.0000    0.0000     248     149      85      16    0.0168    0.0076   7
B045      40.4360 -123.9965    0.0000    0.0000     876    1005     229     240    0.0119    0.0085   7
B046      40.3220 -124.2843    0.0000    0.0000    1055    1515     303     307    0.0100    0.0093   7
B047      40.2499 -124.1699    0.0000    0.0000     539    1519     151     271    0.0156    0.0090   7
B932      40.2750 -124.2212    0.0000    0.0000     354    1890     105     335    0.0118    0.0083   7
JCC       40.8175 -124.0295    0.0000    0.0000    2261    2398     337     290    0.0122    0.0072   8
RBOW      40.3347 -124.1114    0.0000    0.0000       3       6       0       0    0.0136    0.0000   8
KCO       40.2567 -124.2660    0.0000    0.0000       1       0       0       0    0.0121    0.0000   8
KMPB      40.4172 -124.1208    0.0000    0.0000     151    1608      21     291    0.0129    0.0083   8
1023      40.5761 -124.2637    0.0000    0.0000       0       3       0       0    0.0114    0.0000   8
1586      40.6442 -124.2207    0.0000    0.0000       1       0       0       0    0.0146    0.0000   8
B045      40.4360 -123.9965    0.0000    0.0000    1172    1898     143     249    0.0131    0.0116   8
B046      40.3220 -124.2843    0.0000    0.0000      12    2271       5     298    0.0083    0.0079   8
B047      40.2499 -124.1699    0.0000    0.0000    2079      40     300       7    0.0081    0.0059   8
B932      40.2750 -124.2212    0.0000    0.0000    2277    2389     347     320    0.0093    0.0062   8
KMPB      40.4172 -124.1208    0.0000    0.0000    1847    1891     432     411    0.0098    0.0055   9
B045      40.4360 -123.9965    0.0000    0.0000    1890    1599     433     432    0.0130    0.0078   9
B046      40.3220 -124.2843    0.0000    0.0000    1891    1612     423     409    0.0157    0.0078   9
B932      40.2750 -124.2212    0.0000    0.0000    1890    1227     413     412    0.0127    0.0083   9
KMPB      40.4172 -124.1208    0.0000    0.0000    1789    1802     551     551    0.0100    0.0100  10
B045      40.4360 -123.9965    0.0000    0.0000    1825    1742     551     551    0.0124    0.0113  10
B046      40.3220 -124.2843    0.0000    0.0000    1824    1822     551     551    0.0100    0.0089  10
B932      40.2750 -124.2212    0.0000    0.0000    1826    1566     551     550    0.0111    0.0097  10
JCC       40.8175 -124.0295    0.0000    0.0000       3     609       2     184    0.0114    0.0076  11
PETL      40.2884 -124.3426    0.0000    0.0000       0     310       0     110    0.0136    0.0123  11
RBOW      40.3347 -124.1114    0.0000    0.0000     206     126     121     100    0.0167    0.0065  11
89101     40.3250 -124.2877    0.0000    0.0000      18     288      11      78    0.0127    0.0075  11
89255     40.5922 -124.1463    0.0000    0.0000       2      92       2      40    0.0188    0.0053  11
KCO       40.2567 -124.2660    0.0000    0.0000       1     225       0     120    0.0112    0.0072  11
KPR       40.2196 -124.0573    0.0000    0.0000       4     245       4     137    0.0143    0.0089  11
1023      40.5761 -124.2637    0.0000    0.0000       0     519       0     178    0.0114    0.0094  11
1580      40.8777 -124.0774    0.0000    0.0000       0      19       0       9    0.0151    0.0072  11
1582      40.6990 -124.2010    0.0000    0.0000       0     230       0     117    0.0116    0.0080  11
1586      40.6442 -124.2207    0.0000    0.0000       0     205       0     110    0.0131    0.0071  11
B045      40.4360 -123.9965    0.0000    0.0000     245     214      89      79    0.0142    0.0056  11
B046      40.3220 -124.2843    0.0000    0.0000       0      66       0      10    0.0137    0.0047  11
B047      40.2499 -124.1699    0.0000    0.0000     171     284      77     106    0.0113    0.0062  11
B932      40.2750 -124.2212    0.0000    0.0000     389     520     156     177    0.0115    0.0064  11
PETL      40.2884 -124.3426    0.0000    0.0000       0     211       0      99    0.0134    0.0060  12
RBOW      40.3347 -124.1114    0.0000    0.0000      45      32      28      38    0.0140    0.0044  12
89101     40.3250 -124.2877    0.0000    0.0000      28     221      18     105    0.0134    0.0054  12
KCO       40.2567 -124.2660    0.0000    0.0000      28      21      19      14    0.0113    0.0064  12
KMPB      40.4172 -124.1208    0.0000    0.0000     472     716     231     259    0.0108    0.0096  12
B045      40.4360 -123.9965    0.0000    0.0000       0     427       0     170    0.0154    0.0094  12
B046      40.3220 -124.2843    0.0000    0.0000     347     463     174     199    0.0111    0.0056  12
B047      40.2499 -124.1699    0.0000    0.0000     527     550     230     234    0.0127    0.0081  12
B932      40.2750 -124.2212    0.0000    0.0000     701     775     276     270    0.0107    0.0060  12
RBOW      40.3347 -124.1114    0.0000    0.0000     364     203     124     101    0.0142    0.0052  13
KMPB      40.4172 -124.1208    0.0000    0.0000     561      91     155      10    0.0098    0.0058  13
KPR       40.2196 -124.0573    0.0000    0.0000     494     201     147      64    0.0107    0.0071  13
B045      40.4360 -123.9965    0.0000    0.0000     253     496     123     146    0.0129    0.0085  13
B046      40.3220 -124.2843    0.0000    0.0000     561      95     162      44    0.0095    0.0081  13
B047      40.2499 -124.1699    0.0000    0.0000     325     324     136     136    0.0122    0.0075  13
PETL      40.2884 -124.3426    0.0000    0.0000       0     335       0     208    0.0176    0.0124  14
KCO       40.2567 -124.2660    0.0000    0.0000     226     167     157     176    0.0128    0.0069  14
KMPB      40.4172 -124.1208    0.0000    0.0000      91     465      68     215    0.0076    0.0059  14
1586      40.6442 -124.2207    0.0000    0.0000       0     451       0     215    0.0088    0.0111  14
B046      40.3220 -124.2843    0.0000    0.0000     465     461     215     215    0.0121    0.0078  14
B932      40.2750 -124.2212    0.0000    0.0000     465      63     225      75    0.0107    0.0071  14
PETL      40.2884 -124.3426    0.0000    0.0000       0     378       0     141    0.0087    0.0076  15
RBOW      40.3347 -124.1114    0.0000    0.0000     147     314      79     127    0.0137    0.0060  15
89101     40.3250 -124.2877    0.0000    0.0000       0     167       0      83    0.0112    0.0089  15
KCO       40.2567 -124.2660    0.0000    0.0000      44     340      27     107    0.0105    0.0034  15
KPR       40.2196 -124.0573    0.0000    0.0000      93     325      66     123    0.0120    0.0047  15
B045      40.4360 -123.9965    0.0000    0.0000      51     256      34      74    0.0124    0.0062  15
B047      40.2499 -124.1699    0.0000    0.0000      90     100      48      69    0.0140    0.0034  15
B932      40.2750 -124.2212    0.0000    0.0000      15     406      10     140    0.0110    0.0036  15
JCC       40.8175 -124.0295    0.0000    0.0000       6       6       4       2    0.0276    0.0245  16
PETL      40.2884 -124.3426    0.0000    0.0000       0     129       0      61    0.0131    0.0089  16
RBOW      40.3347 -124.1114    0.0000    0.0000      16      37       8      18    0.0150    0.0106  16
89255     40.5922 -124.1463    0.0000    0.0000       6       3       6       3    0.0068    0.0057  16
KCO       40.2567 -124.2660    0.0000    0.0000      22     146       7      75    0.0138    0.0086  16
KMPB      40.4172 -124.1208    0.0000    0.0000      66      66      24      19    0.0125    0.0086  16
KPR       40.2196 -124.0573    0.0000    0.0000      16     109      11      66    0.0171    0.0110  16
1023      40.5761 -124.2637    0.0000    0.0000      20       8       6       3    0.0252    0.0210  16
1586      40.6442 -124.2207    0.0000    0.0000      96      24      59      24    0.0121    0.0120  16
B045      40.4360 -123.9965    0.0000    0.0000     153     202     110     112    0.0119    0.0122  16
B046      40.3220 -124.2843    0.0000    0.0000      15      93       8      52    0.0156    0.0065  16
B047      40.2499 -124.1699    0.0000    0.0000     101      78      74      63    0.0133    0.0068  16
B932      40.2750 -124.2212    0.0000    0.0000      10      98       8      70    0.0182    0.0081  16
JCC       40.8175 -124.0295    0.0000    0.0000     240     112     104      80    0.0109    0.0103  17
PETL      40.2884 -124.3426    0.0000    0.0000       0      55       0      32    0.0096    0.0062  17
RBOW      40.3347 -124.1114    0.0000    0.0000      15      21      13      13    0.0150    0.0043  17
89101     40.3250 -124.2877    0.0000    0.0000       1      57       1      40    0.0133    0.0049  17
89255     40.5922 -124.1463    0.0000    0.0000      11       4       5       4    0.0131    0.0054  17
89781     40.7834 -124.1435    0.0000    0.0000       0       1       0       0    0.0138    0.0000  17
KCO       40.2567 -124.2660    0.0000    0.0000      66     188      33      40    0.0132    0.0058  17
KPR       40.2196 -124.0573    0.0000    0.0000       6      22       4      23    0.0095    0.0062  17
1580      40.8777 -124.0774    0.0000    0.0000       0       1       0       1    0.0012    0.0112  17
1582      40.6990 -124.2010    0.0000    0.0000       3      62       1      29    0.0122    0.0063  17
1586      40.6442 -124.2207    0.0000    0.0000     120     109      81      56    0.0092    0.0057  17
B045      40.4360 -123.9965    0.0000    0.0000     103     321      59     111    0.0105    0.0081  17
B046      40.3220 -124.2843    0.0000    0.0000       3      89       3      36    0.0117    0.0056  17
B047      40.2499 -124.1699    0.0000    0.0000      78     323      39      91    0.0151    0.0050  17
B932      40.2750 -124.2212    0.0000    0.0000     351     376     111     111    0.0101    0.0048  17
JCC       40.8175 -124.0295    0.0000    0.0000     131     152      53      77    0.0131    0.0089  18
PETL      40.2884 -124.3426    0.0000    0.0000       0      10       0       6    0.0148    0.0086  18
RBOW      40.3347 -124.1114    0.0000    0.0000      28      33      29      27    0.0084    0.0034  18
89255     40.5922 -124.1463    0.0000    0.0000       1      14       1      10    0.0182    0.0030  18
89781     40.7834 -124.1435    0.0000    0.0000       3       3       1       3    0.0151    0.0061  18
KCO       40.2567 -124.2660    0.0000    0.0000       6       1       3       0    0.0100    0.0043  18
KPR       40.2196 -124.0573    0.0000    0.0000      36      21      34      15    0.0106    0.0061  18
1580      40.8777 -124.0774    0.0000    0.0000       1       6       0       3    0.0129    0.0058  18
1581      40.7350 -124.2076    0.0000    0.0000       0      35       1      30    0.0110    0.0076  18
1582      40.6990 -124.2010    0.0000    0.0000       0      35       0      39    0.0088    0.0070  18
1586      40.6442 -124.2207    0.0000    0.0000       3      17       1      20    0.0147    0.0080  18
B045      40.4360 -123.9965    0.0000    0.0000      57     151      19      49    0.0225    0.0065  18
B046      40.3220 -124.2843    0.0000    0.0000     145      69      87      59    0.0132    0.0068  18
B047      40.2499 -124.1699    0.0000    0.0000     111     111      55      31    0.0135    0.0079  18
B932      40.2750 -124.2212    0.0000    0.0000     119      59      60      37    0.0120    0.0072  18
PETL      40.2884 -124.3426    0.0000    0.0000       0     276       0      95    0.0152    0.0072  19
RBOW      40.3347 -124.1114    0.0000    0.0000     224     164     110      96    0.0141    0.0059  19
89255     40.5922 -124.1463    0.0000    0.0000      10      77       4      13    0.0204    0.0105  19
89462     40.5036 -124.1010    0.0000    0.0000       3       1       1       0    0.0210    0.0037  19
KCO       40.2567 -124.2660    0.0000    0.0000       3     112       1      56    0.0131    0.0064  19
KMPB      40.4172 -124.1208    0.0000    0.0000     269     274      97      82    0.0133    0.0065  19
KPR       40.2196 -124.0573    0.0000    0.0000       3     275       1      84    0.0131    0.0105  19
1023      40.5761 -124.2637    0.0000    0.0000       0     106       0      22    0.0167    0.0112  19
1581      40.7350 -124.2076    0.0000    0.0000       0       5       0       2    0.0323    0.0122  19
1582      40.6990 -124.2010    0.0000    0.0000       0      98       0      15    0.0188    0.0123  19
1586      40.6442 -124.2207    0.0000    0.0000       0      16       0       7    0.0293    0.0101  19
B046      40.3220 -124.2843    0.0000    0.0000       3     231       2     111    0.0125    0.0055  19
B932      40.2750 -124.2212    0.0000    0.0000       0     118       0      33    0.0148    0.0066  19
KMPB      40.4172 -124.1208    0.0000    0.0000     190     231     119     150    0.0117    0.0097  20
B045      40.4360 -123.9965    0.0000    0.0000     210     179     134     135    0.0124    0.0122  20
B046      40.3220 -124.2843    0.0000    0.0000     276     190     169     107    0.0131    0.0075  20
B047      40.2499 -124.1699    0.0000    0.0000     253     231     169     158    0.0132    0.0063  20
B932      40.2750 -124.2212    0.0000    0.0000     276     276     169     168    0.0157    0.0062  20
RBOW      40.3347 -124.1114    0.0000    0.0000       0      43       0      16    0.0259    0.0047  21
89101     40.3250 -124.2877    0.0000    0.0000       1      68       1      31    0.0140    0.0068  21
KCO       40.2567 -124.2660    0.0000    0.0000     103     175      56      69    0.0109    0.0058  21
KMPB      40.4172 -124.1208    0.0000    0.0000       4     210       1      39    0.0120    0.0076  21
KPR       40.2196 -124.0573    0.0000    0.0000       1     116       1      49    0.0146    0.0069  21
1586      40.6442 -124.2207    0.0000    0.0000       0      30       0      17    0.0248    0.0121  21
B046      40.3220 -124.2843    0.0000    0.0000       5     164       6      45    0.0169    0.0062  21
B047      40.2499 -124.1699    0.0000    0.0000     114     100      50      39    0.0167    0.0061  21
B932      40.2750 -124.2212    0.0000    0.0000       1     210       1      69    0.0122    0.0061  21
JCC       40.8175 -124.0295    0.0000    0.0000       0       0       3       3    0.0000    0.1296  22
PETL      40.2884 -124.3426    0.0000    0.0000       0       0      10       9    0.0000    0.0962  22
RBOW      40.3347 -124.1114    0.0000    0.0000       0       1      33      31    0.0213    0.1246  22
89101     40.3250 -124.2877    0.0000    0.0000       1       0      22      18    0.0003    0.0734  22
89255     40.5922 -124.1463    0.0000    0.0000       0       0       1       1    0.0000    0.0222  22
89462     40.5036 -124.1010    0.0000    0.0000       0       1       1       2    0.0163    0.0918  22
89781     40.7834 -124.1435    0.0000    0.0000       0       0       3       3    0.0000    0.1501  22
KCO       40.2567 -124.2660    0.0000    0.0000       1       0      18      11    0.0089    0.1425  22
KMPB      40.4172 -124.1208    0.0000    0.0000       2       3      55      54    0.0520    0.0971  22
KPR       40.2196 -124.0573    0.0000    0.0000       1       2      31      33    0.0368    0.0823  22
1023      40.5761 -124.2637    0.0000    0.0000       0       0       3       3    0.0000    0.1232  22
1581      40.7350 -124.2076    0.0000    0.0000       0       1       0       1    0.0169    0.0169  22
1582      40.6990 -124.2010    0.0000    0.0000       1       1       5       5    0.0366    0.0763  22
1586      40.6442 -124.2207    0.0000    0.0000       1       1      16      13    0.0440    0.1252  22
B045      40.4360 -123.9965    0.0000    0.0000       1       1      44      39    0.0305    0.0765  22
B046      40.3220 -124.2843    0.0000    0.0000       2       1      55      45    0.0296    0.0703  22
B047      40.2499 -124.1699    0.0000    0.0000       1       2      51      49    0.0425    0.0741  22
B932      40.2750 -124.2212    0.0000    0.0000       2       3      55      54    0.0411    0.0761  22
RBOW      40.3347 -124.1114    0.0000    0.0000       0      28       0       9    0.0144    0.0097  23
KCO       40.2567 -124.2660    0.0000    0.0000     118      55      25      22    0.0125    0.0083  23
KMPB      40.4172 -124.1208    0.0000    0.0000       6     107       2      27    0.0148    0.0112  23
KPR       40.2196 -124.0573    0.0000    0.0000       3      63       2      21    0.0222    0.0071  23
B045      40.4360 -123.9965    0.0000    0.0000      35     136       6      28    0.0133    0.0052  23
B046      40.3220 -124.2843    0.0000    0.0000      15      54      15      25    0.0270    0.0122  23
B047      40.2499 -124.1699    0.0000    0.0000      36      53       4      26    0.0190    0.0070  23
B932      40.2750 -124.2212    0.0000    0.0000      45       9      21       4    0.0126    0.0072  23
JCC       40.8175 -124.0295    0.0000    0.0000      45     153      31     108    0.0117    0.0079  24
89101     40.3250 -124.2877    0.0000    0.0000       1       1       1       1    0.0022    0.0080  24
KCO       40.2567 -124.2660    0.0000    0.0000       6       1       2       1    0.0199    0.0035  24
1023      40.5761 -124.2637    0.0000    0.0000       0       1       0       0    0.0016    0.0000  24
1586      40.6442 -124.2207    0.0000    0.0000       0       3       0       1    0.0192    0.0113  24
B045      40.4360 -123.9965    0.0000    0.0000      66     153      49     108    0.0095    0.0048  24
B046      40.3220 -124.2843    0.0000    0.0000     136     133     108     108    0.0162    0.0057  24
B047      40.2499 -124.1699    0.0000    0.0000     135     153      98     108    0.0098    0.0042  24
B932      40.2750 -124.2212    0.0000    0.0000     153     146     108     108    0.0103    0.0044  24
JCC       40.8175 -124.0295    0.0000    0.0000       1     136       1      72    0.0100    0.0077  25
PETL      40.2884 -124.3426    0.0000    0.0000       0       6       0       6    0.0132    0.0158  25
RBOW      40.3347 -124.1114    0.0000    0.0000       3       3       3       3    0.0161    0.0086  25
KCO       40.2567 -124.2660    0.0000    0.0000       9       7       6       8    0.0155    0.0097  25
KMPB      40.4172 -124.1208    0.0000    0.0000     105     115      64      72    0.0135    0.0078  25
KPR       40.2196 -124.0573    0.0000    0.0000       7       8       4       8    0.0186    0.0063  25
B045      40.4360 -123.9965    0.0000    0.0000      21      89      14      66    0.0154    0.0069  25
B046      40.3220 -124.2843    0.0000    0.0000      98      52      66      66    0.0177    0.0115  25
B047      40.2499 -124.1699    0.0000    0.0000      28      44      28      48    0.0167    0.0072  25
B932      40.2750 -124.2212    0.0000    0.0000     132      63      72      57    0.0156    0.0085  25
JCC       40.8175 -124.0295    0.0000    0.0000       3      13       2       6    0.0105    0.0045  26
PETL      40.2884 -124.3426    0.0000    0.0000       0      10       1      20    0.0083    0.0163  26
RBOW      40.3347 -124.1114    0.0000    0.0000       4       4      11       7    0.0160    0.0292  26
89101     40.3250 -124.2877    0.0000    0.0000       0      24       2      14    0.0169    0.0245  26
KCO       40.2567 -124.2660    0.0000    0.0000       3      49       4      17    0.0397    0.0161  26
KPR       40.2196 -124.0573    0.0000    0.0000       0       1       1       1    0.0080    0.0414  26
1586      40.6442 -124.2207    0.0000    0.0000       1      11       2       6    0.0118    0.0065  26
B045      40.4360 -123.9965    0.0000    0.0000      14      21       8       8    0.0141    0.0124  26
B046      40.3220 -124.2843    0.0000    0.0000       9      20      17       9    0.0345    0.0211  26
B047      40.2499 -124.1699    0.0000    0.0000      11      50      13      16    0.0211    0.0259  26
B932      40.2750 -124.2212    0.0000    0.0000      24      48      15      22    0.0259    0.0200  26
KMPB      40.4172 -124.1208    0.0000    0.0000      91      80      78      78    0.0113    0.0071  27
B045      40.4360 -123.9965    0.0000    0.0000      21      44      20      42    0.0224    0.0073  27
B046      40.3220 -124.2843    0.0000    0.0000     103     103      78      78    0.0125    0.0053  27
B047      40.2499 -124.1699    0.0000    0.0000      91      99      72      78    0.0152    0.0071  27
B932      40.2750 -124.2212    0.0000    0.0000     103     105      78      78    0.0116    0.0063  27
KMPB      40.4172 -124.1208    0.0000    0.0000     105     105      95      95    0.0116    0.0074  28
B045      40.4360 -123.9965    0.0000    0.0000     105     105      95      95    0.0107    0.0077  28
B046      40.3220 -124.2843    0.0000    0.0000     105     105      95      95    0.0120    0.0108  28
B932      40.2750 -124.2212    0.0000    0.0000     105     105      95      95    0.0090    0.0114  28
JCC       40.8175 -124.0295    0.0000    0.0000       3      15       3      14    0.0105    0.0030  29
PETL      40.2884 -124.3426    0.0000    0.0000       0      10       0       8    0.0113    0.0056  29
RBOW      40.3347 -124.1114    0.0000    0.0000      28      33      28      30    0.0124    0.0053  29
89101     40.3250 -124.2877    0.0000    0.0000       1      15       1      15    0.0171    0.0061  29
89255     40.5922 -124.1463    0.0000    0.0000       0      10       0      10    0.0180    0.0036  29
89781     40.7834 -124.1435    0.0000    0.0000       0       3       0       3    0.0020    0.0020  29
KCO       40.2567 -124.2660    0.0000    0.0000      24      33      19      28    0.0140    0.0076  29
1582      40.6990 -124.2010    0.0000    0.0000       0       3       0       3    0.0065    0.0021  29
1586      40.6442 -124.2207    0.0000    0.0000       6       9       6      21    0.0087    0.0028  29
B045      40.4360 -123.9965    0.0000    0.0000      34      39      31      34    0.0141    0.0058  29
B046      40.3220 -124.2843    0.0000    0.0000      44      37      36      33    0.0156    0.0064  29
B047      40.2499 -124.1699    0.0000    0.0000       8      16       6      12    0.0140    0.0086  29
B932      40.2750 -124.2212    0.0000    0.0000      23      44      21      35    0.0153    0.0065  29
PETL      40.2884 -124.3426    0.0000    0.0000       0      50       0      36    0.0134    0.0075  30
RBOW      40.3347 -124.1114    0.0000    0.0000       3      40       3      30    0.0142    0.0074  30
89255     40.5922 -124.1463    0.0000    0.0000       0       6       0       2    0.0305    0.0157  30
89462     40.5036 -124.1010    0.0000    0.0000       0       3       0       2    0.0142    0.0158  30
89781     40.7834 -124.1435    0.0000    0.0000       0       3       0       1    0.0367    0.0168  30
KCO       40.2567 -124.2660    0.0000    0.0000       1       6       1       5    0.0199    0.0093  30
KMPB      40.4172 -124.1208    0.0000    0.0000      78      53      40      38    0.0121    0.0060  30
KPR       40.2196 -124.0573    0.0000    0.0000       1      28       1      17    0.0151    0.0131  30
1023      40.5761 -124.2637    0.0000    0.0000       0       9       0       3    0.0342    0.0136  30
1582      40.6990 -124.2010    0.0000    0.0000       0       9       0       4    0.0292    0.0124  30
1586      40.6442 -124.2207    0.0000    0.0000       0       3       0       1    0.0246    0.0131  30
B045      40.4360 -123.9965    0.0000    0.0000       0      77       0      38    0.0078    0.0075  30
B046      40.3220 -124.2843    0.0000    0.0000      36      66      27      38    0.0124    0.0051  30
B932      40.2750 -124.2212    0.0000    0.0000      27      66      16      38    0.0133    0.0064  30
JCC       40.8175 -124.0295    0.0000    0.0000       0      44       0      26    0.0074    0.0069  31
PETL      40.2884 -124.3426    0.0000    0.0000       0      28       0      22    0.0137    0.0044  31
RBOW      40.3347 -124.1114    0.0000    0.0000      18      14      17      17    0.0138    0.0045  31
89101     40.3250 -124.2877    0.0000    0.0000       1       7       1       8    0.0162    0.0054  31
KCO       40.2567 -124.2660    0.0000    0.0000      10      36       8      24    0.0133    0.0038  31
KPR       40.2196 -124.0573    0.0000    0.0000       0      23       0      22    0.0124    0.0057  31
1582      40.6990 -124.2010    0.0000    0.0000       2       9       3       8    0.0176    0.0065  31
B045      40.4360 -123.9965    0.0000    0.0000      53      66      31      35    0.0075    0.0048  31
B046      40.3220 -124.2843    0.0000    0.0000       1      40       1      31    0.0061    0.0039  31
B047      40.2499 -124.1699    0.0000    0.0000      21      55      17      28    0.0100    0.0032  31
B932      40.2750 -124.2212    0.0000    0.0000      21      66      17      32    0.0105    0.0035  31
JCC       40.8175 -124.0295    0.0000    0.0000      13      22      13      18    0.0071    0.0044  32
PETL      40.2884 -124.3426    0.0000    0.0000       0      10       0      10    0.0153    0.0114  32
RBOW      40.3347 -124.1114    0.0000    0.0000       5       7       6       4    0.0111    0.0061  32
89101     40.3250 -124.2877    0.0000    0.0000       2       7       2       9    0.0155    0.0099  32
89255     40.5922 -124.1463    0.0000    0.0000       0       1       0       0    0.0346    0.0000  32
KCO       40.2567 -124.2660    0.0000    0.0000       2      24       2      11    0.0147    0.0070  32
KMPB      40.4172 -124.1208    0.0000    0.0000      35      24      17      15    0.0104    0.0036  32
KPR       40.2196 -124.0573    0.0000    0.0000       0       1       0       0    0.0362    0.0000  32
1023      40.5761 -124.2637    0.0000    0.0000       0       2       0       3    0.0010    0.0170  32
B045      40.4360 -123.9965    0.0000    0.0000      19      40      15      17    0.0077    0.0031  32
B046      40.3220 -124.2843    0.0000    0.0000       9      17       5       7    0.0089    0.0053  32
B047      40.2499 -124.1699    0.0000    0.0000      13      24      13      12    0.0177    0.0061  32
B932      40.2750 -124.2212    0.0000    0.0000      24      42      17      20    0.0086    0.0059  32
JCC       40.8175 -124.0295    0.0000    0.0000      10      10       9       9    0.0304    0.0332  33
PETL      40.2884 -124.3426    0.0000    0.0000       0       0       0       1    0.0000    0.2194  33
RBOW      40.3347 -124.1114    0.0000    0.0000       0       1       4       4    0.0061    0.1289  33
89101     40.3250 -124.2877    0.0000    0.0000       0       1       0       1    0.0116    0.0116  33
89255     40.5922 -124.1463    0.0000    0.0000       0       1       1       1    0.0181    0.1383  33
89462     40.5036 -124.1010    0.0000    0.0000       1       2       1       2    0.0170    0.0689  33
89781     40.7834 -124.1435    0.0000    0.0000       0       0       0       1    0.0000    0.1177  33
KMPB      40.4172 -124.1208    0.0000    0.0000       1       4       1       7    0.0400    0.0358  33
1023      40.5761 -124.2637    0.0000    0.0000       0       2       1       3    0.0142    0.1228  33
1582      40.6990 -124.2010    0.0000    0.0000       0       0       3       0    0.0000    0.0778  33
1586      40.6442 -124.2207    0.0000    0.0000       0       2       4       4    0.0194    0.0243  33
B045      40.4360 -123.9965    0.0000    0.0000       0      11       3      11    0.0340    0.0388  33
B046      40.3220 -124.2843    0.0000    0.0000      11       8      11       9    0.0308    0.0324  33
B047      40.2499 -124.1699    0.0000    0.0000       5      11       5      10    0.0424    0.0422  33
B932      40.2750 -124.2212    0.0000    0.0000       4      12       6      12    0.0410    0.0645  33
BJES      40.5436 -123.8800    0.0000    0.0000       0       3       0       3    0.0156    0.0068  34
JCC       40.8175 -124.0295    0.0000    0.0000      25      23      23      18    0.0111    0.0078  34
PETL      40.2884 -124.3426    0.0000    0.0000       0       1       0       1    0.0050    0.0150  34
RBOW      40.3347 -124.1114    0.0000    0.0000       0       2       0       2    0.0208    0.0061  34
89255     40.5922 -124.1463    0.0000    0.0000       1       1       1       3    0.0005    0.0066  34
KMPB      40.4172 -124.1208    0.0000    0.0000      20       6      16       6    0.0097    0.0052  34
KPR       40.2196 -124.0573    0.0000    0.0000       0       1       0       1    0.0089    0.0011  34
B045      40.4360 -123.9965    0.0000    0.0000      45      44      30      30    0.0140    0.0064  34
B046      40.3220 -124.2843    0.0000    0.0000      28       6      22       6    0.0151    0.0049  34
B047      40.2499 -124.1699    0.0000    0.0000      45      38      30      29    0.0134    0.0054  34
B932      40.2750 -124.2212    0.0000    0.0000      45      31      30      29    0.0130    0.0056  34
JCC       40.8175 -124.0295    0.0000    0.0000      15      21      15      21    0.0104    0.0030  35
PETL      40.2884 -124.3426    0.0000    0.0000       0      15       0       7    0.0181    0.0035  35
RBOW      40.3347 -124.1114    0.0000    0.0000       0       1       0       1    0.0015    0.0015  35
89101     40.3250 -124.2877    0.0000    0.0000       0      10       0       5    0.0058    0.0026  35
KCO       40.2567 -124.2660    0.0000    0.0000       1       6       1       3    0.0138    0.0050  35
1586      40.6442 -124.2207    0.0000    0.0000       1       1       1       1    0.0072    0.0032  35
B045      40.4360 -123.9965    0.0000    0.0000       1      36       1      23    0.0093    0.0039  35
B046      40.3220 -124.2843    0.0000    0.0000      12      51       9      25    0.0092    0.0037  35
B047      40.2499 -124.1699    0.0000    0.0000      55      55      25      25    0.0093    0.0039  35
B932      40.2750 -124.2212    0.0000    0.0000      45      45      24      24    0.0118    0.0039  35
JCC       40.8175 -124.0295    0.0000    0.0000       0      55       0      38    0.0142    0.0124  36
PETL      40.2884 -124.3426    0.0000    0.0000       0       3       0       3    0.0151    0.0111  36
RBOW      40.3347 -124.1114    0.0000    0.0000       3       3       3       3    0.0188    0.0050  36
89101     40.3250 -124.2877    0.0000    0.0000       0       3       0       3    0.0090    0.0081  36
89255     40.5922 -124.1463    0.0000    0.0000       0       6       0       6    0.0079    0.0069  36
89462     40.5036 -124.1010    0.0000    0.0000       0       2       0       3    0.0057    0.0047  36
KCO       40.2567 -124.2660    0.0000    0.0000       2      10       3      10    0.0124    0.0108  36
KMPB      40.4172 -124.1208    0.0000    0.0000      10      47      10      38    0.0133    0.0048  36
KPR       40.2196 -124.0573    0.0000    0.0000       3       4       3       6    0.0130    0.0068  36
1586      40.6442 -124.2207    0.0000    0.0000       0       6       0       6    0.0134    0.0058  36
B045      40.4360 -123.9965    0.0000    0.0000      15      55      15      38    0.0161    0.0045  36
B046      40.3220 -124.2843    0.0000    0.0000      36      28      29      24    0.0149    0.0092  36
B047      40.2499 -124.1699    0.0000    0.0000      36      38      25      32    0.0107    0.0085  36
B932      40.2750 -124.2212    0.0000    0.0000      55      45      38      33    0.0109    0.0082  36
JCC       40.8175 -124.0295    0.0000    0.0000       0       0       3       2    0.0000    0.2137  37
RBOW      40.3347 -124.1114    0.0000    0.0000       0       0      20      20    0.0000    0.1227  37
89101     40.3250 -124.2877    0.0000    0.0000       0       0       0       1    0.0000    0.1445  37
89255     40.5922 -124.1463    0.0000    0.0000       0       0       6      12    0.0000    0.0564  37
89462     40.5036 -124.1010    0.0000    0.0000       0       0       0       1    0.0000    0.0290  37
89781     40.7834 -124.1435    0.0000    0.0000       0       0      13      13    0.0000    0.1584  37
KCO       40.2567 -124.2660    0.0000    0.0000       0       0       3       3    0.0000    0.0921  37
KMPB      40.4172 -124.1208    0.0000    0.0000       0       0      11      11    0.0000    0.1298  37
KPR       40.2196 -124.0573    0.0000    0.0000       0       0       6       5    0.0000    0.2303  37
1023      40.5761 -124.2637    0.0000    0.0000       0       0       7       7    0.0000    0.0900  37
1581      40.7350 -124.2076    0.0000    0.0000       0       0       1       1    0.0000    0.2482  37
1582      40.6990 -124.2010    0.0000    0.0000       0       0       8      10    0.0000    0.2333  37
1586      40.6442 -124.2207    0.0000    0.0000       0       0      11      16    0.0000    0.0800  37
B045      40.4360 -123.9965    0.0000    0.0000       0       0      16      16    0.0000    0.0910  37
B046      40.3220 -124.2843    0.0000    0.0000       0       0      16      16    0.0000    0.1029  37
B047      40.2499 -124.1699    0.0000    0.0000       0       0      18      18    0.0000    0.1127  37
B932      40.2750 -124.2212    0.0000    0.0000       0       0      20      20    0.0000    0.0998  37
RBOW      40.3347 -124.1114    0.0000    0.0000      19      28      21      27    0.0140    0.0048  38
1586      40.6442 -124.2207    0.0000    0.0000      36      19      32      19    0.0149    0.0057  38
B046      40.3220 -124.2843    0.0000    0.0000      43      41      38      38    0.0108    0.0053  38
B047      40.2499 -124.1699    0.0000    0.0000      45      44      38      38    0.0103    0.0050  38
B932      40.2750 -124.2212    0.0000    0.0000      45      35      38      36    0.0126    0.0051  38
JCC       40.8175 -124.0295    0.0000    0.0000       0      31       0      22    0.0212    0.0104  39
PETL      40.2884 -124.3426    0.0000    0.0000       0       1       0       1    0.0049    0.0051  39
RBOW      40.3347 -124.1114    0.0000    0.0000       0       1       0       1    0.0169    0.0031  39
89101     40.3250 -124.2877    0.0000    0.0000      14      10      13      16    0.0228    0.0051  39
89255     40.5922 -124.1463    0.0000    0.0000       0       9       0       7    0.0273    0.0072  39
89781     40.7834 -124.1435    0.0000    0.0000       0       1       0       1    0.0310    0.0090  39
KCO       40.2567 -124.2660    0.0000    0.0000       6      19       6      19    0.0132    0.0072  39
KPR       40.2196 -124.0573    0.0000    0.0000       1       3       1       3    0.0182    0.0023  39
1582      40.6990 -124.2010    0.0000    0.0000       3       6       3       6    0.0359    0.0056  39
1586      40.6442 -124.2207    0.0000    0.0000       2      10       3      14    0.0315    0.0076  39
B045      40.4360 -123.9965    0.0000    0.0000      28      21      21      16    0.0147    0.0030  39
B047      40.2499 -124.1699    0.0000    0.0000      28      35      22      25    0.0111    0.0069  39
B932      40.2750 -124.2212    0.0000    0.0000      36      20      25      25    0.0154    0.0058  39
89101     40.3250 -124.2877    0.0000    0.0000       0      20       0      26    0.0120    0.0081  40
KCO       40.2567 -124.2660    0.0000    0.0000      45      32      37      37    0.0159    0.0091  40
KMPB      40.4172 -124.1208    0.0000    0.0000      42      17      37      26    0.0177    0.0116  40
B045      40.4360 -123.9965    0.0000    0.0000      36      42      32      37    0.0136    0.0120  40
B047      40.2499 -124.1699    0.0000    0.0000      45      43      37      37    0.0158    0.0084  40
RBOW      40.3347 -124.1114    0.0000    0.0000       1       1       3       3    0.0182    0.0808  41
89255     40.5922 -124.1463    0.0000    0.0000       0       0       2       2    0.0000    0.1775  41
89462     40.5036 -124.1010    0.0000    0.0000       0       0       1       1    0.0000    0.0559  41
KCO       40.2567 -124.2660    0.0000    0.0000       0       0       2       1    0.0000    0.1309  41
KMPB      40.4172 -124.1208    0.0000    0.0000       3       3       4       4    0.0126    0.0490  41
1582      40.6990 -124.2010    0.0000    0.0000       0       0       0       1    0.0000    0.0659  41
B045      40.4360 -123.9965    0.0000    0.0000       3       3       4       4    0.0076    0.1059  41
B046      40.3220 -124.2843    0.0000    0.0000       3       2       4       4    0.0176    0.0818  41
B047      40.2499 -124.1699    0.0000    0.0000       1       1       1       1    0.0120    0.0049  41
B932      40.2750 -124.2212    0.0000    0.0000       0       1       2       3    0.0030    0.0646  41
PETL      40.2884 -124.3426    0.0000    0.0000       0      10       0       5    0.0131    0.0040  42
RBOW      40.3347 -124.1114    0.0000    0.0000       3      15       2       8    0.0142    0.0039  42
B045      40.4360 -123.9965    0.0000    0.0000      27      36      13      14    0.0139    0.0029  42
B046      40.3220 -124.2843    0.0000    0.0000      15      13       8       8    0.0099    0.0032  42
B047      40.2499 -124.1699    0.0000    0.0000      21      26      12      13    0.0138    0.0036  42
B932      40.2750 -124.2212    0.0000    0.0000      36      25      14      13    0.0096    0.0034  42
RBOW      40.3347 -124.1114    0.0000    0.0000       7      21       9      13    0.0089    0.0040  43
KCO       40.2567 -124.2660    0.0000    0.0000       6       2       5       3    0.0160    0.0044  43
KPR       40.2196 -124.0573    0.0000    0.0000       1      21       1      13    0.0182    0.0030  43
B045      40.4360 -123.9965    0.0000    0.0000      28      28      16      15    0.0079    0.0045  43
B046      40.3220 -124.2843    0.0000    0.0000      28      28      16      16    0.0138    0.0066  43
B047      40.2499 -124.1699    0.0000    0.0000      15      26      10      15    0.0154    0.0037  43
B932      40.2750 -124.2212    0.0000    0.0000      21      33      12      18    0.0169    0.0047  43
KMPB      40.4172 -124.1208    0.0000    0.0000      27      18       0       0    0.0050    0.0000  44
B045      40.4360 -123.9965    0.0000    0.0000      21      21       0       0    0.0073    0.0000  44
B046      40.3220 -124.2843    0.0000    0.0000      28      21       0       0    0.0056    0.0000  44
B047      40.2499 -124.1699    0.0000    0.0000      15      14       0       0    0.0070    0.0000  44
B932      40.2750 -124.2212    0.0000    0.0000      10      26       0       0    0.0062    0.0000  44
JCC       40.8175 -124.0295    0.0000    0.0000       6      27       3      12    0.0216    0.0024  45
RBOW      40.3347 -124.1114    0.0000    0.0000       1       1       1       1    0.0004    0.0004  45
KCO       40.2567 -124.2660    0.0000    0.0000       0       1       0       1    0.0096    0.0004  45
KPR       40.2196 -124.0573    0.0000    0.0000       6       0       2       0    0.0155    0.0007  45
B045      40.4360 -123.9965    0.0000    0.0000       1      19       0      10    0.0205    0.0040  45
B046      40.3220 -124.2843    0.0000    0.0000      21      28      12      12    0.0134    0.0034  45
B047      40.2499 -124.1699    0.0000    0.0000      28      24      12      12    0.0161    0.0028  45
B932      40.2750 -124.2212    0.0000    0.0000      15      28      12      12    0.0117    0.0029  45
RBOW      40.3347 -124.1114    0.0000    0.0000       1       1       1       1    0.0013    0.0013  46
KMPB      40.4172 -124.1208    0.0000    0.0000      28      28      16       4    0.0107    0.0030  46
B045      40.4360 -123.9965    0.0000    0.0000       0       9       0       2    0.0060    0.0134  46
B046      40.3220 -124.2843    0.0000    0.0000      28      28      20      19    0.0118    0.0058  46
B047      40.2499 -124.1699    0.0000    0.0000      28      28      11       4    0.0109    0.0041  46
B932      40.2750 -124.2212    0.0000    0.0000      15      28      15       7    0.0112    0.0046  46
JCC       40.8175 -124.0295    0.0000    0.0000       3      20       3      11    0.0136    0.0059  47
RBOW      40.3347 -124.1114    0.0000    0.0000       8       7       6       4    0.0219    0.0044  47
89101     40.3250 -124.2877    0.0000    0.0000       1      14       1      10    0.0109    0.0062  47
KCO       40.2567 -124.2660    0.0000    0.0000       3      21       1      10    0.0188    0.0065  47
KPR       40.2196 -124.0573    0.0000    0.0000       0      16       0      10    0.0172    0.0063  47
B045      40.4360 -123.9965    0.0000    0.0000       3      12       3       7    0.0115    0.0063  47
B047      40.2499 -124.1699    0.0000    0.0000      20      28      12      12    0.0148    0.0063  47
B932      40.2750 -124.2212    0.0000    0.0000      21      27      12      12    0.0180    0.0063  47
B045      40.4360 -123.9965    0.0000    0.0000      21      19      15      15    0.0113    0.0028  48
B046      40.3220 -124.2843    0.0000    0.0000      21      17      15      15    0.0152    0.0019  48
B047      40.2499 -124.1699    0.0000    0.0000      20      16      15      15    0.0157    0.0025  48
B932      40.2750 -124.2212    0.0000    0.0000      21      16      15      15    0.0176    0.0023  48
RBOW      40.3347 -124.1114    0.0000    0.0000       6       6       0       0    0.0200    0.0000  49
KMPB      40.4172 -124.1208    0.0000    0.0000      15      10       0       0    0.0145    0.0000  49
KPR       40.2196 -124.0573    0.0000    0.0000       6      10       0       0    0.0161    0.0000  49
B046      40.3220 -124.2843    0.0000    0.0000      15      15       0       0    0.0119    0.0000  49
B047      40.2499 -124.1699    0.0000    0.0000      15      15       0       0    0.0120    0.0000  49
B932      40.2750 -124.2212    0.0000    0.0000       3      21       0       0    0.0083    0.0000  49
PETL      40.2884 -124.3426    0.0000    0.0000       0      10       0       4    0.0211    0.0042  50
RBOW      40.3347 -124.1114    0.0000    0.0000       1       1       1       1    0.0079    0.0008  50
89462     40.5036 -124.1010    0.0000    0.0000       0       3       0       2    0.0139    0.0011  50
89781     40.7834 -124.1435    0.0000    0.0000       0       1       0       1    0.0676    0.0024  50
KCO       40.2567 -124.2660    0.0000    0.0000       0       1       0       1    0.0243    0.0057  50
KMPB      40.4172 -124.1208    0.0000    0.0000       0      10       0       3    0.0131    0.0007  50
KPR       40.2196 -124.0573    0.0000    0.0000       1       9       0       4    0.0143    0.0026  50
1582      40.6990 -124.2010    0.0000    0.0000       0       5       0       2    0.0415    0.0014  50
1586      40.6442 -124.2207    0.0000    0.0000       0       5       0       3    0.0280    0.0019  50
B045      40.4360 -123.9965    0.0000    0.0000       1      14       1       4    0.0131    0.0009  50
B046      40.3220 -124.2843    0.0000    0.0000      10       4       3       3    0.0156    0.0035  50
B932      40.2750 -124.2212    0.0000    0.0000       1      13       1       4    0.0176    0.0033  50
JCC       40.8175 -124.0295    0.0000    0.0000      10      11      10      14       NaN       NaN  51
B045      40.4360 -123.9965    0.0000    0.0000       3      15       3      14       NaN       NaN  51
B046      40.3220 -124.2843    0.0000    0.0000      15      15      14      14       NaN       NaN  51
B047      40.2499 -124.1699    0.0000    0.0000      15      15      14      14       NaN       NaN  51
B932      40.2750 -124.2212    0.0000    0.0000      10      15      10      14       NaN       NaN  51
KCO       40.2567 -124.2660    0.0000    0.0000       3       1       2       1    0.0179    0.0026  52
KPR       40.2196 -124.0573    0.0000    0.0000       1       0       1       0    0.0163    0.0063  52
B045      40.4360 -123.9965    0.0000    0.0000       6      14       6       8    0.0196    0.0080  52
B046      40.3220 -124.2843    0.0000    0.0000      15      15       8       8    0.0131    0.0029  52
B047      40.2499 -124.1699    0.0000    0.0000      15       6       8       6    0.0152    0.0053  52
B932      40.2750 -124.2212    0.0000    0.0000      15       9       8       8    0.0154    0.0048  52
RBOW      40.3347 -124.1114    0.0000    0.0000       1       0       1       0    0.0641    0.0059  53
KCO       40.2567 -124.2660    0.0000    0.0000       6       1       5       1    0.0286    0.0012  53
KMPB      40.4172 -124.1208    0.0000    0.0000      15      15       7       5    0.0155    0.0049  53
B045      40.4360 -123.9965    0.0000    0.0000      10       1       6       0    0.0234    0.0051  53
B046      40.3220 -124.2843    0.0000    0.0000      15       8       7       6    0.0188    0.0024  53
B047      40.2499 -124.1699    0.0000    0.0000      10      11       5       7    0.0231    0.0008  53
B932      40.2750 -124.2212    0.0000    0.0000      10       6       5       3    0.0154    0.0010  53
RBOW      40.3347 -124.1114    0.0000    0.0000      10       7       7       7    0.0097    0.0030  54
1586      40.6442 -124.2207    0.0000    0.0000       1       6       1       5    0.0224    0.0046  54
B045      40.4360 -123.9965    0.0000    0.0000      10      15       6       8    0.0119    0.0027  54
B046      40.3220 -124.2843    0.0000    0.0000       1      10       1       6    0.0083    0.0043  54
B047      40.2499 -124.1699    0.0000    0.0000      10      10       6       6    0.0122    0.0032  54
B932      40.2750 -124.2212    0.0000    0.0000      15      15       8       8    0.0109    0.0035  54
JCC       40.8175 -124.0295    0.0000    0.0000       0       1       0       0    0.0061    0.0000  55
PETL      40.2884 -124.3426    0.0000    0.0000       0       3       0       0    0.0107    0.0000  55
RBOW      40.3347 -124.1114    0.0000    0.0000       3       3       0       0    0.0114    0.0000  55
89101     40.3250 -124.2877    0.0000    0.0000       0       6       0       0    0.0128    0.0000  55
89255     40.5922 -124.1463    0.0000    0.0000       0       1       0       0    0.0066    0.0000  55
KCO       40.2567 -124.2660    0.0000    0.0000       0       1       0       0    0.0069    0.0000  55
1582      40.6990 -124.2010    0.0000    0.0000       0       2       0       0    0.0073    0.0000  55
1586      40.6442 -124.2207    0.0000    0.0000       0       2       0       0    0.0091    0.0000  55
B046      40.3220 -124.2843    0.0000    0.0000       2      10       0       0    0.0277    0.0000  55
B047      40.2499 -124.1699    0.0000    0.0000       3       9       0       0    0.0131    0.0000  55
B932      40.2750 -124.2212    0.0000    0.0000       0       9       0       0    0.0076    0.0000  55
PETL      40.2884 -124.3426    0.0000    0.0000       0      10       0       0    0.0074    0.0000  56
RBOW      40.3347 -124.1114    0.0000    0.0000       0       3       0       0    0.0035    0.0000  56
89101     40.3250 -124.2877    0.0000    0.0000       6       6       0       0    0.0170    0.0000  56
KCO       40.2567 -124.2660    0.0000    0.0000       0       6       0       0    0.0145    0.0000  56
KPR       40.2196 -124.0573    0.0000    0.0000       0      10       0       0    0.0088    0.0000  56
1582      40.6990 -124.2010    0.0000    0.0000       0       8       0       0    0.0074    0.0000  56
B046      40.3220 -124.2843    0.0000    0.0000       8      10       0       0    0.0093    0.0000  56
B047      40.2499 -124.1699    0.0000    0.0000       1       3       0       0    0.0049    0.0000  56
KMPB      40.4172 -124.1208    0.0000    0.0000      10       7      10      10       NaN       NaN  57
B045      40.4360 -123.9965    0.0000    0.0000       0       6       0       6       NaN       NaN  57
B046      40.3220 -124.2843    0.0000    0.0000      10      10      10      10       NaN       NaN  57
B047      40.2499 -124.1699    0.0000    0.0000      10       8      10      10       NaN       NaN  57
B932      40.2750 -124.2212    0.0000    0.0000      10       8      10      10       NaN       NaN  57
PETL      40.2884 -124.3426    0.0000    0.0000       0       6       0       0    0.0141    0.0000  58
RBOW      40.3347 -124.1114    0.0000    0.0000       6      10       0       0    0.0168    0.0000  58
89101     40.3250 -124.2877    0.0000    0.0000       2       9       0       0    0.0210    0.0000  58
89255     40.5922 -124.1463    0.0000    0.0000       0       6       0       0    0.0367    0.0000  58
KCO       40.2567 -124.2660    0.0000    0.0000       0      10       0       0    0.0168    0.0000  58
B045      40.4360 -123.9965    0.0000    0.0000       6       3       0       0    0.0229    0.0000  58
B046      40.3220 -124.2843    0.0000    0.0000       3      10       0       0    0.0311    0.0000  58
B047      40.2499 -124.1699    0.0000    0.0000       0       6       0       0    0.0023    0.0000  58
B932      40.2750 -124.2212    0.0000    0.0000       0      10       0       0    0.0117    0.0000  58
PETL      40.2884 -124.3426    0.0000    0.0000       0       0       1       1    0.0000    0.1702  59
RBOW      40.3347 -124.1114    0.0000    0.0000       0       0       2       2    0.0000    0.0873  59
89101     40.3250 -124.2877    0.0000    0.0000       1       1       4       4    0.0125    0.0894  59
KCO       40.2567 -124.2660    0.0000    0.0000       1       1       4       4    0.0061    0.1682  59
KMPB      40.4172 -124.1208    0.0000    0.0000       0       1       2       4    0.0261    0.1079  59
1023      40.5761 -124.2637    0.0000    0.0000       0       1       0       1    0.0453    0.0047  59
B045      40.4360 -123.9965    0.0000    0.0000       0       0       2       2    0.0000    0.2825  59
B046      40.3220 -124.2843    0.0000    0.0000       1       1       4       4    0.0117    0.0833  59
B047      40.2499 -124.1699    0.0000    0.0000       0       1       2       4    0.0071    0.0569  59
B932      40.2750 -124.2212    0.0000    0.0000       0       1       2       4    0.0028    0.1400  59
JCC       40.8175 -124.0295    0.0000    0.0000       6       6       3       3       NaN       NaN  60
89101     40.3250 -124.2877    0.0000    0.0000       1       1       1       1       NaN       NaN  60
KCO       40.2567 -124.2660    0.0000    0.0000       3       1       2       1       NaN       NaN  60
B045      40.4360 -123.9965    0.0000    0.0000       3       6       2       3       NaN       NaN  60
B046      40.3220 -124.2843    0.0000    0.0000       6       6       3       3       NaN       NaN  60
B047      40.2499 -124.1699    0.0000    0.0000       3       6       2       3       NaN       NaN  60
89101     40.3250 -124.2877    0.0000    0.0000       0       6       0       3       NaN       NaN  61
KPR       40.2196 -124.0573    0.0000    0.0000       1       0       1       0       NaN       NaN  61
1586      40.6442 -124.2207    0.0000    0.0000       0       3       0       2       NaN       NaN  61
B045      40.4360 -123.9965    0.0000    0.0000       3       3       2       2       NaN       NaN  61
B046      40.3220 -124.2843    0.0000    0.0000       0       3       0       2       NaN       NaN  61
B047      40.2499 -124.1699    0.0000    0.0000       6       6       3       3       NaN       NaN  61
B932      40.2750 -124.2212    0.0000    0.0000       6       6       3       3       NaN       NaN  61
RBOW      40.3347 -124.1114    0.0000    0.0000       6       6       6       6       NaN       NaN  62
KMPB      40.4172 -124.1208    0.0000    0.0000       6       6       6       6       NaN       NaN  62
B045      40.4360 -123.9965    0.0000    0.0000       3       6       3       6       NaN       NaN  62
B046      40.3220 -124.2843    0.0000    0.0000       6       6       6       6       NaN       NaN  62
B047      40.2499 -124.1699    0.0000    0.0000       1       6       1       6       NaN       NaN  62
B932      40.2750 -124.2212    0.0000    0.0000       6       6       6       6       NaN       NaN  62
RBOW      40.3347 -124.1114    0.0000    0.0000       1       0       0       0    0.0020    0.0000  63
KMPB      40.4172 -124.1208    0.0000    0.0000       2       1       0       0    0.0142    0.0000  63
KPR       40.2196 -124.0573    0.0000    0.0000       1       0       0       0    0.0024    0.0000  63
B046      40.3220 -124.2843    0.0000    0.0000       0       2       0       0    0.0164    0.0000  63
B047      40.2499 -124.1699    0.0000    0.0000       2       2       0       0    0.0057    0.0000  63
B932      40.2750 -124.2212    0.0000    0.0000       2       2       0       0    0.0090    0.0000  63
RBOW      40.3347 -124.1114    0.0000    0.0000       0       0       0       2    0.0000    0.4564  64
89101     40.3250 -124.2877    0.0000    0.0000       0       0       1       0    0.0000    0.4454  64
1586      40.6442 -124.2207    0.0000    0.0000       0       0       1       0    0.0000    0.3032  64
B045      40.4360 -123.9965    0.0000    0.0000       0       0       0       2    0.0000    0.4483  64
B932      40.2750 -124.2212    0.0000    0.0000       0       0       0       1    0.0000    0.5848  64
JCC       40.8175 -124.0295    0.0000    0.0000       1       3       1       2       NaN       NaN  65
PETL      40.2884 -124.3426    0.0000    0.0000       0       1       0       1       NaN       NaN  65
RBOW      40.3347 -124.1114    0.0000    0.0000       3       3       2       2       NaN       NaN  65
B045      40.4360 -123.9965    0.0000    0.0000       1       3       1       2       NaN       NaN  65
B047      40.2499 -124.1699    0.0000    0.0000       0       3       0       2       NaN       NaN  65
B932      40.2750 -124.2212    0.0000    0.0000       3       3       2       2       NaN       NaN  65
RBOW      40.3347 -124.1114    0.0000    0.0000       3       3       2       2       NaN       NaN  66
KPR       40.2196 -124.0573    0.0000    0.0000       0       3       0       2       NaN       NaN  66
B045      40.4360 -123.9965    0.0000    0.0000       3       3       2       2       NaN       NaN  66
B046      40.3220 -124.2843    0.0000    0.0000       1       1       1       1       NaN       NaN  66
B047      40.2499 -124.1699    0.0000    0.0000       1       3       1       2       NaN       NaN  66
B932      40.2750 -124.2212    0.0000    0.0000       0       3       0       2       NaN       NaN  66
JCC       40.8175 -124.0295    0.0000    0.0000       3       3       2       2       NaN       NaN  67
1582      40.6990 -124.2010    0.0000    0.0000       0       1       0       1       NaN       NaN  67
B045      40.4360 -123.9965    0.0000    0.0000       3       3       2       2       NaN       NaN  67
B047      40.2499 -124.1699    0.0000    0.0000       1       3       1       2       NaN       NaN  67
B932      40.2750 -124.2212    0.0000    0.0000       2       3       2       2       NaN       NaN  67
JCC       40.8175 -124.0295    0.0000    0.0000       3       0       2       0       NaN       NaN  68
RBOW      40.3347 -124.1114    0.0000    0.0000       1       1       1       1       NaN       NaN  68
B045      40.4360 -123.9965    0.0000    0.0000       0       2       0       2       NaN       NaN  68
B046      40.3220 -124.2843    0.0000    0.0000       1       2       1       2       NaN       NaN  68
B047      40.2499 -124.1699    0.0000    0.0000       3       2       2       2       NaN       NaN  68
B932      40.2750 -124.2212    0.0000    0.0000       3       3       2       2       NaN       NaN  68
KCO       40.2567 -124.2660    0.0000    0.0000       0       1       0       1       NaN       NaN  69
KMPB      40.4172 -124.1208    0.0000    0.0000       0       3       0       3       NaN       NaN  69
KPR       40.2196 -124.0573    0.0000    0.0000       3       3       3       3       NaN       NaN  69
B045      40.4360 -123.9965    0.0000    0.0000       3       3       3       3       NaN       NaN  69
B046      40.3220 -124.2843    0.0000    0.0000       3       3       3       3       NaN       NaN  69
B047      40.2499 -124.1699    0.0000    0.0000       1       3       1       3       NaN       NaN  69
RBOW      40.3347 -124.1114    0.0000    0.0000       3       3       1       1    0.0078    0.0002  70
KCO       40.2567 -124.2660    0.0000    0.0000       3       3       3       3    0.0082    0.0001  70
B046      40.3220 -124.2843    0.0000    0.0000       3       3       1       1    0.0132    0.0003  70
B047      40.2499 -124.1699    0.0000    0.0000       3       3       3       3    0.0058    0.0000  70
B932      40.2750 -124.2212    0.0000    0.0000       0       3       0       3    0.0080    0.0005  70
JCC       40.8175 -124.0295    0.0000    0.0000       3       3       3       3       NaN       NaN  71
B045      40.4360 -123.9965    0.0000    0.0000       3       3       3       3       NaN       NaN  71
B047      40.2499 -124.1699    0.0000    0.0000       3       3       3       3       NaN       NaN  71
B932      40.2750 -124.2212    0.0000    0.0000       3       3       3       3       NaN       NaN  71
PETL      40.2884 -124.3426    0.0000    0.0000       0       1       0       1       NaN       NaN  72
RBOW      40.3347 -124.1114    0.0000    0.0000       1       1       1       1       NaN       NaN  72
KCO       40.2567 -124.2660    0.0000    0.0000       1       1       1       1       NaN       NaN  72
KPR       40.2196 -124.0573    0.0000    0.0000       0       1       0       1       NaN       NaN  72
B046      40.3220 -124.2843    0.0000    0.0000       1       1       1       1       NaN       NaN  72
JCC       40.8175 -124.0295    0.0000    0.0000       0       0       1       1    0.0000    0.1306  73
RBOW      40.3347 -124.1114    0.0000    0.0000       0       0       1       1    0.0000    0.2915  73
KPR       40.2196 -124.0573    0.0000    0.0000       0       0       1       1    0.0000    0.2397  73
1582      40.6990 -124.2010    0.0000    0.0000       0       0       1       1    0.0000    0.0840  73
B045      40.4360 -123.9965    0.0000    0.0000       0       0       1       1    0.0000    0.0298  73
B046      40.3220 -124.2843    0.0000    0.0000       0       0       1       1    0.0000    0.0499  73
B047      40.2499 -124.1699    0.0000    0.0000       0       0       1       1    0.0000    0.0611  73
B932      40.2750 -124.2212    0.0000    0.0000       0       0       1       1    0.0000    0.0397  73
JCC       40.8175 -124.0295    0.0000    0.0000       0       1       0       1       NaN       NaN  74
B045      40.4360 -123.9965    0.0000    0.0000       1       1       1       1       NaN       NaN  74
B046      40.3220 -124.2843    0.0000    0.0000       1       1       1       1       NaN       NaN  74
B047      40.2499 -124.1699    0.0000    0.0000       1       1       1       1       NaN       NaN  74
B932      40.2750 -124.2212    0.0000    0.0000       1       1       1       1       NaN       NaN  74
KMPB      40.4172 -124.1208    0.0000    0.0000       1       1       1       1       NaN       NaN  75
1023      40.5761 -124.2637    0.0000    0.0000       0       1       0       1       NaN       NaN  75
1582      40.6990 -124.2010    0.0000    0.0000       1       1       1       1       NaN       NaN  75
B045      40.4360 -123.9965    0.0000    0.0000       1       1       1       1       NaN       NaN  75
B047      40.2499 -124.1699    0.0000    0.0000       1       0       1       0       NaN       NaN  75
KMPB      40.4172 -124.1208    0.0000    0.0000       1       1       1       1       NaN       NaN  76
B045      40.4360 -123.9965    0.0000    0.0000       1       1       1       1       NaN       NaN  76
B046      40.3220 -124.2843    0.0000    0.0000       1       1       1       1       NaN       NaN  76
B932      40.2750 -124.2212    0.0000    0.0000       1       1       1       1       NaN       NaN  76
RBOW      40.3347 -124.1114    0.0000    0.0000       0       1       0       1       NaN       NaN  77
KCO       40.2567 -124.2660    0.0000    0.0000       0       1       0       1       NaN       NaN  77
KPR       40.2196 -124.0573    0.0000    0.0000       1       1       1       1       NaN       NaN  77
B045      40.4360 -123.9965    0.0000    0.0000       1       1       1       1       NaN       NaN  77
B046      40.3220 -124.2843    0.0000    0.0000       0       1       0       1       NaN       NaN  77
B047      40.2499 -124.1699    0.0000    0.0000       1       1       1       1       NaN       NaN  77
B932      40.2750 -124.2212    0.0000    0.0000       0       1       0       1       NaN       NaN  77
RBOW      40.3347 -124.1114    0.0000    0.0000       1       1       1       1       NaN       NaN  78
KMPB      40.4172 -124.1208    0.0000    0.0000       1       0       1       0       NaN       NaN  78
B045      40.4360 -123.9965    0.0000    0.0000       0       1       0       1       NaN       NaN  78
B046      40.3220 -124.2843    0.0000    0.0000       1       0       1       0       NaN       NaN  78
B047      40.2499 -124.1699    0.0000    0.0000       1       1       1       1       NaN       NaN  78
B932      40.2750 -124.2212    0.0000    0.0000       1       0       1       0       NaN       NaN  78
RBOW      40.3347 -124.1114    0.0000    0.0000       1       1       1       1       NaN       NaN  79
KMPB      40.4172 -124.1208    0.0000    0.0000       1       1       1       1       NaN       NaN  79
B045      40.4360 -123.9965    0.0000    0.0000       0       1       0       1       NaN       NaN  79
B046      40.3220 -124.2843    0.0000    0.0000       1       1       1       1       NaN       NaN  79
B932      40.2750 -124.2212    0.0000    0.0000       0       1       0       1       NaN       NaN  79
BJES      40.5436 -123.8800    0.0000    0.0000       0       0       0       1    0.0000    0.1087  80
RBOW      40.3347 -124.1114    0.0000    0.0000       0       0       1       1    0.0000    0.0014  80
KCO       40.2567 -124.2660    0.0000    0.0000       0       0       1       1    0.0000    0.0443  80
KMPB      40.4172 -124.1208    0.0000    0.0000       0       0       1       1    0.0000    0.0101  80
B045      40.4360 -123.9965    0.0000    0.0000       0       0       1       1    0.0000    0.0712  80
B046      40.3220 -124.2843    0.0000    0.0000       0       0       1       0    0.0000    0.0001  80
B047      40.2499 -124.1699    0.0000    0.0000       0       0       1       1    0.0000    0.0182  80
B932      40.2750 -124.2212    0.0000    0.0000       0       0       1       1    0.0000    0.0228  80
RBOW      40.3347 -124.1114    0.0000    0.0000       1       1       1       1       NaN       NaN  81
KMPB      40.4172 -124.1208    0.0000    0.0000       1       1       1       1       NaN       NaN  81
KPR       40.2196 -124.0573    0.0000    0.0000       1       0       1       0       NaN       NaN  81
B045      40.4360 -123.9965    0.0000    0.0000       0       1       0       1       NaN       NaN  81
B046      40.3220 -124.2843    0.0000    0.0000       0       1       0       1       NaN       NaN  81
B932      40.2750 -124.2212    0.0000    0.0000       1       1       1       1       NaN       NaN  81
JCC       40.8175 -124.0295    0.0000    0.0000       0       1       0       1       NaN       NaN  82
PETL      40.2884 -124.3426    0.0000    0.0000       0       1       0       1       NaN       NaN  82
89255     40.5922 -124.1463    0.0000    0.0000       0       1       0       1       NaN       NaN  82
KCO       40.2567 -124.2660    0.0000    0.0000       1       1       1       1       NaN       NaN  82
1586      40.6442 -124.2207    0.0000    0.0000       1       1       1       1       NaN       NaN  82
B045      40.4360 -123.9965    0.0000    0.0000       1       1       1       1       NaN       NaN  82
B047      40.2499 -124.1699    0.0000    0.0000       0       1       0       1       NaN       NaN  82
KMPB      40.4172 -124.1208    0.0000    0.0000       1       1       1       1       NaN       NaN  83
B045      40.4360 -123.9965    0.0000    0.0000       0       1       0       1       NaN       NaN  83
B046      40.3220 -124.2843    0.0000    0.0000       1       1       1       1       NaN       NaN  83
B047      40.2499 -124.1699    0.0000    0.0000       1       1       1       1       NaN       NaN  83
B932      40.2750 -124.2212    0.0000    0.0000       1       1       1       1       NaN       NaN  83
89781     40.7834 -124.1435    0.0000    0.0000       0       1       0       1       NaN       NaN  85
KMPB      40.4172 -124.1208    0.0000    0.0000       1       0       1       0       NaN       NaN  85
B045      40.4360 -123.9965    0.0000    0.0000       1       1       1       1       NaN       NaN  85
B046      40.3220 -124.2843    0.0000    0.0000       0       1       0       1       NaN       NaN  85
B047      40.2499 -124.1699    0.0000    0.0000       0       1       0       1       NaN       NaN  85
B932      40.2750 -124.2212    0.0000    0.0000       1       1       1       1       NaN       NaN  85
PETL      40.2884 -124.3426    0.0000    0.0000       0       1       0       1       NaN       NaN  87
RBOW      40.3347 -124.1114    0.0000    0.0000       0       1       0       1       NaN       NaN  87
1023      40.5761 -124.2637    0.0000    0.0000       0       1       0       1       NaN       NaN  87
B045      40.4360 -123.9965    0.0000    0.0000       0       1       0       1       NaN       NaN  87
B047      40.2499 -124.1699    0.0000    0.0000       1       1       1       1       NaN       NaN  87
B932      40.2750 -124.2212    0.0000    0.0000       1       1       1       1       NaN       NaN  87
RBOW      40.3347 -124.1114    0.0000    0.0000       1       1       1       1       NaN       NaN  88
KMPB      40.4172 -124.1208    0.0000    0.0000       1       1       1       1       NaN       NaN  88
1586      40.6442 -124.2207    0.0000    0.0000       1       1       1       1       NaN       NaN  88
B045      40.4360 -123.9965    0.0000    0.0000       1       0       1       0       NaN       NaN  88
B046      40.3220 -124.2843    0.0000    0.0000       0       1       0       1       NaN       NaN  88
JCC       40.8175 -124.0295    0.0000    0.0000       1       1       0       0    0.1031    0.0000  89
RBOW      40.3347 -124.1114    0.0000    0.0000       0       1       0       0    0.0001    0.0000  89
B045      40.4360 -123.9965    0.0000    0.0000       0       1       0       0    0.0006    0.0000  89
B047      40.2499 -124.1699    0.0000    0.0000       1       1       0       0    0.0156    0.0000  89
B932      40.2750 -124.2212    0.0000    0.0000       1       1       0       0    0.0211    0.0000  89
KMPB      40.4172 -124.1208    0.0000    0.0000       1       1       1       1    0.0640    0.0154  90
B045      40.4360 -123.9965    0.0000    0.0000       0       1       0       1    0.0931    0.0169  90
B046      40.3220 -124.2843    0.0000    0.0000       1       1       1       1    0.0458    0.0126  90
B047      40.2499 -124.1699    0.0000    0.0000       1       1       1       1    0.0998    0.0116  90
B932      40.2750 -124.2212    0.0000    0.0000       0       1       0       1    0.0140    0.0140  90
JCC       40.8175 -124.0295    0.0000    0.0000       0       1       0       1       NaN       NaN  91
B045      40.4360 -123.9965    0.0000    0.0000       1       1       1       1       NaN       NaN  91
B046      40.3220 -124.2843    0.0000    0.0000       1       1       1       1       NaN       NaN  91
B047      40.2499 -124.1699    0.0000    0.0000       0       1       0       1       NaN       NaN  91
B932      40.2750 -124.2212    0.0000    0.0000       1       1       1       1       NaN       NaN  91
KCO       40.2567 -124.2660    0.0000    0.0000       0       1       0       1       NaN       NaN  92
B045      40.4360 -123.9965    0.0000    0.0000       1       1       1       1       NaN       NaN  92
B046      40.3220 -124.2843    0.0000    0.0000       1       1       1       1       NaN       NaN  92
B047      40.2499 -124.1699    0.0000    0.0000       1       1       1       1       NaN       NaN  92
B932      40.2750 -124.2212    0.0000    0.0000       0       1       0       1       NaN       NaN  92
RBOW      40.3347 -124.1114    0.0000    0.0000       1       1       1       1       NaN       NaN  93
KMPB      40.4172 -124.1208    0.0000    0.0000       1       1       1       1       NaN       NaN  93
B045      40.4360 -123.9965    0.0000    0.0000       0       1       0       1       NaN       NaN  93
B046      40.3220 -124.2843    0.0000    0.0000       1       1       1       1       NaN       NaN  93
B932      40.2750 -124.2212    0.0000    0.0000       1       1       1       1       NaN       NaN  93
89101     40.3250 -124.2877    0.0000    0.0000       0       1       0       0    0.0002    0.0000  94
B045      40.4360 -123.9965    0.0000    0.0000       0       1       0       0    0.0002    0.0000  94
B047      40.2499 -124.1699    0.0000    0.0000       1       1       0       0    0.0002    0.0000  94
B932      40.2750 -124.2212    0.0000    0.0000       1       1       0       0    0.0002    0.0000  94
KMPB      40.4172 -124.1208    0.0000    0.0000       1       1       1       1       NaN       NaN  95
B045      40.4360 -123.9965    0.0000    0.0000       0       1       0       1       NaN       NaN  95
B046      40.3220 -124.2843    0.0000    0.0000       0       1       0       1       NaN       NaN  95
B047      40.2499 -124.1699    0.0000    0.0000       1       1       1       1       NaN       NaN  95
B932      40.2750 -124.2212    0.0000    0.0000       1       1       1       1       NaN       NaN  95
B045      40.4360 -123.9965    0.0000    0.0000       1       1       1       1    0.0159    0.0001  96
B046      40.3220 -124.2843    0.0000    0.0000       1       1       1       1    0.0095    0.0005  96
B047      40.2499 -124.1699    0.0000    0.0000       1       1       1       1    0.0069    0.0003  96
B932      40.2750 -124.2212    0.0000    0.0000       1       1       1       1    0.0069    0.0003  96
RBOW      40.3347 -124.1114    0.0000    0.0000       1       1       1       1       NaN       NaN  97
1586      40.6442 -124.2207    0.0000    0.0000       1       0       1       0       NaN       NaN  97
B045      40.4360 -123.9965    0.0000    0.0000       1       1       1       1       NaN       NaN  97
B046      40.3220 -124.2843    0.0000    0.0000       0       1       0       1       NaN       NaN  97
B047      40.2499 -124.1699    0.0000    0.0000       0       1       0       1       NaN       NaN  97
B932      40.2750 -124.2212    0.0000    0.0000       0       1       0       1       NaN       NaN  97
KPR       40.2196 -124.0573    0.0000    0.0000       1       1       1       1       NaN       NaN  98
B046      40.3220 -124.2843    0.0000    0.0000       1       1       1       1       NaN       NaN  98
B047      40.2499 -124.1699    0.0000    0.0000       1       1       1       1       NaN       NaN  98
B932      40.2750 -124.2212    0.0000    0.0000       1       1       1       1       NaN       NaN  98
JCC       40.8175 -124.0295    0.0000    0.0000       1       1       1       1       NaN       NaN  99
PETL      40.2884 -124.3426    0.0000    0.0000       0       1       0       1       NaN       NaN  99
RBOW      40.3347 -124.1114    0.0000    0.0000       1       1       1       1       NaN       NaN  99
1586      40.6442 -124.2207    0.0000    0.0000       0       1       0       1       NaN       NaN  99
B045      40.4360 -123.9965    0.0000    0.0000       0       1       0       1       NaN       NaN  99
B047      40.2499 -124.1699    0.0000    0.0000       0       1       0       1       NaN       NaN  99
B932      40.2750 -124.2212    0.0000    0.0000       1       1       1       1       NaN       NaN  99
PETL      40.2884 -124.3426    0.0000    0.0000       0       1       0       1       NaN       NaN 100
RBOW      40.3347 -124.1114    0.0000    0.0000       1       1       1       1       NaN       NaN 100
KCO       40.2567 -124.2660    0.0000    0.0000       0       1       0       1       NaN       NaN 100
KMPB      40.4172 -124.1208    0.0000    0.0000       1       1       1       1       NaN       NaN 100
KPR       40.2196 -124.0573    0.0000    0.0000       0       1       0       1       NaN       NaN 100
1023      40.5761 -124.2637    0.0000    0.0000       0       1       0       1       NaN       NaN 100
B046      40.3220 -124.2843    0.0000    0.0000       1       1       1       1       NaN       NaN 100
RBOW      40.3347 -124.1114    0.0000    0.0000       1       1       1       1       NaN       NaN 101
KMPB      40.4172 -124.1208    0.0000    0.0000       1       1       1       1       NaN       NaN 101
B045      40.4360 -123.9965    0.0000    0.0000       0       1       0       1       NaN       NaN 101
B046      40.3220 -124.2843    0.0000    0.0000       1       1       1       1       NaN       NaN 101
B932      40.2750 -124.2212    0.0000    0.0000       1       1       1       1       NaN       NaN 101
KMPB      40.4172 -124.1208    0.0000    0.0000       1       1       1       1       NaN       NaN 102
1586      40.6442 -124.2207    0.0000    0.0000       1       0       1       0       NaN       NaN 102
B046      40.3220 -124.2843    0.0000    0.0000       1       1       1       1       NaN       NaN 102
B047      40.2499 -124.1699    0.0000    0.0000       0       1       0       1       NaN       NaN 102
B932      40.2750 -124.2212    0.0000    0.0000       1       1       1       1       NaN       NaN 102
RBOW      40.3347 -124.1114    0.0000    0.0000       1       1       1       1       NaN       NaN 103
B045      40.4360 -123.9965    0.0000    0.0000       1       1       1       1       NaN       NaN 103
B046      40.3220 -124.2843    0.0000    0.0000       0       1       0       1       NaN       NaN 103
B047      40.2499 -124.1699    0.0000    0.0000       0       1       0       1       NaN       NaN 103
B932      40.2750 -124.2212    0.0000    0.0000       1       1       1       1       NaN       NaN 103
RBOW      40.3347 -124.1114    0.0000    0.0000       1       1       1       1       NaN       NaN 104
KCO       40.2567 -124.2660    0.0000    0.0000       0       1       0       1       NaN       NaN 104
B045      40.4360 -123.9965    0.0000    0.0000       1       1       1       1       NaN       NaN 104
B046      40.3220 -124.2843    0.0000    0.0000       0       1       0       1       NaN       NaN 104
B932      40.2750 -124.2212    0.0000    0.0000       1       1       1       1       NaN       NaN 104
KMPB      40.4172 -124.1208    0.0000    0.0000       0       0       1       0    0.0000    0.0001 105
B046      40.3220 -124.2843    0.0000    0.0000       1       0       1       1    0.0000    0.0000 105
B047      40.2499 -124.1699    0.0000    0.0000       1       1       1       1    0.0000    0.0000 105
B932      40.2750 -124.2212    0.0000    0.0000       1       0       1       1    0.0000    0.0000 105
