BJES      40.5436 -123.8800    0.0000    0.0000       0      20       1      26    0.0125    0.0515   1
JCC       40.8175 -124.0295    0.0000    0.0000     121     523     184     444    0.0083    0.0283   1
PETL      40.2884 -124.3426    0.0000    0.0000       0      28      27      58    0.0137    0.0389   1
RBOW      40.3347 -124.1114    0.0000    0.0000     190     259     818     641    0.0142    0.0369   1
89101     40.3250 -124.2877    0.0000    0.0000      16      75      42      96    0.0129    0.0388   1
89255     40.5922 -124.1463    0.0000    0.0000      14      90     108     294    0.0106    0.0495   1
89462     40.5036 -124.1010    0.0000    0.0000       3       7      32      35    0.0035    0.0435   1
89486     40.5840 -124.1450    0.0000    0.0000       0       0       1       0    0.0000    0.0030   1
89781     40.7834 -124.1435    0.0000    0.0000       3       6      36      26    0.0068    0.0341   1
KCO       40.2567 -124.2660    0.0000    0.0000      38      48     275     202    0.0133    0.0381   1
KMPB      40.4172 -124.1208    0.0000    0.0000    1816    1413    2906    2713    0.0102    0.0364   1
KPR       40.2196 -124.0573    0.0000    0.0000      47      27      94      44    0.0110    0.0293   1
1023      40.5761 -124.2637    0.0000    0.0000       5      26      40      61    0.0073    0.0461   1
1580      40.8777 -124.0774    0.0000    0.0000       3       9       7       7    0.0146    0.0242   1
1581      40.7350 -124.2076    0.0000    0.0000       0       5       5       4    0.0087    0.0189   1
1582      40.6990 -124.2010    0.0000    0.0000       2      45      53      94    0.0115    0.0393   1
1586      40.6442 -124.2207    0.0000    0.0000      17      40     317     273    0.0143    0.0436   1
B045      40.4360 -123.9965    0.0000    0.0000    1841    1210    2440    2130    0.0089    0.0394   1
B046      40.3220 -124.2843    0.0000    0.0000    2302    1773    3613    2814    0.0090    0.0351   1
B047      40.2499 -124.1699    0.0000    0.0000     806     658    2011    1720    0.0125    0.0335   1
B932      40.2750 -124.2212    0.0000    0.0000    2727    1723    3116    3494    0.0098    0.0322   1
KMPB      40.4172 -124.1208    0.0000    0.0000   17067  133219    1119    6837    0.0079    0.0093   2
B045      40.4360 -123.9965    0.0000    0.0000   28181   83150    1475    4536    0.0104    0.0109   2
B046      40.3220 -124.2843    0.0000    0.0000   74904   93604    4369    5178    0.0092    0.0108   2
B932      40.2750 -124.2212    0.0000    0.0000   92221  166145    4903    7547    0.0075    0.0097   2
KMPB      40.4172 -124.1208    0.0000    0.0000   13740   59546    1108    4133    0.0103    0.0110   3
B045      40.4360 -123.9965    0.0000    0.0000   23281   45119    1992    3478    0.0115    0.0110   3
B046      40.3220 -124.2843    0.0000    0.0000   63253   42839    4841    3141    0.0098    0.0096   3
B932      40.2750 -124.2212    0.0000    0.0000   47976    9846    3999    1170    0.0100    0.0133   3
JCC       40.8175 -124.0295    0.0000    0.0000   18101   41064    2009    3491    0.0059    0.0120   4
RBOW      40.3347 -124.1114    0.0000    0.0000       5    4429       1     649    0.0139    0.0095   4
89255     40.5922 -124.1463    0.0000    0.0000      95      14      26       3    0.0122    0.0061   4
1023      40.5761 -124.2637    0.0000    0.0000       5      35       4       5    0.0212    0.0080   4
1586      40.6442 -124.2207    0.0000    0.0000     136      14      34       4    0.0127    0.0089   4
B045      40.4360 -123.9965    0.0000    0.0000     307     697      50     120    0.0180    0.0127   4
B046      40.3220 -124.2843    0.0000    0.0000     477   29794      84    2877    0.0068    0.0125   4
B047      40.2499 -124.1699    0.0000    0.0000     350   28803      63    2931    0.0084    0.0104   4
B932      40.2750 -124.2212    0.0000    0.0000      72   30671      13    3476    0.0104    0.0097   4
BJES      40.5436 -123.8800    0.0000    0.0000       0      86       0      22    0.0197    0.0105   5
JCC       40.8175 -124.0295    0.0000    0.0000       1       3       0       1    0.0079    0.0043   5
PETL      40.2884 -124.3426    0.0000    0.0000       0    2897       0     771    0.0130    0.0097   5
RBOW      40.3347 -124.1114    0.0000    0.0000    1593    2665     506     685    0.0118    0.0081   5
89101     40.3250 -124.2877    0.0000    0.0000      16     339      13     105    0.0107    0.0068   5
89255     40.5922 -124.1463    0.0000    0.0000     107     207      42      66    0.0153    0.0098   5
89462     40.5036 -124.1010    0.0000    0.0000      64      47      11      14    0.0142    0.0076   5
89781     40.7834 -124.1435    0.0000    0.0000       0       3       0       1    0.0123    0.0002   5
KCO       40.2567 -124.2660    0.0000    0.0000    1023    1036     303     389    0.0144    0.0105   5
KMPB      40.4172 -124.1208    0.0000    0.0000    6192    7115    1569    1626    0.0100    0.0105   5
KPR       40.2196 -124.0573    0.0000    0.0000    1765    6271     548    1465    0.0121    0.0122   5
1023      40.5761 -124.2637    0.0000    0.0000      33     481      13     216    0.0142    0.0179   5
1580      40.8777 -124.0774    0.0000    0.0000       0      10       0       3    0.0170    0.0070   5
1581      40.7350 -124.2076    0.0000    0.0000       0       3       0       1    0.0119    0.0060   5
1582      40.6990 -124.2010    0.0000    0.0000       4      20       0       5    0.0160    0.0066   5
1586      40.6442 -124.2207    0.0000    0.0000     165     603      54     208    0.0166    0.0123   5
B045      40.4360 -123.9965    0.0000    0.0000    3299    5333     968    1137    0.0103    0.0108   5
B046      40.3220 -124.2843    0.0000    0.0000     706    4719     184    1201    0.0093    0.0115   5
B047      40.2499 -124.1699    0.0000    0.0000    6612    9335    1772    1968    0.0087    0.0090   5
B932      40.2750 -124.2212    0.0000    0.0000    2229   10540     599    2285    0.0105    0.0078   5
JCC       40.8175 -124.0295    0.0000    0.0000       1   27672       0    2689    0.0061    0.0151   6
RBOW      40.3347 -124.1114    0.0000    0.0000    1061    3891      97     693    0.0157    0.0089   6
89101     40.3250 -124.2877    0.0000    0.0000      36    6934      11    1023    0.0079    0.0114   6
89255     40.5922 -124.1463    0.0000    0.0000       3     553       0      86    0.0148    0.0161   6
KCO       40.2567 -124.2660    0.0000    0.0000     350    4317      37     619    0.0139    0.0088   6
KPR       40.2196 -124.0573    0.0000    0.0000     517   13209      63    1656    0.0107    0.0111   6
1586      40.6442 -124.2207    0.0000    0.0000       0     173       1      26    0.0183    0.0110   6
B045      40.4360 -123.9965    0.0000    0.0000     343    1043      33     197    0.0174    0.0099   6
B047      40.2499 -124.1699    0.0000    0.0000    6878   23844     876    2356    0.0086    0.0099   6
B932      40.2750 -124.2212    0.0000    0.0000    6193   31985     785    2963    0.0079    0.0094   6
JCC       40.8175 -124.0295    0.0000    0.0000    8576   14451     994    2125    0.0134    0.0119   7
PETL      40.2884 -124.3426    0.0000    0.0000       0    2314       0     236    0.0138    0.0138   7
RBOW      40.3347 -124.1114    0.0000    0.0000     682    9114      82    1055    0.0143    0.0070   7
89101     40.3250 -124.2877    0.0000    0.0000      78     845      13     123    0.0182    0.0115   7
89255     40.5922 -124.1463    0.0000    0.0000       0    1381       0     258    0.0219    0.0144   7
KCO       40.2567 -124.2660    0.0000    0.0000     396     796      45      69    0.0158    0.0090   7
KMPB      40.4172 -124.1208    0.0000    0.0000   12394   28801    1411    3210    0.0100    0.0071   7
KPR       40.2196 -124.0573    0.0000    0.0000      36    5031       7     707    0.0140    0.0127   7
1580      40.8777 -124.0774    0.0000    0.0000       0       1       0       1    0.0156    0.0156   7
1582      40.6990 -124.2010    0.0000    0.0000      21     102       5      17    0.0161    0.0074   7
1586      40.6442 -124.2207    0.0000    0.0000     911     719     121      63    0.0201    0.0139   7
B045      40.4360 -123.9965    0.0000    0.0000    4808   13511     537    1706    0.0123    0.0095   7
B046      40.3220 -124.2843    0.0000    0.0000   22848   28463    2640    3135    0.0103    0.0103   7
B047      40.2499 -124.1699    0.0000    0.0000    2330   12720     283    1526    0.0115    0.0098   7
B932      40.2750 -124.2212    0.0000    0.0000   14013   30854    1609    3403    0.0107    0.0088   7
JCC       40.8175 -124.0295    0.0000    0.0000       5      11       3       2    0.0154    0.0045   8
PETL      40.2884 -124.3426    0.0000    0.0000       0    6289       1    1907    0.0075    0.0106   8
RBOW      40.3347 -124.1114    0.0000    0.0000     757    2106     321     757    0.0114    0.0086   8
89101     40.3250 -124.2877    0.0000    0.0000       2    3387       1     950    0.0076    0.0089   8
89255     40.5922 -124.1463    0.0000    0.0000       9      88       5      32    0.0173    0.0134   8
89462     40.5036 -124.1010    0.0000    0.0000       3       1       1       0    0.0208    0.0097   8
KCO       40.2567 -124.2660    0.0000    0.0000     141    2262      54     952    0.0128    0.0081   8
KMPB      40.4172 -124.1208    0.0000    0.0000    1198    1568     589     388    0.0091    0.0089   8
KPR       40.2196 -124.0573    0.0000    0.0000     205    3544      59    1459    0.0112    0.0096   8
1023      40.5761 -124.2637    0.0000    0.0000       0     165       0      74    0.0172    0.0104   8
1581      40.7350 -124.2076    0.0000    0.0000       0       4       0       2    0.0162    0.0083   8
1582      40.6990 -124.2010    0.0000    0.0000       0     141       0      77    0.0140    0.0098   8
1586      40.6442 -124.2207    0.0000    0.0000       0      27       0      16    0.0214    0.0073   8
B045      40.4360 -123.9965    0.0000    0.0000     523    1387     121     449    0.0104    0.0129   8
B046      40.3220 -124.2843    0.0000    0.0000      26    1662      18     651    0.0105    0.0088   8
B047      40.2499 -124.1699    0.0000    0.0000     342     643     166     285    0.0111    0.0141   8
B932      40.2750 -124.2212    0.0000    0.0000     116    5919     102    1649    0.0096    0.0084   8
JCC       40.8175 -124.0295    0.0000    0.0000      52      20      37      23    0.0147    0.0157   9
PETL      40.2884 -124.3426    0.0000    0.0000       0      69       0      64    0.0097    0.0140   9
RBOW      40.3347 -124.1114    0.0000    0.0000     395     228     294     190    0.0117    0.0113   9
89101     40.3250 -124.2877    0.0000    0.0000       2      60       3      25    0.0139    0.0107   9
89255     40.5922 -124.1463    0.0000    0.0000       0       1       0       1    0.0013    0.0013   9
KCO       40.2567 -124.2660    0.0000    0.0000       6      17       8       8    0.0212    0.0165   9
KMPB      40.4172 -124.1208    0.0000    0.0000     580     613     385     364    0.0090    0.0107   9
KPR       40.2196 -124.0573    0.0000    0.0000      11       7      20       6    0.0111    0.0195   9
1581      40.7350 -124.2076    0.0000    0.0000       0       1       0       1    0.0064    0.0064   9
1582      40.6990 -124.2010    0.0000    0.0000       1       3       1       1    0.0098    0.0393   9
1586      40.6442 -124.2207    0.0000    0.0000       1       4       1       4    0.0225    0.0209   9
B045      40.4360 -123.9965    0.0000    0.0000     268     954     259     556    0.0109    0.0137   9
B046      40.3220 -124.2843    0.0000    0.0000     147     300     292     172    0.0130    0.0138   9
B047      40.2499 -124.1699    0.0000    0.0000     240     396     287     255    0.0128    0.0149   9
B932      40.2750 -124.2212    0.0000    0.0000     271     740     408     431    0.0122    0.0148   9
RBOW      40.3347 -124.1114    0.0000    0.0000   14569    9963    2107    1595    0.0098    0.0090  10
89255     40.5922 -124.1463    0.0000    0.0000       0     485       0      57    0.0120    0.0139  10
KCO       40.2567 -124.2660    0.0000    0.0000      27    4775       1     747    0.0162    0.0108  10
KMPB      40.4172 -124.1208    0.0000    0.0000    4406   11675     650    1849    0.0132    0.0114  10
KPR       40.2196 -124.0573    0.0000    0.0000     104    9920       9    1622    0.0117    0.0146  10
1023      40.5761 -124.2637    0.0000    0.0000       4     327       0      55    0.0179    0.0148  10
1581      40.7350 -124.2076    0.0000    0.0000       0       1       0       0    0.0243    0.0000  10
1582      40.6990 -124.2010    0.0000    0.0000      47    1552       8     207    0.0196    0.0193  10
1586      40.6442 -124.2207    0.0000    0.0000     229     301      24      43    0.0155    0.0123  10
B045      40.4360 -123.9965    0.0000    0.0000    4374   14000     642    2040    0.0115    0.0117  10
B046      40.3220 -124.2843    0.0000    0.0000    3090   15724     520    2353    0.0108    0.0104  10
B932      40.2750 -124.2212    0.0000    0.0000     122   17745      18    2555    0.0117    0.0090  10
PETL      40.2884 -124.3426    0.0000    0.0000       0   10078       0    1604    0.0121    0.0114  11
KCO       40.2567 -124.2660    0.0000    0.0000     541     266      86      99    0.0175    0.0152  11
KMPB      40.4172 -124.1208    0.0000    0.0000     784   16970     152    2586    0.0066    0.0098  11
1586      40.6442 -124.2207    0.0000    0.0000       0     959       0     172    0.0176    0.0191  11
B046      40.3220 -124.2843    0.0000    0.0000   14333   17101    2301    2528    0.0073    0.0111  11
B932      40.2750 -124.2212    0.0000    0.0000   13628    2894    2187     648    0.0096    0.0148  11
JCC       40.8175 -124.0295    0.0000    0.0000       8       4       0       0    0.0298    0.0000  12
PETL      40.2884 -124.3426    0.0000    0.0000       0    2426       0     608    0.0081    0.0120  12
RBOW      40.3347 -124.1114    0.0000    0.0000      12      20       9       6    0.0209    0.0113  12
KCO       40.2567 -124.2660    0.0000    0.0000       0     446       0     351    0.0169    0.0165  12
KPR       40.2196 -124.0573    0.0000    0.0000       1    4278       1    1369    0.0155    0.0144  12
1023      40.5761 -124.2637    0.0000    0.0000      33       1      16       0    0.0190    0.0104  12
1586      40.6442 -124.2207    0.0000    0.0000     575       5     168       1    0.0102    0.0132  12
B045      40.4360 -123.9965    0.0000    0.0000    4643    9317    1010    1613    0.0090    0.0104  12
B046      40.3220 -124.2843    0.0000    0.0000       0    1612       0     585    0.0187    0.0151  12
B047      40.2499 -124.1699    0.0000    0.0000    3844    5109     925    1185    0.0149    0.0141  12
B932      40.2750 -124.2212    0.0000    0.0000       9     380       3     216    0.0174    0.0114  12
RBOW      40.3347 -124.1114    0.0000    0.0000    1538    2115     490     646    0.0139    0.0123  13
89255     40.5922 -124.1463    0.0000    0.0000       1       0       2       1    0.0260    0.0167  13
KCO       40.2567 -124.2660    0.0000    0.0000      50    1427      21     474    0.0118    0.0110  13
KMPB      40.4172 -124.1208    0.0000    0.0000    3274    1230     795     867    0.0130    0.0177  13
KPR       40.2196 -124.0573    0.0000    0.0000      11    4138       8    1061    0.0112    0.0094  13
B045      40.4360 -123.9965    0.0000    0.0000    1090     196     311     117    0.0124    0.0136  13
B046      40.3220 -124.2843    0.0000    0.0000    1041    4347     353    1042    0.0085    0.0110  13
B047      40.2499 -124.1699    0.0000    0.0000    1606    6764     462    1442    0.0101    0.0089  13
89101     40.3250 -124.2877    0.0000    0.0000       0    1549       0     497    0.0067    0.0100  14
KCO       40.2567 -124.2660    0.0000    0.0000     762     985     302     379    0.0122    0.0135  14
KMPB      40.4172 -124.1208    0.0000    0.0000    3166     689     886     315    0.0121    0.0110  14
B045      40.4360 -123.9965    0.0000    0.0000    5179    7220    1205    1573    0.0098    0.0108  14
B047      40.2499 -124.1699    0.0000    0.0000    6323    3730    1451    1107    0.0100    0.0129  14
JCC       40.8175 -124.0295    0.0000    0.0000      33    4039      11     826    0.0064    0.0106  15
PETL      40.2884 -124.3426    0.0000    0.0000       0    1265       0     350    0.0080    0.0110  15
RBOW      40.3347 -124.1114    0.0000    0.0000     254     154     125      71    0.0107    0.0085  15
89101     40.3250 -124.2877    0.0000    0.0000       6     216       0      35    0.0122    0.0106  15
89255     40.5922 -124.1463    0.0000    0.0000      41      41      24      13    0.0118    0.0066  15
89462     40.5036 -124.1010    0.0000    0.0000       2       0       3       0    0.0167    0.0196  15
KCO       40.2567 -124.2660    0.0000    0.0000      64     140      23      53    0.0130    0.0061  15
KMPB      40.4172 -124.1208    0.0000    0.0000      41       3      12       0    0.0099    0.0121  15
KPR       40.2196 -124.0573    0.0000    0.0000      74     258      38     114    0.0149    0.0106  15
1023      40.5761 -124.2637    0.0000    0.0000       1     197       3      63    0.0113    0.0066  15
1580      40.8777 -124.0774    0.0000    0.0000       0      10       0      12    0.0154    0.0041  15
1581      40.7350 -124.2076    0.0000    0.0000       0      87       0      47    0.0125    0.0086  15
1582      40.6990 -124.2010    0.0000    0.0000       0     436       0     147    0.0164    0.0093  15
1586      40.6442 -124.2207    0.0000    0.0000       0     102       1      51    0.0153    0.0076  15
B045      40.4360 -123.9965    0.0000    0.0000     241     273      93      47    0.0117    0.0084  15
B046      40.3220 -124.2843    0.0000    0.0000     317    1109     112     374    0.0108    0.0093  15
B047      40.2499 -124.1699    0.0000    0.0000     728    2245     297     605    0.0079    0.0094  15
B932      40.2750 -124.2212    0.0000    0.0000       8    2973       7     861    0.0094    0.0095  15
RBOW      40.3347 -124.1114    0.0000    0.0000     741    1795     262     704    0.0185    0.0164  16
89255     40.5922 -124.1463    0.0000    0.0000       8     307       3     110    0.0150    0.0113  16
89462     40.5036 -124.1010    0.0000    0.0000       1      28       2      14    0.0154    0.0140  16
KCO       40.2567 -124.2660    0.0000    0.0000      66    1201      31     541    0.0123    0.0097  16
KMPB      40.4172 -124.1208    0.0000    0.0000    1020    1407     351     643    0.0161    0.0152  16
1582      40.6990 -124.2010    0.0000    0.0000       0     635       0     242    0.0123    0.0113  16
1586      40.6442 -124.2207    0.0000    0.0000       3     133       3      57    0.0145    0.0127  16
B045      40.4360 -123.9965    0.0000    0.0000      43     256      14     136    0.0225    0.0152  16
B046      40.3220 -124.2843    0.0000    0.0000    1154    4399     418    1086    0.0087    0.0121  16
B047      40.2499 -124.1699    0.0000    0.0000     529    6066     236    1369    0.0099    0.0079  16
B932      40.2750 -124.2212    0.0000    0.0000     152    8680      65    1767    0.0095    0.0071  16
RBOW      40.3347 -124.1114    0.0000    0.0000      49    1658      21     500    0.0089    0.0079  17
1586      40.6442 -124.2207    0.0000    0.0000     298     484     126     179    0.0113    0.0135  17
B046      40.3220 -124.2843    0.0000    0.0000    1513    1794     529     667    0.0133    0.0112  17
B047      40.2499 -124.1699    0.0000    0.0000    2593    5110     789    1265    0.0094    0.0077  17
B932      40.2750 -124.2212    0.0000    0.0000    6080    5659    1397    1295    0.0085    0.0092  17
JCC       40.8175 -124.0295    0.0000    0.0000    3534    5106     966    1191    0.0069    0.0110  18
RBOW      40.3347 -124.1114    0.0000    0.0000      15     622       4     247    0.0117    0.0086  18
89101     40.3250 -124.2877    0.0000    0.0000       6    1969       1     588    0.0077    0.0099  18
89255     40.5922 -124.1463    0.0000    0.0000     188      50      88      31    0.0112    0.0079  18
89781     40.7834 -124.1435    0.0000    0.0000       0      45       0      30    0.0073    0.0096  18
KCO       40.2567 -124.2660    0.0000    0.0000       0     336       0     159    0.0135    0.0105  18
KPR       40.2196 -124.0573    0.0000    0.0000     225     853     104     365    0.0111    0.0100  18
1023      40.5761 -124.2637    0.0000    0.0000      14      12       6       3    0.0202    0.0083  18
1580      40.8777 -124.0774    0.0000    0.0000       0     206       0     110    0.0153    0.0091  18
1581      40.7350 -124.2076    0.0000    0.0000       1      39       1      44    0.0152    0.0068  18
1582      40.6990 -124.2010    0.0000    0.0000      21     349       4     162    0.0151    0.0081  18
1586      40.6442 -124.2207    0.0000    0.0000     145     340      63     173    0.0129    0.0097  18
B047      40.2499 -124.1699    0.0000    0.0000     250    1102     104     408    0.0102    0.0104  18
B932      40.2750 -124.2212    0.0000    0.0000      90    2026      37     714    0.0095    0.0086  18
KCO       40.2567 -124.2660    0.0000    0.0000       0     280       0     173    0.0172    0.0098  19
B045      40.4360 -123.9965    0.0000    0.0000       0    3192       0     537    0.0072    0.0145  19
B046      40.3220 -124.2843    0.0000    0.0000      35    3974      22     809    0.0069    0.0094  19
B047      40.2499 -124.1699    0.0000    0.0000      97    3260      24     801    0.0088    0.0071  19
B932      40.2750 -124.2212    0.0000    0.0000      84    5257      40    1018    0.0086    0.0047  19
RBOW      40.3347 -124.1114    0.0000    0.0000       0     246       0     104    0.0132    0.0101  20
KCO       40.2567 -124.2660    0.0000    0.0000    2379     363     787      67    0.0081    0.0096  20
KMPB      40.4172 -124.1208    0.0000    0.0000      40     536      16     176    0.0184    0.0158  20
KPR       40.2196 -124.0573    0.0000    0.0000      11    2952       1     625    0.0084    0.0094  20
B045      40.4360 -123.9965    0.0000    0.0000     369    3072     143     554    0.0092    0.0118  20
B046      40.3220 -124.2843    0.0000    0.0000      34    2041      20     510    0.0078    0.0110  20
B047      40.2499 -124.1699    0.0000    0.0000     798     499     144     201    0.0132    0.0086  20
B932      40.2750 -124.2212    0.0000    0.0000     118     223      48      11    0.0119    0.0078  20
RBOW      40.3347 -124.1114    0.0000    0.0000    1337     871     448     176    0.0140    0.0059  21
KMPB      40.4172 -124.1208    0.0000    0.0000    2486     267     777      76    0.0097    0.0064  21
KPR       40.2196 -124.0573    0.0000    0.0000    2621     334     662     104    0.0097    0.0090  21
B045      40.4360 -123.9965    0.0000    0.0000     464    3739     130     896    0.0090    0.0104  21
B046      40.3220 -124.2843    0.0000    0.0000    3728     190     959      58    0.0075    0.0082  21
B047      40.2499 -124.1699    0.0000    0.0000    2208    2059     543     602    0.0112    0.0085  21
B932      40.2750 -124.2212    0.0000    0.0000       1       1       0       0    0.0086    0.0000  21
JCC       40.8175 -124.0295    0.0000    0.0000       2    1778       3     676    0.0091    0.0107  22
PETL      40.2884 -124.3426    0.0000    0.0000       0     918       0     347    0.0102    0.0128  22
RBOW      40.3347 -124.1114    0.0000    0.0000     763     292     273     182    0.0123    0.0099  22
89101     40.3250 -124.2877    0.0000    0.0000      29     267      14     105    0.0124    0.0101  22
89255     40.5922 -124.1463    0.0000    0.0000       2     151       3     111    0.0155    0.0062  22
KCO       40.2567 -124.2660    0.0000    0.0000       1     412       1     260    0.0133    0.0078  22
KPR       40.2196 -124.0573    0.0000    0.0000       3     512       0     308    0.0138    0.0113  22
1023      40.5761 -124.2637    0.0000    0.0000       0     861       0     347    0.0108    0.0114  22
1580      40.8777 -124.0774    0.0000    0.0000       0      26       1      21    0.0146    0.0062  22
1582      40.6990 -124.2010    0.0000    0.0000       0     377       0     223    0.0131    0.0080  22
1586      40.6442 -124.2207    0.0000    0.0000       0     373       0     224    0.0120    0.0074  22
B045      40.4360 -123.9965    0.0000    0.0000     363     358     142     140    0.0129    0.0091  22
B046      40.3220 -124.2843    0.0000    0.0000       5       8       1       2    0.0133    0.0249  22
B047      40.2499 -124.1699    0.0000    0.0000     352    1053     152     368    0.0104    0.0075  22
B932      40.2750 -124.2212    0.0000    0.0000     900    1671     360     566    0.0117    0.0071  22
KMPB      40.4172 -124.1208    0.0000    0.0000    1334    3732     520    1038    0.0092    0.0101  23
B045      40.4360 -123.9965    0.0000    0.0000    3034    2487     937     940    0.0142    0.0130  23
B046      40.3220 -124.2843    0.0000    0.0000     337     692     128     270    0.0149    0.0104  23
B932      40.2750 -124.2212    0.0000    0.0000      21    2776       6     835    0.0065    0.0109  23
PETL      40.2884 -124.3426    0.0000    0.0000       0    1533       0     606    0.0084    0.0076  24
RBOW      40.3347 -124.1114    0.0000    0.0000     101     145      43      50    0.0142    0.0069  24
89101     40.3250 -124.2877    0.0000    0.0000      35     712       8     351    0.0139    0.0069  24
KCO       40.2567 -124.2660    0.0000    0.0000      21      21       9      10    0.0109    0.0098  24
KMPB      40.4172 -124.1208    0.0000    0.0000     286     746     126     327    0.0107    0.0101  24
B045      40.4360 -123.9965    0.0000    0.0000       0     413       0     156    0.0147    0.0098  24
B046      40.3220 -124.2843    0.0000    0.0000     342    1018     133     441    0.0087    0.0078  24
B047      40.2499 -124.1699    0.0000    0.0000     556    1329     274     377    0.0130    0.0092  24
B932      40.2750 -124.2212    0.0000    0.0000    1088    2371     501     631    0.0088    0.0075  24
BJES      40.5436 -123.8800    0.0000    0.0000       0       6       0       6    0.0144    0.0025  25
JCC       40.8175 -124.0295    0.0000    0.0000       1      23       1      20    0.0065    0.0115  25
PETL      40.2884 -124.3426    0.0000    0.0000       0      61       0      58    0.0128    0.0066  25
RBOW      40.3347 -124.1114    0.0000    0.0000      59     204      33     129    0.0138    0.0066  25
89101     40.3250 -124.2877    0.0000    0.0000       1      25       1      21    0.0137    0.0066  25
89255     40.5922 -124.1463    0.0000    0.0000       1       2       1       2    0.0089    0.0071  25
89781     40.7834 -124.1435    0.0000    0.0000       0       1       0       1    0.0027    0.0027  25
KCO       40.2567 -124.2660    0.0000    0.0000      58      80      44      58    0.0178    0.0064  25
KMPB      40.4172 -124.1208    0.0000    0.0000     146     378      95     242    0.0109    0.0093  25
KPR       40.2196 -124.0573    0.0000    0.0000      25     287      22     155    0.0148    0.0067  25
1023      40.5761 -124.2637    0.0000    0.0000       1      12       1      13    0.0176    0.0081  25
1582      40.6990 -124.2010    0.0000    0.0000       3      12       4      13    0.0123    0.0098  25
1586      40.6442 -124.2207    0.0000    0.0000       2       4       2       4    0.0117    0.0100  25
B045      40.4360 -123.9965    0.0000    0.0000     174     154     152     140    0.0135    0.0070  25
B046      40.3220 -124.2843    0.0000    0.0000      48     138      36      69    0.0168    0.0080  25
B047      40.2499 -124.1699    0.0000    0.0000     295     362     195     208    0.0137    0.0095  25
B932      40.2750 -124.2212    0.0000    0.0000      96     511      87     286    0.0133    0.0079  25
JCC       40.8175 -124.0295    0.0000    0.0000     598    2541     266     834    0.0071    0.0110  26
RBOW      40.3347 -124.1114    0.0000    0.0000      75     178      45     171    0.0135    0.0066  26
89101     40.3250 -124.2877    0.0000    0.0000       1     109       1      74    0.0126    0.0124  26
89255     40.5922 -124.1463    0.0000    0.0000       0       3       0       4    0.0307    0.0083  26
KCO       40.2567 -124.2660    0.0000    0.0000      17      48       7      38    0.0127    0.0048  26
KPR       40.2196 -124.0573    0.0000    0.0000      72     374      34     217    0.0125    0.0086  26
1582      40.6990 -124.2010    0.0000    0.0000       0      68       0      48    0.0183    0.0105  26
1586      40.6442 -124.2207    0.0000    0.0000       0       6       0       4    0.0162    0.0125  26
B045      40.4360 -123.9965    0.0000    0.0000      12       0       5       0    0.0200    0.0076  26
B046      40.3220 -124.2843    0.0000    0.0000     263    1303     123     535    0.0096    0.0108  26
B047      40.2499 -124.1699    0.0000    0.0000     496    1974     234     705    0.0071    0.0078  26
B932      40.2750 -124.2212    0.0000    0.0000     439    2422     214     826    0.0085    0.0069  26
JCC       40.8175 -124.0295    0.0000    0.0000    1294    1714     284     299    0.0103    0.0088  27
PETL      40.2884 -124.3426    0.0000    0.0000       0     488       0     103    0.0121    0.0103  27
RBOW      40.3347 -124.1114    0.0000    0.0000     104     751      18     199    0.0135    0.0077  27
KCO       40.2567 -124.2660    0.0000    0.0000      63     203      14      33    0.0157    0.0049  27
1023      40.5761 -124.2637    0.0000    0.0000       6      22       0       6    0.0219    0.0183  27
1586      40.6442 -124.2207    0.0000    0.0000     187      11      40       3    0.0095    0.0086  27
B045      40.4360 -123.9965    0.0000    0.0000     729    1674     186     306    0.0094    0.0095  27
B047      40.2499 -124.1699    0.0000    0.0000     522     705     102      94    0.0123    0.0073  27
B932      40.2750 -124.2212    0.0000    0.0000    1992    2628     327     377    0.0111    0.0078  27
PETL      40.2884 -124.3426    0.0000    0.0000       0      98       0      21    0.0135    0.0173  28
KCO       40.2567 -124.2660    0.0000    0.0000     403     498     195     128    0.0087    0.0078  28
B045      40.4360 -123.9965    0.0000    0.0000     211    1552     105     214    0.0075    0.0096  28
B047      40.2499 -124.1699    0.0000    0.0000    1386    1604     309     322    0.0122    0.0088  28
B932      40.2750 -124.2212    0.0000    0.0000      26     189      16      93    0.0176    0.0084  28
RBOW      40.3347 -124.1114    0.0000    0.0000       0     124       0      82    0.0106    0.0075  29
89101     40.3250 -124.2877    0.0000    0.0000       1    1649       0     565    0.0101    0.0063  29
KCO       40.2567 -124.2660    0.0000    0.0000     165     596      77     334    0.0142    0.0083  29
KMPB      40.4172 -124.1208    0.0000    0.0000       3    1313       0     503    0.0095    0.0088  29
KPR       40.2196 -124.0573    0.0000    0.0000       2     506       0     219    0.0146    0.0111  29
1586      40.6442 -124.2207    0.0000    0.0000       0     127       0      26    0.0202    0.0126  29
B046      40.3220 -124.2843    0.0000    0.0000       5    1415       0     504    0.0110    0.0064  29
B047      40.2499 -124.1699    0.0000    0.0000     447     724     205     294    0.0113    0.0092  29
B932      40.2750 -124.2212    0.0000    0.0000       1    2211       0     722    0.0091    0.0078  29
RBOW      40.3347 -124.1114    0.0000    0.0000     442     324     242     200    0.0123    0.0100  30
1586      40.6442 -124.2207    0.0000    0.0000       1     117       1      90    0.0137    0.0189  30
B045      40.4360 -123.9965    0.0000    0.0000     225     249     142     145    0.0112    0.0091  30
B046      40.3220 -124.2843    0.0000    0.0000       1     722       0     285    0.0121    0.0105  30
B047      40.2499 -124.1699    0.0000    0.0000     222    1303     155     425    0.0107    0.0075  30
B932      40.2750 -124.2212    0.0000    0.0000     268    1990     168     559    0.0101    0.0064  30
RBOW      40.3347 -124.1114    0.0000    0.0000      13     203       7     103    0.0192    0.0086  31
KCO       40.2567 -124.2660    0.0000    0.0000     273      18     122      17    0.0104    0.0058  31
B045      40.4360 -123.9965    0.0000    0.0000     478     242     165     155    0.0125    0.0161  31
B046      40.3220 -124.2843    0.0000    0.0000     325      98     141      55    0.0140    0.0098  31
B047      40.2499 -124.1699    0.0000    0.0000     296     316     130     148    0.0116    0.0069  31
B932      40.2750 -124.2212    0.0000    0.0000      27     314      15     187    0.0209    0.0083  31
KMPB      40.4172 -124.1208    0.0000    0.0000     335     482     189     389    0.0145    0.0118  32
B046      40.3220 -124.2843    0.0000    0.0000     216     512     133     315    0.0135    0.0069  32
B047      40.2499 -124.1699    0.0000    0.0000       2     499       3     355    0.0145    0.0069  32
B932      40.2750 -124.2212    0.0000    0.0000      76    1256      63     444    0.0099    0.0065  32
RBOW      40.3347 -124.1114    0.0000    0.0000     163     371     106     251    0.0101    0.0044  33
B045      40.4360 -123.9965    0.0000    0.0000      44     173      11      29    0.0101    0.0079  33
B046      40.3220 -124.2843    0.0000    0.0000       1     896       0     241    0.0075    0.0065  33
B047      40.2499 -124.1699    0.0000    0.0000       8    1032       5     234    0.0086    0.0054  33
B932      40.2750 -124.2212    0.0000    0.0000      14    1070       3     239    0.0118    0.0049  33
JCC       40.8175 -124.0295    0.0000    0.0000     659    1064     267     296    0.0100    0.0089  34
B045      40.4360 -123.9965    0.0000    0.0000       5     858       2     262    0.0072    0.0056  34
B046      40.3220 -124.2843    0.0000    0.0000     397      10     133       6    0.0077    0.0091  34
B047      40.2499 -124.1699    0.0000    0.0000     341     619     156     229    0.0111    0.0069  34
B932      40.2750 -124.2212    0.0000    0.0000      55      98      28      65    0.0115    0.0073  34
RBOW      40.3347 -124.1114    0.0000    0.0000       4      18       1       8    0.0231    0.0075  35
89462     40.5036 -124.1010    0.0000    0.0000       0       1       0       0    0.0225    0.0000  35
KMPB      40.4172 -124.1208    0.0000    0.0000      11      59       5      19    0.0166    0.0157  35
KPR       40.2196 -124.0573    0.0000    0.0000       0      26       0      35    0.0134    0.0087  35
1023      40.5761 -124.2637    0.0000    0.0000       3       0       0       0    0.0049    0.0000  35
1586      40.6442 -124.2207    0.0000    0.0000      13       0       4       0    0.0238    0.0077  35
B045      40.4360 -123.9965    0.0000    0.0000      39     126      39      99    0.0107    0.0108  35
B046      40.3220 -124.2843    0.0000    0.0000      31     198      28     144    0.0156    0.0093  35
B047      40.2499 -124.1699    0.0000    0.0000      15     213      14     152    0.0123    0.0086  35
B932      40.2750 -124.2212    0.0000    0.0000     101     235      74     163    0.0123    0.0068  35
PETL      40.2884 -124.3426    0.0000    0.0000       0     150       0      70    0.0157    0.0067  36
RBOW      40.3347 -124.1114    0.0000    0.0000       6      66       6      37    0.0147    0.0053  36
89101     40.3250 -124.2877    0.0000    0.0000       2     289       1     152    0.0142    0.0118  36
KCO       40.2567 -124.2660    0.0000    0.0000       2     311       3     211    0.0119    0.0082  36
1586      40.6442 -124.2207    0.0000    0.0000       1     224       1      35    0.0085    0.0106  36
B046      40.3220 -124.2843    0.0000    0.0000      28      48      14      11    0.0152    0.0031  36
B047      40.2499 -124.1699    0.0000    0.0000       0     613       0     275    0.0118    0.0078  36
B932      40.2750 -124.2212    0.0000    0.0000     106    1023      75     294    0.0097    0.0070  36
PETL      40.2884 -124.3426    0.0000    0.0000       0     105       0      58    0.0095    0.0077  37
RBOW      40.3347 -124.1114    0.0000    0.0000      23     471      24     226    0.0127    0.0067  37
B045      40.4360 -123.9965    0.0000    0.0000     182     798     138     283    0.0106    0.0077  37
B046      40.3220 -124.2843    0.0000    0.0000      64     114      19      36    0.0098    0.0065  37
B047      40.2499 -124.1699    0.0000    0.0000     210     289     105     119    0.0108    0.0058  37
B932      40.2750 -124.2212    0.0000    0.0000     989     133     305      99    0.0080    0.0063  37
B045      40.4360 -123.9965    0.0000    0.0000       9     529       5     144    0.0118    0.0131  38
B046      40.3220 -124.2843    0.0000    0.0000     296     348     161     247    0.0150    0.0091  38
B047      40.2499 -124.1699    0.0000    0.0000      50     355      46     163    0.0136    0.0099  38
B932      40.2750 -124.2212    0.0000    0.0000     509     656     190     257    0.0144    0.0095  38
PETL      40.2884 -124.3426    0.0000    0.0000       0     231       0     113    0.0092    0.0097  39
RBOW      40.3347 -124.1114    0.0000    0.0000     489     550     292     308    0.0096    0.0045  39
B045      40.4360 -123.9965    0.0000    0.0000     338     935     223     458    0.0074    0.0091  39
B932      40.2750 -124.2212    0.0000    0.0000     210     946     131     451    0.0067    0.0056  39
JCC       40.8175 -124.0295    0.0000    0.0000     860     179     226      98    0.0113    0.0114  40
B045      40.4360 -123.9965    0.0000    0.0000     509     979     236     307    0.0100    0.0046  40
B932      40.2750 -124.2212    0.0000    0.0000       0     929       0     239    0.0110    0.0107  40
RBOW      40.3347 -124.1114    0.0000    0.0000      27     276      16     105    0.0110    0.0097  41
KMPB      40.4172 -124.1208    0.0000    0.0000     118      43      44      15    0.0148    0.0128  41
KPR       40.2196 -124.0573    0.0000    0.0000     131     223      97     122    0.0137    0.0092  41
B046      40.3220 -124.2843    0.0000    0.0000     114     229      65      96    0.0094    0.0070  41
B047      40.2499 -124.1699    0.0000    0.0000     249     527      78     109    0.0110    0.0065  41
B932      40.2750 -124.2212    0.0000    0.0000       0     860       0     190    0.0112    0.0052  41
KCO       40.2567 -124.2660    0.0000    0.0000       0       1       0       0    0.0080    0.0000  42
KMPB      40.4172 -124.1208    0.0000    0.0000       3     708       3     305    0.0090    0.0052  42
KPR       40.2196 -124.0573    0.0000    0.0000     276     178     191     111    0.0107    0.0073  42
B045      40.4360 -123.9965    0.0000    0.0000     287     600     204     303    0.0088    0.0073  42
B046      40.3220 -124.2843    0.0000    0.0000     348     704     235     338    0.0095    0.0087  42
B047      40.2499 -124.1699    0.0000    0.0000       1      36       1      15    0.0101    0.0029  42
B932      40.2750 -124.2212    0.0000    0.0000       1       6       0       1    0.0077    0.0004  42
89255     40.5922 -124.1463    0.0000    0.0000       0     816       1     375    0.0087    0.0139  43
B046      40.3220 -124.2843    0.0000    0.0000      69     777      50     334    0.0084    0.0150  43
B047      40.2499 -124.1699    0.0000    0.0000      43     447      33     312    0.0157    0.0147  43
B932      40.2750 -124.2212    0.0000    0.0000       1     543       0     307    0.0104    0.0113  43
JCC       40.8175 -124.0295    0.0000    0.0000       1     270       1      73    0.0108    0.0113  44
PETL      40.2884 -124.3426    0.0000    0.0000       0     104       0      66    0.0119    0.0060  44
RBOW      40.3347 -124.1114    0.0000    0.0000      28      22      17      36    0.0231    0.0051  44
89101     40.3250 -124.2877    0.0000    0.0000       0     225       0     137    0.0137    0.0042  44
89255     40.5922 -124.1463    0.0000    0.0000       0       6       0       5    0.0362    0.0133  44
KCO       40.2567 -124.2660    0.0000    0.0000       0      65       0      46    0.0163    0.0061  44
KPR       40.2196 -124.0573    0.0000    0.0000       5     174       3      96    0.0148    0.0039  44
1023      40.5761 -124.2637    0.0000    0.0000       0      44       0      29    0.0247    0.0115  44
1582      40.6990 -124.2010    0.0000    0.0000       0       8       0       1    0.0302    0.0015  44
1586      40.6442 -124.2207    0.0000    0.0000       0       5       0       3    0.0296    0.0207  44
B045      40.4360 -123.9965    0.0000    0.0000      59      35      43      42    0.0229    0.0107  44
B046      40.3220 -124.2843    0.0000    0.0000       0     402       0     160    0.0120    0.0059  44
B047      40.2499 -124.1699    0.0000    0.0000      11     406      13     185    0.0102    0.0051  44
B932      40.2750 -124.2212    0.0000    0.0000      28     580      17     282    0.0120    0.0049  44
RBOW      40.3347 -124.1114    0.0000    0.0000      14     297      18     133    0.0167    0.0081  45
89101     40.3250 -124.2877    0.0000    0.0000       0      32       0      22    0.0126    0.0087  45
KCO       40.2567 -124.2660    0.0000    0.0000      24      88      20      78    0.0139    0.0061  45
B045      40.4360 -123.9965    0.0000    0.0000     239     366     138     148    0.0116    0.0116  45
B046      40.3220 -124.2843    0.0000    0.0000       1      60       1      27    0.0117    0.0070  45
B047      40.2499 -124.1699    0.0000    0.0000     270     257     172     155    0.0126    0.0092  45
B932      40.2750 -124.2212    0.0000    0.0000      28     594      26     186    0.0095    0.0082  45
JCC       40.8175 -124.0295    0.0000    0.0000       0      10       0       3    0.0084    0.0037  46
PETL      40.2884 -124.3426    0.0000    0.0000       0     178       0     102    0.0141    0.0057  46
RBOW      40.3347 -124.1114    0.0000    0.0000      20      40      10      29    0.0105    0.0100  46
89101     40.3250 -124.2877    0.0000    0.0000       2      91       1      47    0.0160    0.0114  46
89255     40.5922 -124.1463    0.0000    0.0000       0      36       0      29    0.0154    0.0051  46
KCO       40.2567 -124.2660    0.0000    0.0000       0       4       0       6    0.0139    0.0081  46
KPR       40.2196 -124.0573    0.0000    0.0000       0      54       0      29    0.0080    0.0150  46
1023      40.5761 -124.2637    0.0000    0.0000       0      28       0      21    0.0078    0.0045  46
1582      40.6990 -124.2010    0.0000    0.0000       0      37       0      30    0.0067    0.0056  46
1586      40.6442 -124.2207    0.0000    0.0000       0      63       0      30    0.0080    0.0054  46
B046      40.3220 -124.2843    0.0000    0.0000      88     209      60     135    0.0120    0.0083  46
B047      40.2499 -124.1699    0.0000    0.0000       6     204      10     134    0.0125    0.0100  46
B932      40.2750 -124.2212    0.0000    0.0000       0     339       0     161    0.0099    0.0077  46
PETL      40.2884 -124.3426    0.0000    0.0000       0     158       0      52    0.0131    0.0101  47
RBOW      40.3347 -124.1114    0.0000    0.0000       1      12       1       6    0.0201    0.0039  47
KCO       40.2567 -124.2660    0.0000    0.0000       2      32       3      16    0.0270    0.0133  47
B045      40.4360 -123.9965    0.0000    0.0000      20     166      14      64    0.0104    0.0111  47
B046      40.3220 -124.2843    0.0000    0.0000       0     117       0      35    0.0093    0.0092  47
B047      40.2499 -124.1699    0.0000    0.0000      87     334      18      82    0.0110    0.0101  47
B932      40.2750 -124.2212    0.0000    0.0000       0     289       1      87    0.0147    0.0096  47
JCC       40.8175 -124.0295    0.0000    0.0000      52     332      43     120    0.0128    0.0106  48
PETL      40.2884 -124.3426    0.0000    0.0000       0       7       0       6    0.0137    0.0113  48
RBOW      40.3347 -124.1114    0.0000    0.0000      18     141       8      56    0.0146    0.0073  48
89101     40.3250 -124.2877    0.0000    0.0000       0      55       0      42    0.0156    0.0083  48
KCO       40.2567 -124.2660    0.0000    0.0000       0      12       0       9    0.0113    0.0044  48
KPR       40.2196 -124.0573    0.0000    0.0000       3      40       2      38    0.0179    0.0075  48
1582      40.6990 -124.2010    0.0000    0.0000       0      84       0      78    0.0157    0.0098  48
1586      40.6442 -124.2207    0.0000    0.0000       0      21       0      27    0.0229    0.0091  48
B045      40.4360 -123.9965    0.0000    0.0000      27       6      24       9    0.0153    0.0067  48
B046      40.3220 -124.2843    0.0000    0.0000      29     101      10      44    0.0167    0.0075  48
B047      40.2499 -124.1699    0.0000    0.0000      28     195      24      47    0.0117    0.0074  48
B932      40.2750 -124.2212    0.0000    0.0000       3     616       3     136    0.0094    0.0081  48
PETL      40.2884 -124.3426    0.0000    0.0000       0     229       0      30    0.0173    0.0116  49
RBOW      40.3347 -124.1114    0.0000    0.0000       0      37       0      23    0.0225    0.0095  49
89101     40.3250 -124.2877    0.0000    0.0000      36     130       9      50    0.0181    0.0083  49
KCO       40.2567 -124.2660    0.0000    0.0000       0      18       0       6    0.0160    0.0064  49
KPR       40.2196 -124.0573    0.0000    0.0000       0     128       0      48    0.0153    0.0131  49
1582      40.6990 -124.2010    0.0000    0.0000       1      39       0       3    0.0180    0.0009  49
B046      40.3220 -124.2843    0.0000    0.0000     460     332     132     112    0.0123    0.0076  49
B047      40.2499 -124.1699    0.0000    0.0000       1     201       0      47    0.0128    0.0076  49
JCC       40.8175 -124.0295    0.0000    0.0000       0     133       0      67    0.0094    0.0117  50
PETL      40.2884 -124.3426    0.0000    0.0000       0      42       0      39    0.0165    0.0194  50
RBOW      40.3347 -124.1114    0.0000    0.0000      11      17      10      25    0.0258    0.0185  50
89101     40.3250 -124.2877    0.0000    0.0000       0      35       0      23    0.0107    0.0076  50
89255     40.5922 -124.1463    0.0000    0.0000       0       8       0      10    0.0149    0.0149  50
89462     40.5036 -124.1010    0.0000    0.0000       0       3       0       3    0.0124    0.0090  50
KCO       40.2567 -124.2660    0.0000    0.0000      10      34      11      30    0.0209    0.0119  50
KMPB      40.4172 -124.1208    0.0000    0.0000      18      60      17      60    0.0171    0.0131  50
KPR       40.2196 -124.0573    0.0000    0.0000       5      17       6      13    0.0224    0.0107  50
1023      40.5761 -124.2637    0.0000    0.0000       1       2       0       0    0.0286    0.0000  50
1581      40.7350 -124.2076    0.0000    0.0000       0       0       0       1    0.0000    0.0496  50
1586      40.6442 -124.2207    0.0000    0.0000       0       6       0       6    0.0125    0.0067  50
B045      40.4360 -123.9965    0.0000    0.0000      19      90      16      52    0.0129    0.0062  50
B046      40.3220 -124.2843    0.0000    0.0000      20      51      19      34    0.0217    0.0082  50
B047      40.2499 -124.1699    0.0000    0.0000      10      23      10      24    0.0100    0.0051  50
B932      40.2750 -124.2212    0.0000    0.0000      30      54      30      40    0.0138    0.0089  50
JCC       40.8175 -124.0295    0.0000    0.0000     161      71      66      38    0.0092    0.0095  51
PETL      40.2884 -124.3426    0.0000    0.0000       0      74       0      27    0.0099    0.0051  51
RBOW      40.3347 -124.1114    0.0000    0.0000      15      35      13      24    0.0114    0.0075  51
89101     40.3250 -124.2877    0.0000    0.0000       6     209       1      92    0.0087    0.0049  51
89255     40.5922 -124.1463    0.0000    0.0000      11       4       6       2    0.0118    0.0058  51
89781     40.7834 -124.1435    0.0000    0.0000       0       1       0       0    0.0106    0.0000  51
KCO       40.2567 -124.2660    0.0000    0.0000      36     207      24      83    0.0124    0.0061  51
KPR       40.2196 -124.0573    0.0000    0.0000       6      28       2      18    0.0139    0.0071  51
1582      40.6990 -124.2010    0.0000    0.0000       3      62       1      30    0.0112    0.0094  51
1586      40.6442 -124.2207    0.0000    0.0000     120     126      65      46    0.0096    0.0059  51
B045      40.4360 -123.9965    0.0000    0.0000      60     172      30      76    0.0112    0.0086  51
B046      40.3220 -124.2843    0.0000    0.0000       0      51       0      35    0.0149    0.0055  51
B047      40.2499 -124.1699    0.0000    0.0000      36     314      17     124    0.0178    0.0057  51
B932      40.2750 -124.2212    0.0000    0.0000     324     435     138     151    0.0102    0.0050  51
PETL      40.2884 -124.3426    0.0000    0.0000       0      24       0      20    0.0201    0.0082  52
RBOW      40.3347 -124.1114    0.0000    0.0000       7      85       1      28    0.0152    0.0047  52
89255     40.5922 -124.1463    0.0000    0.0000       0       1       0       1    0.0045    0.0145  52
89462     40.5036 -124.1010    0.0000    0.0000       2      11       3      15    0.0188    0.0126  52
KCO       40.2567 -124.2660    0.0000    0.0000       0      27       0      26    0.0146    0.0051  52
KMPB      40.4172 -124.1208    0.0000    0.0000     235     104     127     122    0.0108    0.0067  52
KPR       40.2196 -124.0573    0.0000    0.0000       0      27       0      26    0.0193    0.0048  52
1582      40.6990 -124.2010    0.0000    0.0000       0      13       0       9    0.0362    0.0148  52
1586      40.6442 -124.2207    0.0000    0.0000       1      10       0       5    0.0298    0.0157  52
B045      40.4360 -123.9965    0.0000    0.0000     213      46     113      37    0.0104    0.0081  52
B046      40.3220 -124.2843    0.0000    0.0000      97     293      61     134    0.0119    0.0057  52
B932      40.2750 -124.2212    0.0000    0.0000       0     430       0     153    0.0093    0.0066  52
JCC       40.8175 -124.0295    0.0000    0.0000       8      66       3      53    0.0157    0.0096  53
PETL      40.2884 -124.3426    0.0000    0.0000       0       7       0       2    0.0049    0.0034  53
RBOW      40.3347 -124.1114    0.0000    0.0000       2      14       0       2    0.0132    0.0055  53
B045      40.4360 -123.9965    0.0000    0.0000      43     321      29     147    0.0127    0.0108  53
B046      40.3220 -124.2843    0.0000    0.0000       0       3       0       1    0.0344    0.0025  53
B047      40.2499 -124.1699    0.0000    0.0000       0     461       0     158    0.0128    0.0066  53
B932      40.2750 -124.2212    0.0000    0.0000     219     494     176     205    0.0114    0.0064  53
KMPB      40.4172 -124.1208    0.0000    0.0000     161     294     102     128    0.0141    0.0061  54
B045      40.4360 -123.9965    0.0000    0.0000       0      10       0       6    0.0208    0.0109  54
B046      40.3220 -124.2843    0.0000    0.0000      29     106      27      83    0.0203    0.0100  54
B047      40.2499 -124.1699    0.0000    0.0000       1     100       1      71    0.0100    0.0053  54
B932      40.2750 -124.2212    0.0000    0.0000       0     340       0     131    0.0137    0.0090  54
RBOW      40.3347 -124.1114    0.0000    0.0000      17      63      15      43    0.0140    0.0060  55
KPR       40.2196 -124.0573    0.0000    0.0000       1     169       0      96    0.0092    0.0090  55
B045      40.4360 -123.9965    0.0000    0.0000     225     344     105     136    0.0100    0.0067  55
B046      40.3220 -124.2843    0.0000    0.0000       1      66       1      43    0.0113    0.0083  55
B047      40.2499 -124.1699    0.0000    0.0000     171     313     116     146    0.0107    0.0063  55
B932      40.2750 -124.2212    0.0000    0.0000       0     132       0     103    0.0128    0.0072  55
PETL      40.2884 -124.3426    0.0000    0.0000       0      30       0       5    0.0161    0.0188  56
RBOW      40.3347 -124.1114    0.0000    0.0000      11      50      15      54    0.0108    0.0098  56
KCO       40.2567 -124.2660    0.0000    0.0000       3       6       3       7    0.0121    0.0063  56
KPR       40.2196 -124.0573    0.0000    0.0000       1      51       2      47    0.0157    0.0076  56
B045      40.4360 -123.9965    0.0000    0.0000      40      89      31      58    0.0119    0.0096  56
B046      40.3220 -124.2843    0.0000    0.0000      44     150      37      65    0.0136    0.0088  56
B047      40.2499 -124.1699    0.0000    0.0000      24      76      14      50    0.0164    0.0054  56
B932      40.2750 -124.2212    0.0000    0.0000      14      73      14      56    0.0105    0.0054  56
PETL      40.2884 -124.3426    0.0000    0.0000       0       2       0       3    0.0098    0.0056  57
RBOW      40.3347 -124.1114    0.0000    0.0000      11      26      20      30    0.0161    0.0222  57
KCO       40.2567 -124.2660    0.0000    0.0000       0       6       0       6    0.0111    0.0506  57
B045      40.4360 -123.9965    0.0000    0.0000      12      14      37      14    0.0226    0.0356  57
B046      40.3220 -124.2843    0.0000    0.0000       7      55      26      78    0.0155    0.0321  57
B047      40.2499 -124.1699    0.0000    0.0000      48      58      56      94    0.0138    0.0227  57
B932      40.2750 -124.2212    0.0000    0.0000      10      66      17      69    0.0142    0.0262  57
PETL      40.2884 -124.3426    0.0000    0.0000       0     269       0     105    0.0127    0.0060  58
RBOW      40.3347 -124.1114    0.0000    0.0000      32     192      17      84    0.0125    0.0072  58
KCO       40.2567 -124.2660    0.0000    0.0000       0      39       0      22    0.0171    0.0118  58
B045      40.4360 -123.9965    0.0000    0.0000       1      55       1      25    0.0086    0.0087  58
B047      40.2499 -124.1699    0.0000    0.0000     313     250     132      86    0.0125    0.0090  58
B932      40.2750 -124.2212    0.0000    0.0000       6     250       4     101    0.0115    0.0093  58
JCC       40.8175 -124.0295    0.0000    0.0000     189     347     107     147    0.0090    0.0102  59
RBOW      40.3347 -124.1114    0.0000    0.0000      20       2       8       2    0.0081    0.0032  59
B045      40.4360 -123.9965    0.0000    0.0000      10     207       9     130    0.0126    0.0087  59
B047      40.2499 -124.1699    0.0000    0.0000     119      14      81       8    0.0116    0.0122  59
B932      40.2750 -124.2212    0.0000    0.0000     118     323      66     129    0.0093    0.0094  59
89101     40.3250 -124.2877    0.0000    0.0000       0     155       0      80    0.0180    0.0054  60
KPR       40.2196 -124.0573    0.0000    0.0000       5       1       3       1    0.0168    0.0106  60
1586      40.6442 -124.2207    0.0000    0.0000       0       6       0       6    0.0248    0.0129  60
B045      40.4360 -123.9965    0.0000    0.0000      61       3      42       3    0.0118    0.0090  60
B046      40.3220 -124.2843    0.0000    0.0000       0     222       0      87    0.0135    0.0082  60
B047      40.2499 -124.1699    0.0000    0.0000     177      53     106      61    0.0124    0.0098  60
B932      40.2750 -124.2212    0.0000    0.0000     214     278     130     136    0.0151    0.0117  60
JCC       40.8175 -124.0295    0.0000    0.0000     351     272     177     168    0.0168    0.0123  61
1582      40.6990 -124.2010    0.0000    0.0000       0      65       0      66    0.0079    0.0087  61
B045      40.4360 -123.9965    0.0000    0.0000     274      75     179      81    0.0089    0.0097  61
B047      40.2499 -124.1699    0.0000    0.0000       1      25       1      36    0.0179    0.0127  61
B932      40.2750 -124.2212    0.0000    0.0000      61     166      50     109    0.0112    0.0117  61
JCC       40.8175 -124.0295    0.0000    0.0000       7      11       7      12    0.0167    0.0170  62
KPR       40.2196 -124.0573    0.0000    0.0000       4      24       7      18    0.0119    0.0105  62
1023      40.5761 -124.2637    0.0000    0.0000       0      25       0      25    0.0086    0.0079  62
1586      40.6442 -124.2207    0.0000    0.0000       0       3       1       4    0.0256    0.0160  62
B045      40.4360 -123.9965    0.0000    0.0000      13       7       7       5    0.0133    0.0108  62
B046      40.3220 -124.2843    0.0000    0.0000      18      44      30      41    0.0113    0.0155  62
B047      40.2499 -124.1699    0.0000    0.0000       1      20       1      21    0.0105    0.0119  62
B932      40.2750 -124.2212    0.0000    0.0000      15      52      16      49    0.0165    0.0150  62
JCC       40.8175 -124.0295    0.0000    0.0000       3       6       1       1    0.0115    0.0038  63
PETL      40.2884 -124.3426    0.0000    0.0000       0      54       0      40    0.0124    0.0044  63
RBOW      40.3347 -124.1114    0.0000    0.0000      11      18       6       8    0.0181    0.0046  63
89101     40.3250 -124.2877    0.0000    0.0000       0      12       0      10    0.0100    0.0050  63
KCO       40.2567 -124.2660    0.0000    0.0000       1      11       1      18    0.0139    0.0056  63
1586      40.6442 -124.2207    0.0000    0.0000       1       1       0       0    0.0034    0.0000  63
B045      40.4360 -123.9965    0.0000    0.0000      19      39       9      18    0.0142    0.0075  63
B046      40.3220 -124.2843    0.0000    0.0000      39     126      41      80    0.0115    0.0065  63
B047      40.2499 -124.1699    0.0000    0.0000      68     158      64      95    0.0070    0.0066  63
B932      40.2750 -124.2212    0.0000    0.0000      36     141      35      86    0.0084    0.0048  63
KMPB      40.4172 -124.1208    0.0000    0.0000     169      67      91      46    0.0099    0.0072  64
B045      40.4360 -123.9965    0.0000    0.0000      52      79      25      61    0.0175    0.0088  64
B046      40.3220 -124.2843    0.0000    0.0000      99     222      77     122    0.0138    0.0068  64
B047      40.2499 -124.1699    0.0000    0.0000      76     120      63      81    0.0127    0.0068  64
B932      40.2750 -124.2212    0.0000    0.0000     105     143      70     101    0.0154    0.0062  64
RBOW      40.3347 -124.1114    0.0000    0.0000      10      81       8      67    0.0104    0.0066  65
89255     40.5922 -124.1463    0.0000    0.0000       6       3       4       2    0.0091    0.0036  65
KCO       40.2567 -124.2660    0.0000    0.0000      28      92      25      77    0.0113    0.0065  65
KMPB      40.4172 -124.1208    0.0000    0.0000     225     213     134     128    0.0145    0.0061  65
KPR       40.2196 -124.0573    0.0000    0.0000      41      15      33       6    0.0093    0.0065  65
1023      40.5761 -124.2637    0.0000    0.0000       0       7       0       9    0.0170    0.0141  65
1586      40.6442 -124.2207    0.0000    0.0000      89      54      75      49    0.0093    0.0065  65
B045      40.4360 -123.9965    0.0000    0.0000      78     190      65      89    0.0102    0.0066  65
B046      40.3220 -124.2843    0.0000    0.0000      15      65      15      37    0.0153    0.0058  65
B932      40.2750 -124.2212    0.0000    0.0000       0      90       0      41    0.0089    0.0045  65
PETL      40.2884 -124.3426    0.0000    0.0000       0      76       0      50    0.0096    0.0043  66
RBOW      40.3347 -124.1114    0.0000    0.0000       3      88       1      27    0.0127    0.0050  66
89255     40.5922 -124.1463    0.0000    0.0000       0       5       1       5    0.0059    0.0069  66
89462     40.5036 -124.1010    0.0000    0.0000       0       1       0       0    0.0008    0.0000  66
89781     40.7834 -124.1435    0.0000    0.0000       0       3       0       3    0.0086    0.0145  66
KCO       40.2567 -124.2660    0.0000    0.0000       1       5       1       3    0.0178    0.0040  66
KMPB      40.4172 -124.1208    0.0000    0.0000     208     135     115      59    0.0104    0.0044  66
KPR       40.2196 -124.0573    0.0000    0.0000       1      36       1      14    0.0099    0.0087  66
1023      40.5761 -124.2637    0.0000    0.0000       0       8       0       6    0.0321    0.0059  66
1582      40.6990 -124.2010    0.0000    0.0000       0       9       0       5    0.0161    0.0125  66
1586      40.6442 -124.2207    0.0000    0.0000       0       3       0       3    0.0074    0.0072  66
B045      40.4360 -123.9965    0.0000    0.0000       0     295       0     103    0.0089    0.0079  66
B046      40.3220 -124.2843    0.0000    0.0000      63     187      25      85    0.0127    0.0044  66
B932      40.2750 -124.2212    0.0000    0.0000      27     250      14      95    0.0097    0.0057  66
RBOW      40.3347 -124.1114    0.0000    0.0000      43      32      44      31    0.0120    0.0056  67
89255     40.5922 -124.1463    0.0000    0.0000       0       1       0       0    0.0455    0.0000  67
89781     40.7834 -124.1435    0.0000    0.0000       0       1       0       1    0.0008    0.0008  67
KCO       40.2567 -124.2660    0.0000    0.0000       0       6       0       3    0.0178    0.0067  67
KMPB      40.4172 -124.1208    0.0000    0.0000       6       9       2       2    0.0338    0.0186  67
KPR       40.2196 -124.0573    0.0000    0.0000       1       0       1       0    0.0536    0.0264  67
1580      40.8777 -124.0774    0.0000    0.0000       0       1       0       1    0.0003    0.0003  67
1581      40.7350 -124.2076    0.0000    0.0000       0       3       0       3    0.0139    0.0117  67
1582      40.6990 -124.2010    0.0000    0.0000       0       3       0       3    0.0034    0.0073  67
1586      40.6442 -124.2207    0.0000    0.0000       0       3       0       1    0.0080    0.0114  67
B045      40.4360 -123.9965    0.0000    0.0000      87     106      75      86    0.0099    0.0077  67
B046      40.3220 -124.2843    0.0000    0.0000       1      98       1      78    0.0113    0.0075  67
B932      40.2750 -124.2212    0.0000    0.0000       3     128       2      85    0.0125    0.0085  67
JCC       40.8175 -124.0295    0.0000    0.0000      44      15      31      14    0.0138    0.0118  68
RBOW      40.3347 -124.1114    0.0000    0.0000       1     134       1     137    0.0074    0.0037  68
B045      40.4360 -123.9965    0.0000    0.0000       2       7       1      13    0.0173    0.0032  68
B046      40.3220 -124.2843    0.0000    0.0000       1     210       0     148    0.0101    0.0048  68
B047      40.2499 -124.1699    0.0000    0.0000       5     253       6     154    0.0099    0.0037  68
B932      40.2750 -124.2212    0.0000    0.0000       9     276      10     158    0.0077    0.0039  68
JCC       40.8175 -124.0295    0.0000    0.0000      53     116      55      92    0.0096    0.0124  69
PETL      40.2884 -124.3426    0.0000    0.0000       0      10       0      10    0.0123    0.0066  69
RBOW      40.3347 -124.1114    0.0000    0.0000      29      44      29      38    0.0079    0.0050  69
89255     40.5922 -124.1463    0.0000    0.0000       1      13       1      21    0.0133    0.0103  69
89781     40.7834 -124.1435    0.0000    0.0000       3       3       6       3    0.0100    0.0051  69
KCO       40.2567 -124.2660    0.0000    0.0000       6       1       6       1    0.0095    0.0078  69
KMPB      40.4172 -124.1208    0.0000    0.0000       2       0       0       0    0.0064    0.0000  69
KPR       40.2196 -124.0573    0.0000    0.0000      46      21      46      21    0.0123    0.0066  69
1580      40.8777 -124.0774    0.0000    0.0000       1       6       1       6    0.0055    0.0038  69
1581      40.7350 -124.2076    0.0000    0.0000       0      35       0      35    0.0103    0.0090  69
1582      40.6990 -124.2010    0.0000    0.0000       0      74       0      67    0.0117    0.0166  69
1586      40.6442 -124.2207    0.0000    0.0000       3      17       3      21    0.0123    0.0051  69
B045      40.4360 -123.9965    0.0000    0.0000      15      91      21      78    0.0117    0.0072  69
B046      40.3220 -124.2843    0.0000    0.0000      76      30      75      45    0.0099    0.0048  69
B047      40.2499 -124.1699    0.0000    0.0000      18      17      22      18    0.0143    0.0086  69
B932      40.2750 -124.2212    0.0000    0.0000      23      46      23      37    0.0104    0.0071  69
JCC       40.8175 -124.0295    0.0000    0.0000       3      15       3      15    0.0101    0.0040  70
PETL      40.2884 -124.3426    0.0000    0.0000       0      27       0      20    0.0130    0.0073  70
RBOW      40.3347 -124.1114    0.0000    0.0000      75      57      60      51    0.0133    0.0056  70
89101     40.3250 -124.2877    0.0000    0.0000       1      26       1      21    0.0213    0.0093  70
89255     40.5922 -124.1463    0.0000    0.0000       1      10       0      10    0.0172    0.0050  70
89781     40.7834 -124.1435    0.0000    0.0000       0       3       0       3    0.0027    0.0027  70
KCO       40.2567 -124.2660    0.0000    0.0000      26      34      21      28    0.0134    0.0051  70
1582      40.6990 -124.2010    0.0000    0.0000       1       3       0       3    0.0271    0.0020  70
1586      40.6442 -124.2207    0.0000    0.0000       6      19       6      21    0.0105    0.0017  70
B045      40.4360 -123.9965    0.0000    0.0000      43      98      28      89    0.0127    0.0081  70
B046      40.3220 -124.2843    0.0000    0.0000     113     132      80      87    0.0126    0.0061  70
B047      40.2499 -124.1699    0.0000    0.0000       5      65       3      32    0.0077    0.0069  70
B932      40.2750 -124.2212    0.0000    0.0000      21     148      21      95    0.0126    0.0070  70
JCC       40.8175 -124.0295    0.0000    0.0000       1       5       1       6    0.0130    0.0060  71
PETL      40.2884 -124.3426    0.0000    0.0000       0       6       0       5    0.0227    0.0062  71
RBOW      40.3347 -124.1114    0.0000    0.0000       6       6       6       6    0.0095    0.0057  71
KCO       40.2567 -124.2660    0.0000    0.0000       6       6       6       9    0.0098    0.0049  71
B045      40.4360 -123.9965    0.0000    0.0000       1      10       1       6    0.0096    0.0028  71
B046      40.3220 -124.2843    0.0000    0.0000      15      74      18      53    0.0095    0.0147  71
B047      40.2499 -124.1699    0.0000    0.0000      45      77      48      55    0.0099    0.0058  71
B932      40.2750 -124.2212    0.0000    0.0000      11      87      11      67    0.0119    0.0071  71
PETL      40.2884 -124.3426    0.0000    0.0000       0      65       0      31    0.0141    0.0068  72
RBOW      40.3347 -124.1114    0.0000    0.0000       2      11       3      10    0.0142    0.0048  72
89462     40.5036 -124.1010    0.0000    0.0000       0      10       0       9    0.0119    0.0068  72
89781     40.7834 -124.1435    0.0000    0.0000       0       2       0       0    0.0048    0.0000  72
KCO       40.2567 -124.2660    0.0000    0.0000       0       1       0       0    0.0245    0.0000  72
KMPB      40.4172 -124.1208    0.0000    0.0000       0     116       0      81    0.0108    0.0086  72
KPR       40.2196 -124.0573    0.0000    0.0000      27      38      28      38    0.0183    0.0055  72
1580      40.8777 -124.0774    0.0000    0.0000       0       1       0       0    0.0011    0.0000  72
1582      40.6990 -124.2010    0.0000    0.0000       0      13       0       5    0.0199    0.0184  72
1586      40.6442 -124.2207    0.0000    0.0000       0      13       0      10    0.0125    0.0129  72
B045      40.4360 -123.9965    0.0000    0.0000      14     177      15     100    0.0101    0.0081  72
B046      40.3220 -124.2843    0.0000    0.0000      28      56      24      64    0.0149    0.0054  72
B932      40.2750 -124.2212    0.0000    0.0000       5     159       1      95    0.0126    0.0054  72
KPR       40.2196 -124.0573    0.0000    0.0000       4       9       3       9    0.0320    0.0060  73
B045      40.4360 -123.9965    0.0000    0.0000      58      30      38      27    0.0215    0.0152  73
B046      40.3220 -124.2843    0.0000    0.0000       0      27       0      19    0.0217    0.0061  73
B047      40.2499 -124.1699    0.0000    0.0000     157      62      60      41    0.0176    0.0071  73
B932      40.2750 -124.2212    0.0000    0.0000       0     107       0      57    0.0159    0.0071  73
RBOW      40.3347 -124.1114    0.0000    0.0000      28      48      30      38    0.0180    0.0061  74
KMPB      40.4172 -124.1208    0.0000    0.0000      69      54      82      36    0.0158    0.0054  74
KPR       40.2196 -124.0573    0.0000    0.0000       0       0       1       0    0.0000    0.0039  74
B045      40.4360 -123.9965    0.0000    0.0000       0      50       0      38    0.0169    0.0069  74
B046      40.3220 -124.2843    0.0000    0.0000       2      31       2      22    0.0118    0.0064  74
B932      40.2750 -124.2212    0.0000    0.0000      14      17      14      14    0.0244    0.0076  74
JCC       40.8175 -124.0295    0.0000    0.0000       1      20       1      19    0.0080    0.0087  75
PETL      40.2884 -124.3426    0.0000    0.0000       0       8       0       3    0.0261    0.0141  75
RBOW      40.3347 -124.1114    0.0000    0.0000       6       8       4       7    0.0171    0.0075  75
89101     40.3250 -124.2877    0.0000    0.0000       0     110       0      78    0.0132    0.0125  75
KCO       40.2567 -124.2660    0.0000    0.0000       1      40       1      45    0.0149    0.0116  75
KPR       40.2196 -124.0573    0.0000    0.0000       0       2       0       2    0.0181    0.0048  75
1586      40.6442 -124.2207    0.0000    0.0000       0       2       1       3    0.0099    0.0066  75
B045      40.4360 -123.9965    0.0000    0.0000      17      19      15      21    0.0122    0.0071  75
B046      40.3220 -124.2843    0.0000    0.0000       0      55       0      40    0.0184    0.0121  75
B047      40.2499 -124.1699    0.0000    0.0000      12      54       7      60    0.0082    0.0086  75
B932      40.2750 -124.2212    0.0000    0.0000      31     149      16      79    0.0104    0.0091  75
JCC       40.8175 -124.0295    0.0000    0.0000       1      95       1      64    0.0074    0.0072  76
RBOW      40.3347 -124.1114    0.0000    0.0000      24      26      28      36    0.0211    0.0052  76
89101     40.3250 -124.2877    0.0000    0.0000       1      69       1      75    0.0106    0.0059  76
KCO       40.2567 -124.2660    0.0000    0.0000       2     126       3     126    0.0115    0.0060  76
KPR       40.2196 -124.0573    0.0000    0.0000       1      48       1      52    0.0111    0.0044  76
B045      40.4360 -123.9965    0.0000    0.0000       1       8       1      10    0.0113    0.0056  76
B047      40.2499 -124.1699    0.0000    0.0000      53     163      53     151    0.0133    0.0061  76
B932      40.2750 -124.2212    0.0000    0.0000      63     165      66     151    0.0111    0.0062  76
JCC       40.8175 -124.0295    0.0000    0.0000      21      66      18      63    0.0115    0.0101  77
B046      40.3220 -124.2843    0.0000    0.0000       1      39       1      27    0.0225    0.0078  77
B047      40.2499 -124.1699    0.0000    0.0000     151       0      78       0    0.0099    0.0066  77
B932      40.2750 -124.2212    0.0000    0.0000     168      89      78      65    0.0132    0.0073  77
B045      40.4360 -123.9965    0.0000    0.0000      78     171      47      80    0.0107    0.0063  78
B046      40.3220 -124.2843    0.0000    0.0000     133       0      73       0    0.0070    0.0076  78
B047      40.2499 -124.1699    0.0000    0.0000      91       0      52       0    0.0074    0.0076  78
B932      40.2750 -124.2212    0.0000    0.0000     120       0      65       0    0.0087    0.0076  78
JCC       40.8175 -124.0295    0.0000    0.0000       0      51       0      49    0.0165    0.0061  79
PETL      40.2884 -124.3426    0.0000    0.0000       0       1       0       1    0.0087    0.0013  79
RBOW      40.3347 -124.1114    0.0000    0.0000       0      10       0      10    0.0130    0.0044  79
89101     40.3250 -124.2877    0.0000    0.0000      19      18      15      35    0.0190    0.0070  79
89255     40.5922 -124.1463    0.0000    0.0000       0      13       0      10    0.0196    0.0027  79
89781     40.7834 -124.1435    0.0000    0.0000       0       1       0       1    0.0416    0.0016  79
KCO       40.2567 -124.2660    0.0000    0.0000       6      24       6      21    0.0130    0.0087  79
KPR       40.2196 -124.0573    0.0000    0.0000       1      10       1      10    0.0137    0.0036  79
1023      40.5761 -124.2637    0.0000    0.0000       0       2       0       1    0.0186    0.0024  79
1582      40.6990 -124.2010    0.0000    0.0000       5      14       3       6    0.0188    0.0025  79
1586      40.6442 -124.2207    0.0000    0.0000       4      18       3      15    0.0195    0.0045  79
B045      40.4360 -123.9965    0.0000    0.0000      26      90      24      75    0.0112    0.0053  79
B047      40.2499 -124.1699    0.0000    0.0000      44     114      45     104    0.0101    0.0066  79
B932      40.2750 -124.2212    0.0000    0.0000     118     131      95     104    0.0110    0.0060  79
PETL      40.2884 -124.3426    0.0000    0.0000       0       3       0       3    0.0215    0.0250  80
RBOW      40.3347 -124.1114    0.0000    0.0000       1       4       3       4    0.0273    0.0280  80
89101     40.3250 -124.2877    0.0000    0.0000       0      14       0       9    0.0157    0.0100  80
KCO       40.2567 -124.2660    0.0000    0.0000       1       1       1       2    0.0292    0.0289  80
KMPB      40.4172 -124.1208    0.0000    0.0000       1      16       5      13    0.0500    0.0330  80
KPR       40.2196 -124.0573    0.0000    0.0000       0       3       0       4    0.0356    0.0279  80
1023      40.5761 -124.2637    0.0000    0.0000       0       1       0       1    0.0210    0.0290  80
B045      40.4360 -123.9965    0.0000    0.0000       0       2       0       2    0.0070    0.0112  80
B046      40.3220 -124.2843    0.0000    0.0000       5      21      23      30    0.0298    0.0413  80
B047      40.2499 -124.1699    0.0000    0.0000       2      27       3      19    0.0286    0.0113  80
B932      40.2750 -124.2212    0.0000    0.0000       1      22       3      18    0.0221    0.0149  80
JCC       40.8175 -124.0295    0.0000    0.0000     136     116      87      71    0.0147    0.0124  81
RBOW      40.3347 -124.1114    0.0000    0.0000      53      91      51      71    0.0078    0.0034  81
1586      40.6442 -124.2207    0.0000    0.0000       0       3       0       3    0.0063    0.0062  81
B046      40.3220 -124.2843    0.0000    0.0000      41      54      35      41    0.0073    0.0043  81
PETL      40.2884 -124.3426    0.0000    0.0000       0       6       0       6    0.0126    0.0067  82
RBOW      40.3347 -124.1114    0.0000    0.0000      15      44      10      35    0.0213    0.0092  82
89101     40.3250 -124.2877    0.0000    0.0000       2      45       3      43    0.0211    0.0092  82
89255     40.5922 -124.1463    0.0000    0.0000       0      10       0       7    0.0270    0.0137  82
KCO       40.2567 -124.2660    0.0000    0.0000       1      10       1      10    0.0122    0.0073  82
B045      40.4360 -123.9965    0.0000    0.0000      43       7      29       9    0.0199    0.0092  82
B046      40.3220 -124.2843    0.0000    0.0000       8      64      15      52    0.0307    0.0097  82
B047      40.2499 -124.1699    0.0000    0.0000       3      15       3      28    0.0349    0.0110  82
B932      40.2750 -124.2212    0.0000    0.0000       7      78       5      52    0.0277    0.0109  82
JCC       40.8175 -124.0295    0.0000    0.0000      24      44      17      27    0.0540    0.0382  83
RBOW      40.3347 -124.1114    0.0000    0.0000       3      16       2      14    0.0251    0.0229  83
B045      40.4360 -123.9965    0.0000    0.0000       1      45       1      28    0.0296    0.0242  83
B046      40.3220 -124.2843    0.0000    0.0000       8       1       4       1    0.0505    0.0170  83
B047      40.2499 -124.1699    0.0000    0.0000       1      24       1      24    0.0204    0.0193  83
B932      40.2750 -124.2212    0.0000    0.0000       1      16       1      30    0.0557    0.0228  83
RBOW      40.3347 -124.1114    0.0000    0.0000     105      21      25      14    0.0201    0.0204  84
B045      40.4360 -123.9965    0.0000    0.0000      55      32      18       7    0.0261    0.0183  84
B046      40.3220 -124.2843    0.0000    0.0000      30       1       9       1    0.0159    0.0255  84
B047      40.2499 -124.1699    0.0000    0.0000      55       0      22       0    0.0179    0.0180  84
JCC       40.8175 -124.0295    0.0000    0.0000      10       8       7      10    0.0686    0.0195  85
PETL      40.2884 -124.3426    0.0000    0.0000       0       5       0       3    0.0245    0.0102  85
RBOW      40.3347 -124.1114    0.0000    0.0000       0      30       0      14    0.0205    0.0162  85
1023      40.5761 -124.2637    0.0000    0.0000       1      20       1      10    0.0193    0.0115  85
B045      40.4360 -123.9965    0.0000    0.0000       1       7       1       5    0.0312    0.0211  85
B046      40.3220 -124.2843    0.0000    0.0000       1      17       1      16    0.0317    0.0253  85
B047      40.2499 -124.1699    0.0000    0.0000      21      20      14      15    0.0245    0.0151  85
B932      40.2750 -124.2212    0.0000    0.0000       6      77       9      27    0.0299    0.0184  85
B045      40.4360 -123.9965    0.0000    0.0000       1      19       1      22    0.0218    0.0109  86
B046      40.3220 -124.2843    0.0000    0.0000      60      62      45      43    0.0138    0.0088  86
B047      40.2499 -124.1699    0.0000    0.0000       0      26       0      30    0.0205    0.0115  86
B932      40.2750 -124.2212    0.0000    0.0000       6      58       3      45    0.0169    0.0116  86
PETL      40.2884 -124.3426    0.0000    0.0000       0       6       0       5    0.0382    0.0068  87
RBOW      40.3347 -124.1114    0.0000    0.0000      10       7       7       7    0.0140    0.0042  87
89101     40.3250 -124.2877    0.0000    0.0000       0       6       0       6    0.0179    0.0079  87
KCO       40.2567 -124.2660    0.0000    0.0000       0       3       0       3    0.0398    0.0096  87
B045      40.4360 -123.9965    0.0000    0.0000       1       8       2       9    0.0083    0.0050  87
B046      40.3220 -124.2843    0.0000    0.0000       2      18       3      16    0.0233    0.0085  87
B047      40.2499 -124.1699    0.0000    0.0000       0      15       0      11    0.0145    0.0065  87
B932      40.2750 -124.2212    0.0000    0.0000       0      24       0      18    0.0255    0.0085  87
RBOW      40.3347 -124.1114    0.0000    0.0000      41      49      11      17    0.0167    0.0056  88
B045      40.4360 -123.9965    0.0000    0.0000      21      32      13      16    0.0132    0.0061  88
B046      40.3220 -124.2843    0.0000    0.0000       8      37       2      13    0.0148    0.0066  88
B047      40.2499 -124.1699    0.0000    0.0000       0      46       0      14    0.0112    0.0033  88
KCO       40.2567 -124.2660    0.0000    0.0000       1       1       1       1    0.0051    0.0062  89
KPR       40.2196 -124.0573    0.0000    0.0000       6       0       4       0    0.0104    0.0062  89
B045      40.4360 -123.9965    0.0000    0.0000       3      27       3      15    0.0178    0.0098  89
B046      40.3220 -124.2843    0.0000    0.0000      15      10       9       7    0.0152    0.0067  89
B047      40.2499 -124.1699    0.0000    0.0000      31       6      19       8    0.0178    0.0064  89
B932      40.2750 -124.2212    0.0000    0.0000      28      17      16      14    0.0179    0.0086  89
RBOW      40.3347 -124.1114    0.0000    0.0000      13       3       8       3    0.0209    0.0045  90
KMPB      40.4172 -124.1208    0.0000    0.0000      36      24      28      28    0.0127    0.0063  90
B045      40.4360 -123.9965    0.0000    0.0000       0       1       0       1    0.0077    0.0077  90
B046      40.3220 -124.2843    0.0000    0.0000       6      36       5      24    0.0103    0.0069  90
B047      40.2499 -124.1699    0.0000    0.0000      36      64      26      40    0.0131    0.0115  90
B932      40.2750 -124.2212    0.0000    0.0000       6      55       6      42    0.0227    0.0118  90
RBOW      40.3347 -124.1114    0.0000    0.0000      23       4      16       3    0.0132    0.0113  91
B046      40.3220 -124.2843    0.0000    0.0000      23      27      19      20    0.0164    0.0171  91
B047      40.2499 -124.1699    0.0000    0.0000      10      30       6      13    0.0154    0.0177  91
B932      40.2750 -124.2212    0.0000    0.0000      31      45      17      12    0.0188    0.0159  91
KMPB      40.4172 -124.1208    0.0000    0.0000      64      64      46      46    0.0120    0.0080  92
B046      40.3220 -124.2843    0.0000    0.0000      41      43      38      44    0.0129    0.0042  92
B047      40.2499 -124.1699    0.0000    0.0000       3       1       3       0    0.0355    0.0045  92
B932      40.2750 -124.2212    0.0000    0.0000       0      38       0      36    0.0075    0.0043  92
JCC       40.8175 -124.0295    0.0000    0.0000      19      19       0       0    0.0222    0.0000  93
PETL      40.2884 -124.3426    0.0000    0.0000       0       4       0       0    0.0094    0.0000  93
RBOW      40.3347 -124.1114    0.0000    0.0000       6      21       0       0    0.0148    0.0000  93
B045      40.4360 -123.9965    0.0000    0.0000       1      63       0       0    0.0131    0.0000  93
B047      40.2499 -124.1699    0.0000    0.0000       0      36       0       0    0.0101    0.0000  93
B932      40.2750 -124.2212    0.0000    0.0000      15      52       0       0    0.0125    0.0000  93
PETL      40.2884 -124.3426    0.0000    0.0000       0      42       0      33    0.0106    0.0059  94
B045      40.4360 -123.9965    0.0000    0.0000      12      14      13      23    0.0142    0.0142  94
B046      40.3220 -124.2843    0.0000    0.0000       0      54       0      36    0.0081    0.0093  94
B932      40.2750 -124.2212    0.0000    0.0000      13      54      15      36    0.0127    0.0041  94
RBOW      40.3347 -124.1114    0.0000    0.0000       2      24       1      17    0.0190    0.0070  95
1586      40.6442 -124.2207    0.0000    0.0000       0       1       0       1    0.0021    0.0079  95
B046      40.3220 -124.2843    0.0000    0.0000      36      26      15      18    0.0247    0.0087  95
B047      40.2499 -124.1699    0.0000    0.0000       9      13       8      11    0.0282    0.0071  95
B932      40.2750 -124.2212    0.0000    0.0000       2       8       1      11    0.0197    0.0053  95
KPR       40.2196 -124.0573    0.0000    0.0000       6       0       6       0    0.0135    0.0080  96
B046      40.3220 -124.2843    0.0000    0.0000       0      25       0      23    0.0214    0.0100  96
B047      40.2499 -124.1699    0.0000    0.0000      55      55      32      32    0.0209    0.0086  96
B932      40.2750 -124.2212    0.0000    0.0000      15      45      12      30    0.0141    0.0088  96
KPR       40.2196 -124.0573    0.0000    0.0000       3      21       3      19    0.0098    0.0023  97
B046      40.3220 -124.2843    0.0000    0.0000      32      44      29      33    0.0095    0.0069  97
B047      40.2499 -124.1699    0.0000    0.0000      11      21      15      20    0.0118    0.0047  97
B932      40.2750 -124.2212    0.0000    0.0000      10      36      10      28    0.0121    0.0045  97
RBOW      40.3347 -124.1114    0.0000    0.0000       4       0       4       0    0.0089    0.0093  98
B045      40.4360 -123.9965    0.0000    0.0000       0       7       0       9    0.0246    0.0059  98
B046      40.3220 -124.2843    0.0000    0.0000      23      35      17      19    0.0131    0.0071  98
B047      40.2499 -124.1699    0.0000    0.0000       3      26       2      16    0.0180    0.0097  98
B932      40.2750 -124.2212    0.0000    0.0000       0      35       1      17    0.0111    0.0099  98
RBOW      40.3347 -124.1114    0.0000    0.0000      25      32      17      17    0.0108    0.0068  99
B045      40.4360 -123.9965    0.0000    0.0000      11       0      12       0    0.0399    0.0058  99
B047      40.2499 -124.1699    0.0000    0.0000       0       6       0       3    0.0179    0.0065  99
B932      40.2750 -124.2212    0.0000    0.0000      11      15       8      15    0.0200    0.0060  99
KCO       40.2567 -124.2660    0.0000    0.0000       4       0       6       0    0.0060    0.0024 100
B046      40.3220 -124.2843    0.0000    0.0000      33      22      28      28    0.0102    0.0045 100
B932      40.2750 -124.2212    0.0000    0.0000      26      26      28      28    0.0078    0.0041 100
RBOW      40.3347 -124.1114    0.0000    0.0000      24      28       0       0    0.0154    0.0000 101
B046      40.3220 -124.2843    0.0000    0.0000      27      28       0       0    0.0160    0.0000 101
KMPB      40.4172 -124.1208    0.0000    0.0000       0      16       0      10    0.0241    0.0029 102
B046      40.3220 -124.2843    0.0000    0.0000      24      17      14      12    0.0365    0.0030 102
B047      40.2499 -124.1699    0.0000    0.0000       0      12       0      12    0.0189    0.0034 102
B932      40.2750 -124.2212    0.0000    0.0000       9       9       5      10    0.0360    0.0031 102
B046      40.3220 -124.2843    0.0000    0.0000      21      21      13      13    0.0295    0.0077 103
B047      40.2499 -124.1699    0.0000    0.0000       3      21       3      13    0.0240    0.0091 103
B932      40.2750 -124.2212    0.0000    0.0000       1      10       1      10    0.0260    0.0080 103
PETL      40.2884 -124.3426    0.0000    0.0000       0       4       0       0    0.0053    0.0000 104
RBOW      40.3347 -124.1114    0.0000    0.0000       0       4       0       0    0.0295    0.0000 104
KCO       40.2567 -124.2660    0.0000    0.0000       2       0       0       0    0.0035    0.0000 104
1582      40.6990 -124.2010    0.0000    0.0000       0       2       0       0    0.0183    0.0000 104
1586      40.6442 -124.2207    0.0000    0.0000       0       3       0       0    0.0458    0.0000 104
B046      40.3220 -124.2843    0.0000    0.0000       1      15       0       0    0.0086    0.0000 104
B932      40.2750 -124.2212    0.0000    0.0000       5       1       0       0    0.0185    0.0000 104
RBOW      40.3347 -124.1114    0.0000    0.0000       0       3       0       0    0.0145    0.0000 105
KMPB      40.4172 -124.1208    0.0000    0.0000       4       2       0       0    0.0112    0.0000 105
B046      40.3220 -124.2843    0.0000    0.0000       2       4       0       0    0.0060    0.0000 105
B932      40.2750 -124.2212    0.0000    0.0000       3      12       0       0    0.0134    0.0000 105
RBOW      40.3347 -124.1114    0.0000    0.0000       6      15       0       0    0.0063    0.0000 106
B045      40.4360 -123.9965    0.0000    0.0000       3      15       0       0    0.0153    0.0000 106
B046      40.3220 -124.2843    0.0000    0.0000       5       0       0       0    0.0098    0.0000 106
B047      40.2499 -124.1699    0.0000    0.0000       3       0       0       0    0.0284    0.0000 106
B045      40.4360 -123.9965    0.0000    0.0000       0       5       0       0    0.0111    0.0000 107
B046      40.3220 -124.2843    0.0000    0.0000       2       0       0       0    0.0132    0.0000 107
B047      40.2499 -124.1699    0.0000    0.0000       0       6       0       0    0.0111    0.0000 107
B932      40.2750 -124.2212    0.0000    0.0000       3       7       0       0    0.0356    0.0000 107
JCC       40.8175 -124.0295    0.0000    0.0000      10      10       8       8       NaN       NaN 108
B045      40.4360 -123.9965    0.0000    0.0000       6      10       6       8       NaN       NaN 108
B046      40.3220 -124.2843    0.0000    0.0000       0       3       0       3       NaN       NaN 108
JCC       40.8175 -124.0295    0.0000    0.0000      10      10       8       8       NaN       NaN 109
RBOW      40.3347 -124.1114    0.0000    0.0000       0       3       0       3       NaN       NaN 109
B045      40.4360 -123.9965    0.0000    0.0000       6      10       6       8       NaN       NaN 109
JCC       40.8175 -124.0295    0.0000    0.0000       3       3       3       3       NaN       NaN 110
B046      40.3220 -124.2843    0.0000    0.0000       1       1       1       1       NaN       NaN 110
B047      40.2499 -124.1699    0.0000    0.0000       3       1       3       1       NaN       NaN 110
B932      40.2750 -124.2212    0.0000    0.0000       0       4       0       4       NaN       NaN 110
RBOW      40.3347 -124.1114    0.0000    0.0000       0       1       0       1       NaN       NaN 111
B045      40.4360 -123.9965    0.0000    0.0000       0       3       0       2       NaN       NaN 111
B046      40.3220 -124.2843    0.0000    0.0000       0       1       0       1       NaN       NaN 111
B047      40.2499 -124.1699    0.0000    0.0000       1       1       1       1       NaN       NaN 111
B932      40.2750 -124.2212    0.0000    0.0000       1       2       1       2       NaN       NaN 111
B046      40.3220 -124.2843    0.0000    0.0000       3       3       3       3    0.0994    0.0157 112
B047      40.2499 -124.1699    0.0000    0.0000       1       2       1       3    0.0361    0.0149 112
B932      40.2750 -124.2212    0.0000    0.0000       3       0       3       0    0.0829    0.0113 112
KMPB      40.4172 -124.1208    0.0000    0.0000       3       1       3       1       NaN       NaN 113
1023      40.5761 -124.2637    0.0000    0.0000       0       3       0       3       NaN       NaN 113
1582      40.6990 -124.2010    0.0000    0.0000       3       3       3       3       NaN       NaN 113
B045      40.4360 -123.9965    0.0000    0.0000       3       3       3       3       NaN       NaN 113
B047      40.2499 -124.1699    0.0000    0.0000       3       0       3       0       NaN       NaN 113
JCC       40.8175 -124.0295    0.0000    0.0000       1       2       1       3    0.0646    0.0111 114
B045      40.4360 -123.9965    0.0000    0.0000       3       1       3       1    0.0413    0.0078 114
B047      40.2499 -124.1699    0.0000    0.0000       0       3       0       3    0.0151    0.0033 114
B932      40.2750 -124.2212    0.0000    0.0000       0       3       0       3    0.0085    0.0023 114
B046      40.3220 -124.2843    0.0000    0.0000       1       1       1       1       NaN       NaN 115
B932      40.2750 -124.2212    0.0000    0.0000       1       1       1       1       NaN       NaN 115
89101     40.3250 -124.2877    0.0000    0.0000       0       1       0       1       NaN       NaN 116
B046      40.3220 -124.2843    0.0000    0.0000       0       1       0       1       NaN       NaN 116
B047      40.2499 -124.1699    0.0000    0.0000       1       0       1       0       NaN       NaN 116
B932      40.2750 -124.2212    0.0000    0.0000       1       0       1       0       NaN       NaN 116
