BJES      40.5436 -123.8800    0.0000    0.0000       0      14       1      29    0.0016    0.0582   1
JCC       40.8175 -124.0295    0.0000    0.0000      21      55      76     248    0.0022    0.0853   1
PETL      40.2884 -124.3426    0.0000    0.0000       0      22      33     192    0.0054    0.0618   1
RBOW      40.3347 -124.1114    0.0000    0.0000     101      90     892     752    0.0058    0.0602   1
89101     40.3250 -124.2877    0.0000    0.0000       4      16      31      59    0.0040    0.0488   1
89255     40.5922 -124.1463    0.0000    0.0000       5      22      88     189    0.0057    0.0795   1
89462     40.5036 -124.1010    0.0000    0.0000       2       4      25      33    0.0025    0.0421   1
89781     40.7834 -124.1435    0.0000    0.0000       3       2      41      24    0.0084    0.0856   1
KCO       40.2567 -124.2660    0.0000    0.0000      19      23     205     198    0.0070    0.0477   1
KMPB      40.4172 -124.1208    0.0000    0.0000     201     176    1899    1755    0.0039    0.0576   1
KPR       40.2196 -124.0573    0.0000    0.0000      16      24     164      90    0.0056    0.0511   1
1023      40.5761 -124.2637    0.0000    0.0000       2      10      37      49    0.0044    0.0761   1
1580      40.8777 -124.0774    0.0000    0.0000       0       0       3       0    0.0000    0.0415   1
1581      40.7350 -124.2076    0.0000    0.0000       0       4       6       6    0.0033    0.0844   1
1582      40.6990 -124.2010    0.0000    0.0000       2      31      58     136    0.0042    0.0851   1
1586      40.6442 -124.2207    0.0000    0.0000      11      24     274     264    0.0067    0.0625   1
B045      40.4360 -123.9965    0.0000    0.0000     146     188    1717    1383    0.0038    0.0590   1
B046      40.3220 -124.2843    0.0000    0.0000     214     168    2512    2285    0.0046    0.0498   1
B047      40.2499 -124.1699    0.0000    0.0000     105     144    1298    1250    0.0053    0.0527   1
B932      40.2750 -124.2212    0.0000    0.0000     154     255    2033    2475    0.0046    0.0428   1
BJES      40.5436 -123.8800    0.0000    0.0000       0      13       0      40    0.0092    0.0254   2
JCC       40.8175 -124.0295    0.0000    0.0000       1       2       1       0    0.0043    0.0028   2
PETL      40.2884 -124.3426    0.0000    0.0000       0      75       0     573    0.0087    0.0285   2
RBOW      40.3347 -124.1114    0.0000    0.0000      97     112     537     843    0.0092    0.0295   2
89101     40.3250 -124.2877    0.0000    0.0000       4      26       7      64    0.0058    0.0123   2
89255     40.5922 -124.1463    0.0000    0.0000      13      21      20      40    0.0084    0.0270   2
89462     40.5036 -124.1010    0.0000    0.0000       7       9       6      14    0.0100    0.0115   2
89781     40.7834 -124.1435    0.0000    0.0000       0       1       0       0    0.0038    0.0000   2
KCO       40.2567 -124.2660    0.0000    0.0000      46      58     168     300    0.0092    0.0226   2
KMPB      40.4172 -124.1208    0.0000    0.0000      90      84     723     733    0.0105    0.0322   2
KPR       40.2196 -124.0573    0.0000    0.0000      90     116     627    1274    0.0102    0.0339   2
1023      40.5761 -124.2637    0.0000    0.0000       7      34       7      95    0.0086    0.0223   2
1580      40.8777 -124.0774    0.0000    0.0000       0       3       0       3    0.0088    0.0118   2
1581      40.7350 -124.2076    0.0000    0.0000       0       2       0       1    0.0058    0.0087   2
1582      40.6990 -124.2010    0.0000    0.0000       2       4       1       1    0.0069    0.0059   2
1586      40.6442 -124.2207    0.0000    0.0000      19      39      22     162    0.0092    0.0293   2
B045      40.4360 -123.9965    0.0000    0.0000      92      88     544     515    0.0074    0.0338   2
B046      40.3220 -124.2843    0.0000    0.0000      52     107     249     752    0.0082    0.0183   2
B047      40.2499 -124.1699    0.0000    0.0000     126     132     871    1103    0.0093    0.0294   2
B932      40.2750 -124.2212    0.0000    0.0000      61     156     353    1237    0.0072    0.0232   2
JCC       40.8175 -124.0295    0.0000    0.0000       3       8       2      13    0.0047    0.0381   3
PETL      40.2884 -124.3426    0.0000    0.0000       0     130       3     890    0.0057    0.0277   3
RBOW      40.3347 -124.1114    0.0000    0.0000      65     103     258     574    0.0094    0.0304   3
89101     40.3250 -124.2877    0.0000    0.0000       1      57       1     336    0.0089    0.0313   3
89255     40.5922 -124.1463    0.0000    0.0000       4      10       4      25    0.0062    0.0346   3
89462     40.5036 -124.1010    0.0000    0.0000       2       1       2       0    0.0093    0.0041   3
KCO       40.2567 -124.2660    0.0000    0.0000      16      73      35     358    0.0090    0.0205   3
KMPB      40.4172 -124.1208    0.0000    0.0000      35      33     227     217    0.0092    0.0324   3
KPR       40.2196 -124.0573    0.0000    0.0000      21      87      55     549    0.0092    0.0227   3
1023      40.5761 -124.2637    0.0000    0.0000       0      18       0      56    0.0032    0.0365   3
1581      40.7350 -124.2076    0.0000    0.0000       0       3       0       1    0.0046    0.0726   3
1582      40.6990 -124.2010    0.0000    0.0000       0      14       0      39    0.0075    0.0459   3
1586      40.6442 -124.2207    0.0000    0.0000       0      12       0      24    0.0107    0.0466   3
B045      40.4360 -123.9965    0.0000    0.0000      31      33      65     162    0.0092    0.0411   3
B046      40.3220 -124.2843    0.0000    0.0000      21      83      61     306    0.0074    0.0269   3
B047      40.2499 -124.1699    0.0000    0.0000      36      70     140     212    0.0087    0.0276   3
B932      40.2750 -124.2212    0.0000    0.0000      26     118      81     674    0.0099    0.0272   3
JCC       40.8175 -124.0295    0.0000    0.0000     110     136       0       0    0.0042    0.0000   4
PETL      40.2884 -124.3426    0.0000    0.0000       0      66       0       0    0.0057    0.0000   4
RBOW      40.3347 -124.1114    0.0000    0.0000      37     124       0       0    0.0047    0.0000   4
89101     40.3250 -124.2877    0.0000    0.0000      10      40       0       0    0.0074    0.0000   4
89255     40.5922 -124.1463    0.0000    0.0000       0      50       0       0    0.0050    0.0000   4
KCO       40.2567 -124.2660    0.0000    0.0000      24      37       0       0    0.0076    0.0000   4
KMPB      40.4172 -124.1208    0.0000    0.0000     136     164       0       0    0.0053    0.0000   4
KPR       40.2196 -124.0573    0.0000    0.0000       8     106       0       0    0.0081    0.0000   4
1580      40.8777 -124.0774    0.0000    0.0000       0       1       0       0    0.0017    0.0000   4
1582      40.6990 -124.2010    0.0000    0.0000       6      14       0       0    0.0040    0.0000   4
1586      40.6442 -124.2207    0.0000    0.0000      41      37       0       0    0.0052    0.0000   4
B045      40.4360 -123.9965    0.0000    0.0000      80     113       0       0    0.0044    0.0000   4
B046      40.3220 -124.2843    0.0000    0.0000     160     168       0       0    0.0041    0.0000   4
B047      40.2499 -124.1699    0.0000    0.0000      54     107       0       0    0.0048    0.0000   4
B932      40.2750 -124.2212    0.0000    0.0000     140     169       0       0    0.0033    0.0000   4
BJES      40.5436 -123.8800    0.0000    0.0000       0       3       0       5    0.0091    0.0152   5
JCC       40.8175 -124.0295    0.0000    0.0000       1       8       1      14    0.0054    0.0374   5
PETL      40.2884 -124.3426    0.0000    0.0000       0      24       0      79    0.0073    0.0304   5
RBOW      40.3347 -124.1114    0.0000    0.0000      39      72     129     424    0.0112    0.0335   5
89101     40.3250 -124.2877    0.0000    0.0000       0       6       0      14    0.0163    0.0412   5
89255     40.5922 -124.1463    0.0000    0.0000       4       5       7       7    0.0070    0.0099   5
89781     40.7834 -124.1435    0.0000    0.0000       0       1       0       1    0.0036    0.0036   5
KCO       40.2567 -124.2660    0.0000    0.0000      21      32      49     131    0.0090    0.0346   5
KMPB      40.4172 -124.1208    0.0000    0.0000      34      36     157     231    0.0091    0.0339   5
KPR       40.2196 -124.0573    0.0000    0.0000      35      59     158     366    0.0109    0.0371   5
1023      40.5761 -124.2637    0.0000    0.0000       1       8       1      15    0.0061    0.0376   5
1582      40.6990 -124.2010    0.0000    0.0000       2       4       1       5    0.0161    0.0568   5
1586      40.6442 -124.2207    0.0000    0.0000      14      12      53      41    0.0079    0.0094   5
B045      40.4360 -123.9965    0.0000    0.0000      53      57     226     238    0.0072    0.0389   5
B046      40.3220 -124.2843    0.0000    0.0000      24      60      60     234    0.0116    0.0361   5
B047      40.2499 -124.1699    0.0000    0.0000      43      58     178     290    0.0088    0.0373   5
B932      40.2750 -124.2212    0.0000    0.0000      15      65      58     391    0.0107    0.0392   5
RBOW      40.3347 -124.1114    0.0000    0.0000     128     109     964     561    0.0221    0.0510   6
89255     40.5922 -124.1463    0.0000    0.0000       0      33       0      42    0.0130    0.0820   6
KCO       40.2567 -124.2660    0.0000    0.0000       8     100       5     216    0.0099    0.0387   6
KMPB      40.4172 -124.1208    0.0000    0.0000      93     124     201     408    0.0195    0.0730   6
KPR       40.2196 -124.0573    0.0000    0.0000      14     117      22     303    0.0082    0.0349   6
1023      40.5761 -124.2637    0.0000    0.0000       3      30       0      44    0.0080    0.0631   6
1581      40.7350 -124.2076    0.0000    0.0000       0       2       0       0    0.0103    0.0000   6
1582      40.6990 -124.2010    0.0000    0.0000      10      56       0      74    0.0168    0.0925   6
1586      40.6442 -124.2207    0.0000    0.0000      21      25       4      48    0.0073    0.0621   6
B045      40.4360 -123.9965    0.0000    0.0000      85     124     184     374    0.0203    0.0734   6
B046      40.3220 -124.2843    0.0000    0.0000      67     126     286     910    0.0186    0.0518   6
B932      40.2750 -124.2212    0.0000    0.0000      16     133      25     476    0.0151    0.0391   6
JCC       40.8175 -124.0295    0.0000    0.0000       1       0       0       0    0.0005    0.0000   7
PETL      40.2884 -124.3426    0.0000    0.0000       0      11       0      56    0.0090    0.0208   7
RBOW      40.3347 -124.1114    0.0000    0.0000      28      19     216     149    0.0119    0.0224   7
89101     40.3250 -124.2877    0.0000    0.0000       1       9       1      10    0.0116    0.0191   7
89255     40.5922 -124.1463    0.0000    0.0000       0       2       0       1    0.0038    0.0051   7
89462     40.5036 -124.1010    0.0000    0.0000       0       1       0       1    0.0066    0.0166   7
89781     40.7834 -124.1435    0.0000    0.0000       0       2       0       3    0.0090    0.0123   7
KCO       40.2567 -124.2660    0.0000    0.0000       5       7       6       9    0.0082    0.0231   7
KMPB      40.4172 -124.1208    0.0000    0.0000      42      22     316     104    0.0137    0.0165   7
KPR       40.2196 -124.0573    0.0000    0.0000      10       9      19      36    0.0072    0.0180   7
1023      40.5761 -124.2637    0.0000    0.0000       0       4       0       9    0.0048    0.0337   7
1582      40.6990 -124.2010    0.0000    0.0000       0       4       0       6    0.0051    0.0145   7
1586      40.6442 -124.2207    0.0000    0.0000       0       1       0       1    0.0037    0.0063   7
B045      40.4360 -123.9965    0.0000    0.0000      13      56      23     320    0.0054    0.0173   7
B046      40.3220 -124.2843    0.0000    0.0000      34      34     169     141    0.0085    0.0234   7
B047      40.2499 -124.1699    0.0000    0.0000      37      17     192      32    0.0114    0.0173   7
B932      40.2750 -124.2212    0.0000    0.0000      34      38     148     165    0.0084    0.0192   7
KMPB      40.4172 -124.1208    0.0000    0.0000      63      95     163     250    0.0086    0.0174   8
B045      40.4360 -123.9965    0.0000    0.0000      52      83      74     141    0.0101    0.0250   8
B046      40.3220 -124.2843    0.0000    0.0000      81      85     306     319    0.0147    0.0166   8
B932      40.2750 -124.2212    0.0000    0.0000      81     104     279     377    0.0097    0.0147   8
PETL      40.2884 -124.3426    0.0000    0.0000       0      76       0       0    0.0121    0.0000   9
KCO       40.2567 -124.2660    0.0000    0.0000      25      29       0       0    0.0099    0.0000   9
KMPB      40.4172 -124.1208    0.0000    0.0000      27      97       0       0    0.0083    0.0000   9
1586      40.6442 -124.2207    0.0000    0.0000       0      32       0       0    0.0155    0.0000   9
B046      40.3220 -124.2843    0.0000    0.0000      94      86       0       0    0.0086    0.0000   9
B932      40.2750 -124.2212    0.0000    0.0000      97      46       0       0    0.0064    0.0000   9
JCC       40.8175 -124.0295    0.0000    0.0000       1      78       0     416    0.0048    0.0591  10
RBOW      40.3347 -124.1114    0.0000    0.0000      35      51     121     306    0.0098    0.0412  10
89101     40.3250 -124.2877    0.0000    0.0000       2      45       2     219    0.0091    0.0333  10
89255     40.5922 -124.1463    0.0000    0.0000       1      25       0      63    0.0116    0.0414  10
KCO       40.2567 -124.2660    0.0000    0.0000      15      39      32     183    0.0129    0.0400  10
KPR       40.2196 -124.0573    0.0000    0.0000      28      57      93     427    0.0118    0.0390  10
1586      40.6442 -124.2207    0.0000    0.0000       0      17       0      36    0.0052    0.0319  10
B045      40.4360 -123.9965    0.0000    0.0000      17      24      33      56    0.0070    0.0343  10
B047      40.2499 -124.1699    0.0000    0.0000      44      58     198     376    0.0100    0.0422  10
B932      40.2750 -124.2212    0.0000    0.0000      56      69     304     540    0.0102    0.0416  10
KMPB      40.4172 -124.1208    0.0000    0.0000      64      72       0       0    0.0087    0.0000  11
B045      40.4360 -123.9965    0.0000    0.0000      66      71       0       0    0.0079    0.0000  11
B046      40.3220 -124.2843    0.0000    0.0000      73      72       0       0    0.0090    0.0000  11
B932      40.2750 -124.2212    0.0000    0.0000      70      63       0       0    0.0097    0.0000  11
JCC       40.8175 -124.0295    0.0000    0.0000       3       2       0       0    0.0118    0.0000  12
PETL      40.2884 -124.3426    0.0000    0.0000       0      37       0     113    0.0205    0.0374  12
RBOW      40.3347 -124.1114    0.0000    0.0000       4       6       4       2    0.0255    0.0229  12
KCO       40.2567 -124.2660    0.0000    0.0000       1      24       0      50    0.0244    0.0405  12
KPR       40.2196 -124.0573    0.0000    0.0000       1      44       0     165    0.0368    0.0418  12
1023      40.5761 -124.2637    0.0000    0.0000       9       1       8       0    0.0100    0.1302  12
1586      40.6442 -124.2207    0.0000    0.0000      21       2      51       0    0.0119    0.0978  12
B045      40.4360 -123.9965    0.0000    0.0000      42      35     146     170    0.0249    0.0930  12
B046      40.3220 -124.2843    0.0000    0.0000       0      45       0     262    0.0352    0.0453  12
B047      40.2499 -124.1699    0.0000    0.0000      28      43      62     129    0.0348    0.0472  12
B932      40.2750 -124.2212    0.0000    0.0000       4      22       1      65    0.0229    0.0562  12
89101     40.3250 -124.2877    0.0000    0.0000       0      27       0     142    0.0356    0.0776  13
KCO       40.2567 -124.2660    0.0000    0.0000      29      28     174     183    0.0315    0.0934  13
KMPB      40.4172 -124.1208    0.0000    0.0000      38      26     234     192    0.0251    0.0973  13
B045      40.4360 -123.9965    0.0000    0.0000      50      51     327     494    0.0333    0.1144  13
B047      40.2499 -124.1699    0.0000    0.0000      50      37     362     306    0.0303    0.0958  13
JCC       40.8175 -124.0295    0.0000    0.0000      10       7      10       3    0.0135    0.0703  14
PETL      40.2884 -124.3426    0.0000    0.0000       0      13       0      51    0.0197    0.0190  14
RBOW      40.3347 -124.1114    0.0000    0.0000      16      18      65      89    0.0148    0.0600  14
89101     40.3250 -124.2877    0.0000    0.0000       0       2       0       1    0.0267    0.0416  14
KCO       40.2567 -124.2660    0.0000    0.0000       2       2       1       0    0.0150    0.0044  14
KMPB      40.4172 -124.1208    0.0000    0.0000      20      25     105     201    0.0184    0.0797  14
1586      40.6442 -124.2207    0.0000    0.0000       0       2       0       1    0.0160    0.0622  14
B045      40.4360 -123.9965    0.0000    0.0000      19      36      99     142    0.0162    0.0817  14
B046      40.3220 -124.2843    0.0000    0.0000       6      18       9      41    0.0141    0.0325  14
B047      40.2499 -124.1699    0.0000    0.0000       4      32       2     165    0.0101    0.0548  14
B932      40.2750 -124.2212    0.0000    0.0000      23      40     107     225    0.0117    0.0606  14
RBOW      40.3347 -124.1114    0.0000    0.0000      34      32     223     254    0.0193    0.0596  15
89255     40.5922 -124.1463    0.0000    0.0000       1       0       1       0    0.0021    0.0321  15
KCO       40.2567 -124.2660    0.0000    0.0000       6      24       9     115    0.0156    0.0546  15
KMPB      40.4172 -124.1208    0.0000    0.0000      33      30     196     243    0.0173    0.0682  15
KPR       40.2196 -124.0573    0.0000    0.0000       4      44       4     390    0.0101    0.0484  15
B045      40.4360 -123.9965    0.0000    0.0000      23      11     121      30    0.0089    0.0661  15
B046      40.3220 -124.2843    0.0000    0.0000      23      37     104     253    0.0170    0.0708  15
B047      40.2499 -124.1699    0.0000    0.0000      23      44     100     290    0.0116    0.0455  15
JCC       40.8175 -124.0295    0.0000    0.0000      42      47     123     118    0.0145    0.0554  16
RBOW      40.3347 -124.1114    0.0000    0.0000       3      38       0     177    0.0195    0.0324  16
89255     40.5922 -124.1463    0.0000    0.0000      11       7       3       2    0.0103    0.0091  16
1023      40.5761 -124.2637    0.0000    0.0000       2       9       1       1    0.0132    0.0124  16
1586      40.6442 -124.2207    0.0000    0.0000      15       8       8       4    0.0108    0.0095  16
B045      40.4360 -123.9965    0.0000    0.0000      17      19      16      49    0.0167    0.0406  16
B046      40.3220 -124.2843    0.0000    0.0000      16      46      23     192    0.0155    0.0213  16
B047      40.2499 -124.1699    0.0000    0.0000      10      41      16     152    0.0107    0.0154  16
B932      40.2750 -124.2212    0.0000    0.0000       7      52       4     216    0.0100    0.0185  16
PETL      40.2884 -124.3426    0.0000    0.0000       0       3       0       0    0.0230    0.0000  17
RBOW      40.3347 -124.1114    0.0000    0.0000       5      21       7      89    0.0330    0.1008  17
KCO       40.2567 -124.2660    0.0000    0.0000      21       6      90      21    0.0236    0.0842  17
1582      40.6990 -124.2010    0.0000    0.0000       0       2       0       1    0.0245    0.0454  17
1586      40.6442 -124.2207    0.0000    0.0000       0       2       0       2    0.0099    0.0542  17
B045      40.4360 -123.9965    0.0000    0.0000      27      25     125     116    0.0288    0.0830  17
B046      40.3220 -124.2843    0.0000    0.0000      28      22     169      68    0.0508    0.1109  17
B047      40.2499 -124.1699    0.0000    0.0000      25      21     129     138    0.0349    0.0922  17
B932      40.2750 -124.2212    0.0000    0.0000      13      31      22     162    0.0359    0.1067  17
RBOW      40.3347 -124.1114    0.0000    0.0000      35      32       0       0    0.0138    0.0000  18
KMPB      40.4172 -124.1208    0.0000    0.0000      46      16       0       0    0.0059    0.0000  18
KPR       40.2196 -124.0573    0.0000    0.0000      47      24       0       0    0.0111    0.0000  18
B045      40.4360 -123.9965    0.0000    0.0000      22      50       0       0    0.0080    0.0000  18
B046      40.3220 -124.2843    0.0000    0.0000      52      15       0       0    0.0105    0.0000  18
B047      40.2499 -124.1699    0.0000    0.0000      37      38       0       0    0.0088    0.0000  18
RBOW      40.3347 -124.1114    0.0000    0.0000      24      45       0       0    0.0113    0.0000  19
89255     40.5922 -124.1463    0.0000    0.0000       1      11       0       0    0.0193    0.0000  19
89462     40.5036 -124.1010    0.0000    0.0000       0       4       0       0    0.0184    0.0000  19
KCO       40.2567 -124.2660    0.0000    0.0000       3      23       0       0    0.0140    0.0000  19
KMPB      40.4172 -124.1208    0.0000    0.0000      22      33       0       0    0.0118    0.0000  19
1582      40.6990 -124.2010    0.0000    0.0000       0      18       0       0    0.0224    0.0000  19
1586      40.6442 -124.2207    0.0000    0.0000       2      12       0       0    0.0161    0.0000  19
B045      40.4360 -123.9965    0.0000    0.0000       4      14       0       0    0.0146    0.0000  19
B046      40.3220 -124.2843    0.0000    0.0000      15      35       0       0    0.0145    0.0000  19
B047      40.2499 -124.1699    0.0000    0.0000      13      36       0       0    0.0061    0.0000  19
B932      40.2750 -124.2212    0.0000    0.0000       8      51       0       0    0.0115    0.0000  19
RBOW      40.3347 -124.1114    0.0000    0.0000       8      30       0       0    0.0050    0.0000  20
1586      40.6442 -124.2207    0.0000    0.0000      12      11       0       0    0.0173    0.0000  20
B046      40.3220 -124.2843    0.0000    0.0000      18      20       0       0    0.0182    0.0000  20
B047      40.2499 -124.1699    0.0000    0.0000      23      39       0       0    0.0123    0.0000  20
B932      40.2750 -124.2212    0.0000    0.0000      40      39       0       0    0.0153    0.0000  20
JCC       40.8175 -124.0295    0.0000    0.0000      29      35     139     150    0.0170    0.0365  21
RBOW      40.3347 -124.1114    0.0000    0.0000       6      22      10     119    0.0161    0.0328  21
89101     40.3250 -124.2877    0.0000    0.0000       2      23       0     122    0.0102    0.0345  21
89255     40.5922 -124.1463    0.0000    0.0000      12       7      37      15    0.0151    0.0073  21
89781     40.7834 -124.1435    0.0000    0.0000       0       6       0      11    0.0118    0.0104  21
KCO       40.2567 -124.2660    0.0000    0.0000       0      18       0      88    0.0145    0.0400  21
KPR       40.2196 -124.0573    0.0000    0.0000      12      25      37     172    0.0181    0.0392  21
1023      40.5761 -124.2637    0.0000    0.0000       3       4       1       3    0.0179    0.0073  21
1580      40.8777 -124.0774    0.0000    0.0000       0      13       0      34    0.0134    0.0159  21
1581      40.7350 -124.2076    0.0000    0.0000       1       7       0      12    0.0188    0.0093  21
1582      40.6990 -124.2010    0.0000    0.0000       3      15       2      47    0.0113    0.0253  21
1586      40.6442 -124.2207    0.0000    0.0000      13      18      33      56    0.0101    0.0329  21
B047      40.2499 -124.1699    0.0000    0.0000       5      16       3      61    0.0086    0.0164  21
B932      40.2750 -124.2212    0.0000    0.0000       8      26      14     166    0.0113    0.0315  21
JCC       40.8175 -124.0295    0.0000    0.0000      34      37       0       0    0.0133    0.0000  22
PETL      40.2884 -124.3426    0.0000    0.0000       0      25       0       0    0.0048    0.0000  22
RBOW      40.3347 -124.1114    0.0000    0.0000      15      34       0       0    0.0056    0.0000  22
KCO       40.2567 -124.2660    0.0000    0.0000       9      19       0       0    0.0087    0.0000  22
1023      40.5761 -124.2637    0.0000    0.0000       3       8       0       0    0.0099    0.0000  22
1586      40.6442 -124.2207    0.0000    0.0000      17       4       0       0    0.0099    0.0000  22
B045      40.4360 -123.9965    0.0000    0.0000      28      35       0       0    0.0081    0.0000  22
B047      40.2499 -124.1699    0.0000    0.0000      22      25       0       0    0.0077    0.0000  22
B932      40.2750 -124.2212    0.0000    0.0000      42      44       0       0    0.0085    0.0000  22
JCC       40.8175 -124.0295    0.0000    0.0000       1      35       0       0    0.0288    0.0000  23
PETL      40.2884 -124.3426    0.0000    0.0000       0      30       0       0    0.0158    0.0000  23
RBOW      40.3347 -124.1114    0.0000    0.0000      32      23       0       0    0.0248    0.0000  23
89101     40.3250 -124.2877    0.0000    0.0000       6      12       0       0    0.0247    0.0000  23
89255     40.5922 -124.1463    0.0000    0.0000       0      12       0       0    0.0157    0.0000  23
KCO       40.2567 -124.2660    0.0000    0.0000       1      20       0       0    0.0198    0.0000  23
KPR       40.2196 -124.0573    0.0000    0.0000       2      28       0       0    0.0242    0.0000  23
1023      40.5761 -124.2637    0.0000    0.0000       0      28       0       0    0.0211    0.0000  23
1580      40.8777 -124.0774    0.0000    0.0000       0       4       0       0    0.0152    0.0000  23
1582      40.6990 -124.2010    0.0000    0.0000       0      20       0       0    0.0142    0.0000  23
1586      40.6442 -124.2207    0.0000    0.0000       0      22       0       0    0.0217    0.0000  23
B045      40.4360 -123.9965    0.0000    0.0000      17      14       0       0    0.0293    0.0000  23
B047      40.2499 -124.1699    0.0000    0.0000      13      20       0       0    0.0217    0.0000  23
B932      40.2750 -124.2212    0.0000    0.0000      23      29       0       0    0.0208    0.0000  23
RBOW      40.3347 -124.1114    0.0000    0.0000       0      19       0      80    0.0367    0.0284  24
KCO       40.2567 -124.2660    0.0000    0.0000      37      15     278      50    0.0262    0.0440  24
KMPB      40.4172 -124.1208    0.0000    0.0000       6      22      11     128    0.0386    0.0328  24
KPR       40.2196 -124.0573    0.0000    0.0000       3      39       1     298    0.0350    0.0439  24
B045      40.4360 -123.9965    0.0000    0.0000      13      32      55     249    0.0225    0.0503  24
B046      40.3220 -124.2843    0.0000    0.0000       6      34       9     239    0.0174    0.0457  24
B047      40.2499 -124.1699    0.0000    0.0000      16      15      40      64    0.0241    0.0628  24
B932      40.2750 -124.2212    0.0000    0.0000      10       8      26       2    0.0424    0.0394  24
RBOW      40.3347 -124.1114    0.0000    0.0000      22      24     128     106    0.0207    0.0191  25
1586      40.6442 -124.2207    0.0000    0.0000       1      11       0      19    0.0162    0.0278  25
B045      40.4360 -123.9965    0.0000    0.0000      10      14      29      33    0.0204    0.0290  25
B046      40.3220 -124.2843    0.0000    0.0000       1      25       1      78    0.0140    0.0114  25
B047      40.2499 -124.1699    0.0000    0.0000      11      33      31     135    0.0113    0.0177  25
B932      40.2750 -124.2212    0.0000    0.0000      17      43      51     181    0.0137    0.0172  25
RBOW      40.3347 -124.1114    0.0000    0.0000       3       6       2      13    0.0143    0.0262  26
KMPB      40.4172 -124.1208    0.0000    0.0000       6      11       3      21    0.0250    0.0269  26
KPR       40.2196 -124.0573    0.0000    0.0000       0       9       0      41    0.0092    0.0096  26
1023      40.5761 -124.2637    0.0000    0.0000       1       0       0       0    0.0056    0.0000  26
1586      40.6442 -124.2207    0.0000    0.0000       7       1       4       1    0.0258    0.0205  26
B045      40.4360 -123.9965    0.0000    0.0000       9      13      20      64    0.0089    0.0323  26
B046      40.3220 -124.2843    0.0000    0.0000       8      28      22     121    0.0157    0.0144  26
B047      40.2499 -124.1699    0.0000    0.0000       4      27       7     121    0.0100    0.0101  26
B932      40.2750 -124.2212    0.0000    0.0000      17      30      47     136    0.0128    0.0140  26
JCC       40.8175 -124.0295    0.0000    0.0000       5      14      12      60    0.0218    0.0591  27
PETL      40.2884 -124.3426    0.0000    0.0000       0       9       0      22    0.0232    0.0221  27
RBOW      40.3347 -124.1114    0.0000    0.0000       7      26      13     118    0.0218    0.0478  27
89101     40.3250 -124.2877    0.0000    0.0000       0       6       0      20    0.0229    0.0557  27
KCO       40.2567 -124.2660    0.0000    0.0000       0       7       0      15    0.0143    0.0038  27
KMPB      40.4172 -124.1208    0.0000    0.0000      14       8      56      35    0.0195    0.0608  27
KPR       40.2196 -124.0573    0.0000    0.0000       2      16       3      89    0.0139    0.0478  27
1582      40.6990 -124.2010    0.0000    0.0000       0      12       0      43    0.0179    0.0623  27
1586      40.6442 -124.2207    0.0000    0.0000       1       6       1      16    0.0121    0.0672  27
B045      40.4360 -123.9965    0.0000    0.0000      15       5      57      13    0.0100    0.0714  27
B046      40.3220 -124.2843    0.0000    0.0000      12      21      40      97    0.0285    0.0319  27
B047      40.2499 -124.1699    0.0000    0.0000       3       8       5      20    0.0082    0.0072  27
B932      40.2750 -124.2212    0.0000    0.0000       1      36       1     169    0.0147    0.0375  27
KCO       40.2567 -124.2660    0.0000    0.0000       0      15       0      40    0.0061    0.0031  28
B045      40.4360 -123.9965    0.0000    0.0000       0      11       0      63    0.0089    0.0097  28
B046      40.3220 -124.2843    0.0000    0.0000       3      29       3      62    0.0085    0.0049  28
B047      40.2499 -124.1699    0.0000    0.0000       3      26       0      56    0.0080    0.0040  28
B932      40.2750 -124.2212    0.0000    0.0000       5      40       4      81    0.0096    0.0039  28
JCC       40.8175 -124.0295    0.0000    0.0000      20      34     125     312    0.0131    0.0932  29
RBOW      40.3347 -124.1114    0.0000    0.0000      12      22      45     149    0.0258    0.0415  29
89101     40.3250 -124.2877    0.0000    0.0000       1       7       0      15    0.0277    0.0378  29
89255     40.5922 -124.1463    0.0000    0.0000       0       1       0       0    0.0153    0.0000  29
KCO       40.2567 -124.2660    0.0000    0.0000       4       9       3      22    0.0142    0.0192  29
KPR       40.2196 -124.0573    0.0000    0.0000      10      22      30     163    0.0295    0.0386  29
1582      40.6990 -124.2010    0.0000    0.0000       0       8       0      14    0.0122    0.0994  29
1586      40.6442 -124.2207    0.0000    0.0000       0       2       0       0    0.0072    0.0000  29
B045      40.4360 -123.9965    0.0000    0.0000       3       0       1       0    0.0052    0.0721  29
B046      40.3220 -124.2843    0.0000    0.0000      15      26      70     203    0.0182    0.0417  29
B047      40.2499 -124.1699    0.0000    0.0000      14      28      73     228    0.0196    0.0389  29
B932      40.2750 -124.2212    0.0000    0.0000      18      34     108     307    0.0216    0.0397  29
PETL      40.2884 -124.3426    0.0000    0.0000       0      29       0     236    0.0090    0.0110  30
RBOW      40.3347 -124.1114    0.0000    0.0000      12      20      70     112    0.0104    0.0076  30
89101     40.3250 -124.2877    0.0000    0.0000       2      15       1      76    0.0080    0.0056  30
KCO       40.2567 -124.2660    0.0000    0.0000       1       5       0      10    0.0083    0.0089  30
KMPB      40.4172 -124.1208    0.0000    0.0000      14      20      36     109    0.0090    0.0110  30
B045      40.4360 -123.9965    0.0000    0.0000       0       9       0      33    0.0083    0.0156  30
B046      40.3220 -124.2843    0.0000    0.0000      12      23      39     148    0.0075    0.0070  30
B047      40.2499 -124.1699    0.0000    0.0000      14      22      78     162    0.0065    0.0067  30
B932      40.2750 -124.2212    0.0000    0.0000      21      32     135     281    0.0098    0.0079  30
JCC       40.8175 -124.0295    0.0000    0.0000      28      36       0       0    0.0148    0.0000  31
B045      40.4360 -123.9965    0.0000    0.0000       3      33       0       0    0.0201    0.0000  31
B046      40.3220 -124.2843    0.0000    0.0000      22       4       0       0    0.0078    0.0000  31
B047      40.2499 -124.1699    0.0000    0.0000      20      28       0       0    0.0064    0.0000  31
B932      40.2750 -124.2212    0.0000    0.0000       7      12       0       0    0.0074    0.0000  31
KMPB      40.4172 -124.1208    0.0000    0.0000      23      36       0       0    0.0356    0.0000  32
B045      40.4360 -123.9965    0.0000    0.0000      32      32       0       0    0.0426    0.0000  32
B046      40.3220 -124.2843    0.0000    0.0000      10      16       0       0    0.0270    0.0000  32
B932      40.2750 -124.2212    0.0000    0.0000       3      30       0       0    0.0108    0.0000  32
JCC       40.8175 -124.0295    0.0000    0.0000       1      17       1      85    0.0309    0.0688  33
PETL      40.2884 -124.3426    0.0000    0.0000       0       9       0      26    0.0152    0.0432  33
RBOW      40.3347 -124.1114    0.0000    0.0000      11      16      33      58    0.0240    0.0323  33
89101     40.3250 -124.2877    0.0000    0.0000       1      11       1      32    0.0198    0.0265  33
89255     40.5922 -124.1463    0.0000    0.0000       0       2       0       3    0.0063    0.0078  33
89462     40.5036 -124.1010    0.0000    0.0000       0       2       0       3    0.0110    0.0115  33
KCO       40.2567 -124.2660    0.0000    0.0000       5      15       6      62    0.0247    0.0260  33
KMPB      40.4172 -124.1208    0.0000    0.0000       6       9      11      23    0.0299    0.0432  33
KPR       40.2196 -124.0573    0.0000    0.0000       3      12       4      34    0.0278    0.0331  33
1023      40.5761 -124.2637    0.0000    0.0000       0       1       0       1    0.0270    0.0030  33
1586      40.6442 -124.2207    0.0000    0.0000       0       1       0       1    0.0202    0.0002  33
B045      40.4360 -123.9965    0.0000    0.0000       5       7       5      17    0.0214    0.0151  33
B046      40.3220 -124.2843    0.0000    0.0000       6      11      12      24    0.0178    0.0334  33
B047      40.2499 -124.1699    0.0000    0.0000       7      14      28      76    0.0208    0.0340  33
B932      40.2750 -124.2212    0.0000    0.0000      12      20      46      87    0.0247    0.0261  33
JCC       40.8175 -124.0295    0.0000    0.0000       0       2       0       0    0.0044    0.0000  34
PETL      40.2884 -124.3426    0.0000    0.0000       0      19       0       0    0.0190    0.0000  34
RBOW      40.3347 -124.1114    0.0000    0.0000       6       9       0       0    0.0086    0.0000  34
89101     40.3250 -124.2877    0.0000    0.0000       2      13       0       0    0.0292    0.0000  34
89255     40.5922 -124.1463    0.0000    0.0000       0       6       0       0    0.0222    0.0000  34
KCO       40.2567 -124.2660    0.0000    0.0000       0       3       0       0    0.0346    0.0000  34
KPR       40.2196 -124.0573    0.0000    0.0000       0       3       0       0    0.0087    0.0000  34
1023      40.5761 -124.2637    0.0000    0.0000       0       5       0       0    0.0053    0.0000  34
1582      40.6990 -124.2010    0.0000    0.0000       0       7       0       0    0.0065    0.0000  34
1586      40.6442 -124.2207    0.0000    0.0000       0       9       0       0    0.0140    0.0000  34
B046      40.3220 -124.2843    0.0000    0.0000      10      19       0       0    0.0152    0.0000  34
B047      40.2499 -124.1699    0.0000    0.0000       3      21       0       0    0.0094    0.0000  34
B932      40.2750 -124.2212    0.0000    0.0000       0      25       0       0    0.0132    0.0000  34
B045      40.4360 -123.9965    0.0000    0.0000       2      24       0       0    0.0491    0.0000  35
B046      40.3220 -124.2843    0.0000    0.0000      20      26       0       0    0.0354    0.0000  35
B047      40.2499 -124.1699    0.0000    0.0000       6      20       0       0    0.0429    0.0000  35
B932      40.2750 -124.2212    0.0000    0.0000      24      32       0       0    0.0300    0.0000  35
PETL      40.2884 -124.3426    0.0000    0.0000       0      12       0      24    0.0182    0.0134  36
KCO       40.2567 -124.2660    0.0000    0.0000      17      19      36      41    0.0374    0.0204  36
B045      40.4360 -123.9965    0.0000    0.0000       8      20      17      50    0.0360    0.0263  36
B047      40.2499 -124.1699    0.0000    0.0000      22      25      59      54    0.0552    0.0265  36
B932      40.2750 -124.2212    0.0000    0.0000       7      18      19      53    0.0290    0.0201  36
KCO       40.2567 -124.2660    0.0000    0.0000       0       1       0       1    0.0074    0.0026  37
KMPB      40.4172 -124.1208    0.0000    0.0000       0      32       0     265    0.0102    0.0078  37
KPR       40.2196 -124.0573    0.0000    0.0000      21      19     178     151    0.0115    0.0065  37
B045      40.4360 -123.9965    0.0000    0.0000      19      29     136     237    0.0079    0.0075  37
B046      40.3220 -124.2843    0.0000    0.0000      24      32     211     310    0.0047    0.0071  37
B047      40.2499 -124.1699    0.0000    0.0000       1       8       1      31    0.0084    0.0048  37
RBOW      40.3347 -124.1114    0.0000    0.0000       0      15       0      69    0.0047    0.0068  38
89101     40.3250 -124.2877    0.0000    0.0000       0      23       0     142    0.0095    0.0106  38
KCO       40.2567 -124.2660    0.0000    0.0000       9      19      24     111    0.0101    0.0133  38
KMPB      40.4172 -124.1208    0.0000    0.0000       1      23       1     165    0.0080    0.0083  38
KPR       40.2196 -124.0573    0.0000    0.0000       2      21       0     133    0.0119    0.0144  38
1586      40.6442 -124.2207    0.0000    0.0000       0       9       0      22    0.0154    0.0200  38
B046      40.3220 -124.2843    0.0000    0.0000       2      20       0     212    0.0123    0.0100  38
B047      40.2499 -124.1699    0.0000    0.0000       8      11      23      42    0.0079    0.0116  38
B932      40.2750 -124.2212    0.0000    0.0000       0      30       0     214    0.0089    0.0092  38
PETL      40.2884 -124.3426    0.0000    0.0000       0      11       0       0    0.0072    0.0000  39
RBOW      40.3347 -124.1114    0.0000    0.0000       2      24       0       0    0.0063    0.0000  39
B045      40.4360 -123.9965    0.0000    0.0000      15      27       0       0    0.0102    0.0000  39
B046      40.3220 -124.2843    0.0000    0.0000       5       6       0       0    0.0082    0.0000  39
B047      40.2499 -124.1699    0.0000    0.0000      12      14       0       0    0.0047    0.0000  39
B932      40.2750 -124.2212    0.0000    0.0000      30      14       0       0    0.0055    0.0000  39
RBOW      40.3347 -124.1114    0.0000    0.0000       6      25       0       0    0.0242    0.0000  40
89101     40.3250 -124.2877    0.0000    0.0000       0       4       0       0    0.0150    0.0000  40
KCO       40.2567 -124.2660    0.0000    0.0000       5      13       0       0    0.0284    0.0000  40
B045      40.4360 -123.9965    0.0000    0.0000      15      22       0       0    0.0272    0.0000  40
B046      40.3220 -124.2843    0.0000    0.0000       1       8       0       0    0.0326    0.0000  40
B047      40.2499 -124.1699    0.0000    0.0000      15      17       0       0    0.0220    0.0000  40
B932      40.2750 -124.2212    0.0000    0.0000       5      29       0       0    0.0123    0.0000  40
PETL      40.2884 -124.3426    0.0000    0.0000       0      21       0       0    0.0181    0.0000  41
RBOW      40.3347 -124.1114    0.0000    0.0000       0      10       0       0    0.0175    0.0000  41
89101     40.3250 -124.2877    0.0000    0.0000       7      16       0       0    0.0183    0.0000  41
KCO       40.2567 -124.2660    0.0000    0.0000       0       6       0       0    0.0224    0.0000  41
KPR       40.2196 -124.0573    0.0000    0.0000       0      14       0       0    0.0206    0.0000  41
1582      40.6990 -124.2010    0.0000    0.0000       1       7       0       0    0.0296    0.0000  41
B046      40.3220 -124.2843    0.0000    0.0000      23      23       0       0    0.0225    0.0000  41
B047      40.2499 -124.1699    0.0000    0.0000       1      16       0       0    0.0170    0.0000  41
RBOW      40.3347 -124.1114    0.0000    0.0000      10      24       0       0    0.0172    0.0000  42
B045      40.4360 -123.9965    0.0000    0.0000       7      11       0       0    0.0184    0.0000  42
B046      40.3220 -124.2843    0.0000    0.0000       1      23       0       0    0.0197    0.0000  42
B047      40.2499 -124.1699    0.0000    0.0000       3      24       0       0    0.0152    0.0000  42
B932      40.2750 -124.2212    0.0000    0.0000       3      26       0       0    0.0134    0.0000  42
JCC       40.8175 -124.0295    0.0000    0.0000       5      11      11      45    0.0117    0.0202  43
PETL      40.2884 -124.3426    0.0000    0.0000       0       1       1       0    0.0034    0.0208  43
RBOW      40.3347 -124.1114    0.0000    0.0000       5      12      18      41    0.0078    0.0138  43
89255     40.5922 -124.1463    0.0000    0.0000       0       1       0       1    0.0157    0.0043  43
KCO       40.2567 -124.2660    0.0000    0.0000       2       0       2       0    0.0019    0.0019  43
KMPB      40.4172 -124.1208    0.0000    0.0000       1      13       1      57    0.0081    0.0096  43
1023      40.5761 -124.2637    0.0000    0.0000       0       0       0       2    0.0000    0.0144  43
1582      40.6990 -124.2010    0.0000    0.0000       0       1       0       1    0.0089    0.0011  43
B045      40.4360 -123.9965    0.0000    0.0000      10      22      48      88    0.0076    0.0122  43
B046      40.3220 -124.2843    0.0000    0.0000       3      10      11      34    0.0065    0.0173  43
B047      40.2499 -124.1699    0.0000    0.0000       8       3      27       8    0.0122    0.0169  43
B932      40.2750 -124.2212    0.0000    0.0000       4      13      22      66    0.0125    0.0146  43
KMPB      40.4172 -124.1208    0.0000    0.0000      13      24      33      75    0.0473    0.0267  44
B046      40.3220 -124.2843    0.0000    0.0000       7      20      16      60    0.0356    0.0252  44
B047      40.2499 -124.1699    0.0000    0.0000       2      19       0      60    0.0251    0.0167  44
B932      40.2750 -124.2212    0.0000    0.0000       3      27       6      80    0.0298    0.0276  44
PETL      40.2884 -124.3426    0.0000    0.0000       0      14       0       0    0.0064    0.0000  45
RBOW      40.3347 -124.1114    0.0000    0.0000      21      22       0       0    0.0077    0.0000  45
B045      40.4360 -123.9965    0.0000    0.0000      16      27       0       0    0.0091    0.0000  45
B932      40.2750 -124.2212    0.0000    0.0000      12      27       0       0    0.0058    0.0000  45
JCC       40.8175 -124.0295    0.0000    0.0000       4       5       7      14    0.0133    0.0154  46
KPR       40.2196 -124.0573    0.0000    0.0000       1       7       7      17    0.0236    0.0183  46
1023      40.5761 -124.2637    0.0000    0.0000       0       9       0      25    0.0074    0.0085  46
1586      40.6442 -124.2207    0.0000    0.0000       0       2       1       5    0.0198    0.0247  46
B045      40.4360 -123.9965    0.0000    0.0000       3       3       7       5    0.0114    0.0164  46
B046      40.3220 -124.2843    0.0000    0.0000       8      15      32      41    0.0109    0.0150  46
B047      40.2499 -124.1699    0.0000    0.0000       1       9       1      23    0.0114    0.0183  46
B932      40.2750 -124.2212    0.0000    0.0000       5      17      16      55    0.0219    0.0197  46
PETL      40.2884 -124.3426    0.0000    0.0000       0       9       0      42    0.0432    0.0487  47
RBOW      40.3347 -124.1114    0.0000    0.0000       5       9      17      33    0.0203    0.0288  47
89101     40.3250 -124.2877    0.0000    0.0000       0       2       1       6    0.0092    0.0464  47
KCO       40.2567 -124.2660    0.0000    0.0000       0       2       2       4    0.0066    0.0342  47
B045      40.4360 -123.9965    0.0000    0.0000       3      11       6      36    0.0266    0.0751  47
B046      40.3220 -124.2843    0.0000    0.0000       2      13       7      56    0.0373    0.0539  47
B047      40.2499 -124.1699    0.0000    0.0000       4      10      12      35    0.0160    0.0426  47
B932      40.2750 -124.2212    0.0000    0.0000       1      17       4      69    0.0159    0.0445  47
PETL      40.2884 -124.3426    0.0000    0.0000       0      18       0       0    0.0121    0.0000  48
RBOW      40.3347 -124.1114    0.0000    0.0000       7      19       0       0    0.0142    0.0000  48
KCO       40.2567 -124.2660    0.0000    0.0000       0       7       0       0    0.0102    0.0000  48
B045      40.4360 -123.9965    0.0000    0.0000       1       7       0       0    0.0097    0.0000  48
B047      40.2499 -124.1699    0.0000    0.0000      10      17       0       0    0.0207    0.0000  48
B932      40.2750 -124.2212    0.0000    0.0000       2      19       0       0    0.0147    0.0000  48
PETL      40.2884 -124.3426    0.0000    0.0000       0      11       0       0    0.0261    0.0000  49
RBOW      40.3347 -124.1114    0.0000    0.0000       2       5       0       0    0.0209    0.0000  49
89462     40.5036 -124.1010    0.0000    0.0000       0       4       0       0    0.0105    0.0000  49
89781     40.7834 -124.1435    0.0000    0.0000       0       2       0       0    0.0395    0.0000  49
KCO       40.2567 -124.2660    0.0000    0.0000       0       1       0       0    0.0092    0.0000  49
KMPB      40.4172 -124.1208    0.0000    0.0000       0      13       0       0    0.0315    0.0000  49
KPR       40.2196 -124.0573    0.0000    0.0000       7      10       0       0    0.0158    0.0000  49
1580      40.8777 -124.0774    0.0000    0.0000       0       1       0       0    0.0225    0.0000  49
1582      40.6990 -124.2010    0.0000    0.0000       0       5       0       0    0.0347    0.0000  49
1586      40.6442 -124.2207    0.0000    0.0000       0       5       0       0    0.0223    0.0000  49
B045      40.4360 -123.9965    0.0000    0.0000       5      19       0       0    0.0236    0.0000  49
B046      40.3220 -124.2843    0.0000    0.0000       7      12       0       0    0.0213    0.0000  49
B932      40.2750 -124.2212    0.0000    0.0000       3      19       0       0    0.0277    0.0000  49
RBOW      40.3347 -124.1114    0.0000    0.0000      10      10      36      30    0.0172    0.0048  50
89255     40.5922 -124.1463    0.0000    0.0000       0       1       0       0    0.0527    0.0000  50
89781     40.7834 -124.1435    0.0000    0.0000       0       1       0       1    0.0008    0.0008  50
KCO       40.2567 -124.2660    0.0000    0.0000       0       3       0       5    0.0081    0.0083  50
KMPB      40.4172 -124.1208    0.0000    0.0000       2       2       2       3    0.0101    0.0116  50
KPR       40.2196 -124.0573    0.0000    0.0000       1       0       1       0    0.0584    0.0216  50
1580      40.8777 -124.0774    0.0000    0.0000       0       1       0       1    0.0054    0.0054  50
1581      40.7350 -124.2076    0.0000    0.0000       0       2       0       3    0.0113    0.0041  50
1582      40.6990 -124.2010    0.0000    0.0000       0       2       0       3    0.0153    0.0075  50
1586      40.6442 -124.2207    0.0000    0.0000       0       2       0       3    0.0154    0.0208  50
B045      40.4360 -123.9965    0.0000    0.0000       9      15      46      56    0.0130    0.0145  50
B046      40.3220 -124.2843    0.0000    0.0000       0      13       0      47    0.0216    0.0063  50
B932      40.2750 -124.2212    0.0000    0.0000       2      13       3      48    0.0080    0.0064  50
JCC       40.8175 -124.0295    0.0000    0.0000      14      11       0       0    0.0375    0.0000  51
B045      40.4360 -123.9965    0.0000    0.0000      15      21       0       0    0.0632    0.0000  51
B932      40.2750 -124.2212    0.0000    0.0000       0      21       0       0    0.0161    0.0000  51
JCC       40.8175 -124.0295    0.0000    0.0000      20      20       0       0    0.0123    0.0000  52
1582      40.6990 -124.2010    0.0000    0.0000       0      11       0       0    0.0072    0.0000  52
B045      40.4360 -123.9965    0.0000    0.0000      18      10       0       0    0.0084    0.0000  52
B047      40.2499 -124.1699    0.0000    0.0000       1       6       0       0    0.0074    0.0000  52
B932      40.2750 -124.2212    0.0000    0.0000       9      12       0       0    0.0061    0.0000  52
JCC       40.8175 -124.0295    0.0000    0.0000       9      11      36      49    0.0047    0.0055  53
PETL      40.2884 -124.3426    0.0000    0.0000       0       4       0       8    0.0127    0.0092  53
RBOW      40.3347 -124.1114    0.0000    0.0000       8       9      37      39    0.0061    0.0061  53
89255     40.5922 -124.1463    0.0000    0.0000       1       5       1      15    0.0068    0.0040  53
89781     40.7834 -124.1435    0.0000    0.0000       2       2       3       6    0.0118    0.0036  53
KCO       40.2567 -124.2660    0.0000    0.0000       3       1       6       1    0.0084    0.0080  53
KMPB      40.4172 -124.1208    0.0000    0.0000       2       0       1       0    0.0022    0.0128  53
KPR       40.2196 -124.0573    0.0000    0.0000      10       6      46      21    0.0136    0.0076  53
1580      40.8777 -124.0774    0.0000    0.0000       1       3       1       6    0.0037    0.0027  53
1581      40.7350 -124.2076    0.0000    0.0000       0       7       0      36    0.0082    0.0079  53
1582      40.6990 -124.2010    0.0000    0.0000       0      10       0      37    0.0077    0.0059  53
1586      40.6442 -124.2207    0.0000    0.0000       2       6       3      21    0.0108    0.0041  53
B045      40.4360 -123.9965    0.0000    0.0000       5      11      21      64    0.0069    0.0107  53
B046      40.3220 -124.2843    0.0000    0.0000      10       8      65      45    0.0068    0.0060  53
B047      40.2499 -124.1699    0.0000    0.0000       6       6      17      15    0.0142    0.0078  53
B932      40.2750 -124.2212    0.0000    0.0000       8      10      23      38    0.0076    0.0105  53
JCC       40.8175 -124.0295    0.0000    0.0000       2       5       0       0    0.0067    0.0000  54
PETL      40.2884 -124.3426    0.0000    0.0000       0       6       0       0    0.0076    0.0000  54
RBOW      40.3347 -124.1114    0.0000    0.0000      10      10       0       0    0.0119    0.0000  54
89101     40.3250 -124.2877    0.0000    0.0000       1       6       0       0    0.0082    0.0000  54
89255     40.5922 -124.1463    0.0000    0.0000       0       4       0       0    0.0123    0.0000  54
89781     40.7834 -124.1435    0.0000    0.0000       0       2       0       0    0.0006    0.0000  54
KCO       40.2567 -124.2660    0.0000    0.0000       6       8       0       0    0.0130    0.0000  54
1582      40.6990 -124.2010    0.0000    0.0000       0       3       0       0    0.0196    0.0000  54
1586      40.6442 -124.2207    0.0000    0.0000       3       4       0       0    0.0107    0.0000  54
B045      40.4360 -123.9965    0.0000    0.0000       7      13       0       0    0.0124    0.0000  54
B046      40.3220 -124.2843    0.0000    0.0000      14      15       0       0    0.0153    0.0000  54
B047      40.2499 -124.1699    0.0000    0.0000       2      11       0       0    0.0129    0.0000  54
B932      40.2750 -124.2212    0.0000    0.0000       6      16       0       0    0.0108    0.0000  54
JCC       40.8175 -124.0295    0.0000    0.0000       0       5       0       0    0.0169    0.0000  55
PETL      40.2884 -124.3426    0.0000    0.0000       0       8       0       0    0.0070    0.0000  55
RBOW      40.3347 -124.1114    0.0000    0.0000       7      11       0       0    0.0221    0.0000  55
89101     40.3250 -124.2877    0.0000    0.0000       0       9       0       0    0.0076    0.0000  55
89255     40.5922 -124.1463    0.0000    0.0000       0       1       0       0    0.0560    0.0000  55
KCO       40.2567 -124.2660    0.0000    0.0000       0       5       0       0    0.0145    0.0000  55
KPR       40.2196 -124.0573    0.0000    0.0000       1      15       0       0    0.0115    0.0000  55
1023      40.5761 -124.2637    0.0000    0.0000       0       3       0       0    0.0284    0.0000  55
1582      40.6990 -124.2010    0.0000    0.0000       0       3       0       0    0.0074    0.0000  55
1586      40.6442 -124.2207    0.0000    0.0000       0       2       0       0    0.0202    0.0000  55
B045      40.4360 -123.9965    0.0000    0.0000       4       2       0       0    0.0260    0.0000  55
B046      40.3220 -124.2843    0.0000    0.0000       0      14       0       0    0.0069    0.0000  55
B047      40.2499 -124.1699    0.0000    0.0000       2       9       0       0    0.0097    0.0000  55
B932      40.2750 -124.2212    0.0000    0.0000       5      16       0       0    0.0199    0.0000  55
JCC       40.8175 -124.0295    0.0000    0.0000       4       3       0       0    0.0180    0.0000  56
RBOW      40.3347 -124.1114    0.0000    0.0000       1      17       0       0    0.0102    0.0000  56
B045      40.4360 -123.9965    0.0000    0.0000       1       4       0       0    0.0207    0.0000  56
B046      40.3220 -124.2843    0.0000    0.0000       0      17       0       0    0.0116    0.0000  56
B047      40.2499 -124.1699    0.0000    0.0000       2      17       0       0    0.0093    0.0000  56
B932      40.2750 -124.2212    0.0000    0.0000       3      18       0       0    0.0076    0.0000  56
JCC       40.8175 -124.0295    0.0000    0.0000       4       9      11      21    0.0177    0.0191  57
PETL      40.2884 -124.3426    0.0000    0.0000       0       2       0       4    0.0545    0.0236  57
RBOW      40.3347 -124.1114    0.0000    0.0000       3      11       6      35    0.0148    0.0088  57
89255     40.5922 -124.1463    0.0000    0.0000       0       2       0       1    0.0045    0.0082  57
KCO       40.2567 -124.2660    0.0000    0.0000       1       1       1       1    0.0022    0.0073  57
KPR       40.2196 -124.0573    0.0000    0.0000       1       3       1       6    0.0186    0.0161  57
1023      40.5761 -124.2637    0.0000    0.0000       0       1       0       1    0.0101    0.0201  57
1582      40.6990 -124.2010    0.0000    0.0000       0       2       0       3    0.0048    0.0112  57
1586      40.6442 -124.2207    0.0000    0.0000       0       2       0       3    0.0118    0.0146  57
B045      40.4360 -123.9965    0.0000    0.0000       2      15       2      46    0.0092    0.0115  57
B047      40.2499 -124.1699    0.0000    0.0000       2      11       4      36    0.0136    0.0114  57
B932      40.2750 -124.2212    0.0000    0.0000       8      14      19      52    0.0161    0.0132  57
KPR       40.2196 -124.0573    0.0000    0.0000       3       6       3      19    0.0701    0.1379  58
B045      40.4360 -123.9965    0.0000    0.0000      12      11      53      40    0.0871    0.1670  58
B046      40.3220 -124.2843    0.0000    0.0000       0       9       0      29    0.0795    0.0693  58
B047      40.2499 -124.1699    0.0000    0.0000      17      11      76      38    0.0536    0.0911  58
B932      40.2750 -124.2212    0.0000    0.0000       0      16       0      66    0.0915    0.1014  58
JCC       40.8175 -124.0295    0.0000    0.0000      16      15       0       0    0.0061    0.0000  59
RBOW      40.3347 -124.1114    0.0000    0.0000      11      14       0       0    0.0071    0.0000  59
1586      40.6442 -124.2207    0.0000    0.0000       0       2       0       0    0.0076    0.0000  59
B046      40.3220 -124.2843    0.0000    0.0000      10      11       0       0    0.0046    0.0000  59
RBOW      40.3347 -124.1114    0.0000    0.0000       9      13      30      38    0.0494    0.0801  60
KMPB      40.4172 -124.1208    0.0000    0.0000      13      11      73      31    0.0546    0.0663  60
KPR       40.2196 -124.0573    0.0000    0.0000       1       0       1       0    0.0520    0.0180  60
B045      40.4360 -123.9965    0.0000    0.0000       0      13       0      30    0.0474    0.0696  60
B046      40.3220 -124.2843    0.0000    0.0000       2       8       2      19    0.0265    0.0361  60
B932      40.2750 -124.2212    0.0000    0.0000       4       4      10       7    0.0379    0.0441  60
JCC       40.8175 -124.0295    0.0000    0.0000       4       3      10       6    0.0039    0.0085  61
PETL      40.2884 -124.3426    0.0000    0.0000       0      11       0      31    0.0062    0.0047  61
RBOW      40.3347 -124.1114    0.0000    0.0000       6      10      18      38    0.0131    0.0114  61
89101     40.3250 -124.2877    0.0000    0.0000       0       6       0      21    0.0162    0.0134  61
KCO       40.2567 -124.2660    0.0000    0.0000       1       4       1      14    0.0161    0.0132  61
KPR       40.2196 -124.0573    0.0000    0.0000       3       5       6      15    0.0113    0.0062  61
1582      40.6990 -124.2010    0.0000    0.0000       0       3       0       6    0.0122    0.0183  61
1586      40.6442 -124.2207    0.0000    0.0000       5       3      15       6    0.0050    0.0101  61
B045      40.4360 -123.9965    0.0000    0.0000       3       9       6      54    0.0092    0.0254  61
B046      40.3220 -124.2843    0.0000    0.0000       0       5       0      19    0.0073    0.0196  61
B047      40.2499 -124.1699    0.0000    0.0000       2       9       3      24    0.0219    0.0149  61
B932      40.2750 -124.2212    0.0000    0.0000       7      12      42      35    0.0114    0.0137  61
RBOW      40.3347 -124.1114    0.0000    0.0000      14       8       0       0    0.0629    0.0000  62
B045      40.4360 -123.9965    0.0000    0.0000      10       8       0       0    0.0404    0.0000  62
B046      40.3220 -124.2843    0.0000    0.0000       8       2       0       0    0.1515    0.0000  62
B047      40.2499 -124.1699    0.0000    0.0000      10       0       0       0    0.0237    0.0000  62
KMPB      40.4172 -124.1208    0.0000    0.0000      10       5      34      11    0.0158    0.0335  63
B045      40.4360 -123.9965    0.0000    0.0000       6       3      18      18    0.0269    0.0562  63
B046      40.3220 -124.2843    0.0000    0.0000       6      15      19      42    0.0451    0.0293  63
B047      40.2499 -124.1699    0.0000    0.0000       4       7      10      23    0.0285    0.0318  63
B932      40.2750 -124.2212    0.0000    0.0000       6      10      16      33    0.0242    0.0270  63
89101     40.3250 -124.2877    0.0000    0.0000       0       9       0       0    0.0271    0.0000  64
KPR       40.2196 -124.0573    0.0000    0.0000       3       1       0       0    0.0861    0.0000  64
1586      40.6442 -124.2207    0.0000    0.0000       0       2       0       0    0.0418    0.0000  64
B045      40.4360 -123.9965    0.0000    0.0000       6       1       0       0    0.0642    0.0000  64
B046      40.3220 -124.2843    0.0000    0.0000       0      11       0       0    0.0220    0.0000  64
B047      40.2499 -124.1699    0.0000    0.0000      10       9       0       0    0.0414    0.0000  64
B932      40.2750 -124.2212    0.0000    0.0000      14      14       0       0    0.0628    0.0000  64
B045      40.4360 -123.9965    0.0000    0.0000       1       6       0       0    0.0344    0.0000  65
B046      40.3220 -124.2843    0.0000    0.0000       7      11       0       0    0.0266    0.0000  65
B047      40.2499 -124.1699    0.0000    0.0000       0       8       0       0    0.0144    0.0000  65
B932      40.2750 -124.2212    0.0000    0.0000       2      13       0       0    0.0253    0.0000  65
JCC       40.8175 -124.0295    0.0000    0.0000       9      11      19      21       NaN       NaN  66
RBOW      40.3347 -124.1114    0.0000    0.0000       6       2      13       2       NaN       NaN  66
B045      40.4360 -123.9965    0.0000    0.0000       1       7       1      10       NaN       NaN  66
B047      40.2499 -124.1699    0.0000    0.0000       3       2       4       2       NaN       NaN  66
B932      40.2750 -124.2212    0.0000    0.0000       5      11       6      20       NaN       NaN  66
RBOW      40.3347 -124.1114    0.0000    0.0000       7      11       0       0    0.0172    0.0000  67
B045      40.4360 -123.9965    0.0000    0.0000       6       8       0       0    0.0125    0.0000  67
B046      40.3220 -124.2843    0.0000    0.0000       2       9       0       0    0.0182    0.0000  67
B047      40.2499 -124.1699    0.0000    0.0000       0      10       0       0    0.0075    0.0000  67
PETL      40.2884 -124.3426    0.0000    0.0000       0       2       0       3    0.0266    0.0266  68
RBOW      40.3347 -124.1114    0.0000    0.0000       1       3       3       4    0.0278    0.0366  68
89101     40.3250 -124.2877    0.0000    0.0000       0       3       0       5    0.0794    0.0650  68
KCO       40.2567 -124.2660    0.0000    0.0000       1       1       1       1    0.0301    0.0341  68
KMPB      40.4172 -124.1208    0.0000    0.0000       1       4       3       8    0.1193    0.0591  68
KPR       40.2196 -124.0573    0.0000    0.0000       0       3       0       4    0.0850    0.0249  68
1023      40.5761 -124.2637    0.0000    0.0000       0       1       0       1    0.0350    0.0150  68
B046      40.3220 -124.2843    0.0000    0.0000       5       8      14      23    0.1138    0.0585  68
B047      40.2499 -124.1699    0.0000    0.0000       2       7       2      10    0.1119    0.0585  68
B932      40.2750 -124.2212    0.0000    0.0000       2       7       2      10    0.1430    0.0615  68
JCC       40.8175 -124.0295    0.0000    0.0000       4       5       6       9    0.0681    0.0361  69
PETL      40.2884 -124.3426    0.0000    0.0000       0       3       0       4    0.0161    0.0179  69
RBOW      40.3347 -124.1114    0.0000    0.0000       0       8       0      15    0.0175    0.0150  69
1023      40.5761 -124.2637    0.0000    0.0000       1       5       1       9    0.0314    0.0194  69
B045      40.4360 -123.9965    0.0000    0.0000       1       3       1       4    0.0305    0.0256  69
B046      40.3220 -124.2843    0.0000    0.0000       1       4       1      14    0.0292    0.0386  69
B047      40.2499 -124.1699    0.0000    0.0000       5       6      11      11    0.0400    0.0273  69
B932      40.2750 -124.2212    0.0000    0.0000       3      12       6      23    0.0394    0.0300  69
PETL      40.2884 -124.3426    0.0000    0.0000       0       3       0       6    0.0187    0.0134  70
RBOW      40.3347 -124.1114    0.0000    0.0000       5       9      14      29    0.0621    0.0558  70
89101     40.3250 -124.2877    0.0000    0.0000       2       8       3      25    0.0910    0.0688  70
89255     40.5922 -124.1463    0.0000    0.0000       0       3       0       6    0.0303    0.0217  70
KCO       40.2567 -124.2660    0.0000    0.0000       1       4       1      10    0.0793    0.0902  70
B045      40.4360 -123.9965    0.0000    0.0000       7       3      23       6    0.0286    0.0282  70
B046      40.3220 -124.2843    0.0000    0.0000       4      11      10      38    0.0784    0.0663  70
B047      40.2499 -124.1699    0.0000    0.0000       0       6       0      23    0.0499    0.0207  70
B932      40.2750 -124.2212    0.0000    0.0000       3      12       5      43    0.0798    0.0662  70
JCC       40.8175 -124.0295    0.0000    0.0000       4       7       5      17    0.0929    0.0600  71
RBOW      40.3347 -124.1114    0.0000    0.0000       2       6       2      14    0.0303    0.0337  71
B045      40.4360 -123.9965    0.0000    0.0000       1       8       1      18    0.0384    0.0409  71
B046      40.3220 -124.2843    0.0000    0.0000       3       1       3       1    0.0480    0.0226  71
B047      40.2499 -124.1699    0.0000    0.0000       1       6       1      11    0.0229    0.0204  71
B932      40.2750 -124.2212    0.0000    0.0000       1       7       1      15    0.0283    0.0325  71
PETL      40.2884 -124.3426    0.0000    0.0000       0       7       0      15    0.0319    0.0112  72
B045      40.4360 -123.9965    0.0000    0.0000       3       7       9      18    0.0474    0.0163  72
B046      40.3220 -124.2843    0.0000    0.0000       0       9       0      18    0.0265    0.0131  72
B932      40.2750 -124.2212    0.0000    0.0000       4       9      10      25    0.0371    0.0086  72
RBOW      40.3347 -124.1114    0.0000    0.0000       7       8       0       0    0.0918    0.0000  73
B045      40.4360 -123.9965    0.0000    0.0000       5       0       0       0    0.0611    0.0000  73
B047      40.2499 -124.1699    0.0000    0.0000       0       3       0       0    0.0370    0.0000  73
B932      40.2750 -124.2212    0.0000    0.0000       5       7       0       0    0.1263    0.0000  73
B045      40.4360 -123.9965    0.0000    0.0000       6       8      16      19       NaN       NaN  74
B046      40.3220 -124.2843    0.0000    0.0000       8       0      19       0       NaN       NaN  74
B047      40.2499 -124.1699    0.0000    0.0000       3       0       4       0       NaN       NaN  74
B932      40.2750 -124.2212    0.0000    0.0000       7       0      18       0       NaN       NaN  74
RBOW      40.3347 -124.1114    0.0000    0.0000       7       7      28      28       NaN       NaN  75
B046      40.3220 -124.2843    0.0000    0.0000       7       7      28      28       NaN       NaN  75
RBOW      40.3347 -124.1114    0.0000    0.0000       6       3       0       0    0.0749    0.0000  76
B046      40.3220 -124.2843    0.0000    0.0000       4       6       0       0    0.0612    0.0000  76
B047      40.2499 -124.1699    0.0000    0.0000       3       6       0       0    0.0865    0.0000  76
B932      40.2750 -124.2212    0.0000    0.0000       4       6       0       0    0.0551    0.0000  76
JCC       40.8175 -124.0295    0.0000    0.0000       3       2       0       0    0.0178    0.0000  77
B046      40.3220 -124.2843    0.0000    0.0000       0       4       0       0    0.0092    0.0000  77
B047      40.2499 -124.1699    0.0000    0.0000       5       0       0       0    0.0091    0.0000  77
B932      40.2750 -124.2212    0.0000    0.0000       5       5       0       0    0.0197    0.0000  77
RBOW      40.3347 -124.1114    0.0000    0.0000       5       2      10       3    0.0111    0.0012  78
KMPB      40.4172 -124.1208    0.0000    0.0000       3       2       3       3    0.0066    0.0015  78
B046      40.3220 -124.2843    0.0000    0.0000       2       4       3       8    0.0165    0.0013  78
B047      40.2499 -124.1699    0.0000    0.0000       3       5       1       5    0.0070    0.0012  78
B932      40.2750 -124.2212    0.0000    0.0000       1       5       1       5    0.0081    0.0015  78
RBOW      40.3347 -124.1114    0.0000    0.0000       1       0       0       0    0.0037    0.0000  79
B045      40.4360 -123.9965    0.0000    0.0000       0       2       0       0    0.0944    0.0000  79
B046      40.3220 -124.2843    0.0000    0.0000       3       4       0       0    0.0570    0.0000  79
B047      40.2499 -124.1699    0.0000    0.0000       2       3       0       0    0.0192    0.0000  79
B932      40.2750 -124.2212    0.0000    0.0000       0       5       0       0    0.0081    0.0000  79
KMPB      40.4172 -124.1208    0.0000    0.0000       0       4       0       0    0.0112    0.0000  80
B046      40.3220 -124.2843    0.0000    0.0000       3       4       0       0    0.0205    0.0000  80
B047      40.2499 -124.1699    0.0000    0.0000       0       3       0       0    0.0059    0.0000  80
B932      40.2750 -124.2212    0.0000    0.0000       2       3       0       0    0.0205    0.0000  80
B046      40.3220 -124.2843    0.0000    0.0000       1       4       0       0    0.0061    0.0000  81
B932      40.2750 -124.2212    0.0000    0.0000       1       4       0       0    0.0041    0.0000  81
JCC       40.8175 -124.0295    0.0000    0.0000       3       3       5       5       NaN       NaN  82
B045      40.4360 -123.9965    0.0000    0.0000       2       3       3       5       NaN       NaN  82
B046      40.3220 -124.2843    0.0000    0.0000       0       2       0       3       NaN       NaN  82
JCC       40.8175 -124.0295    0.0000    0.0000       2       2       3       3       NaN       NaN  83
B046      40.3220 -124.2843    0.0000    0.0000       1       1       1       1       NaN       NaN  83
B047      40.2499 -124.1699    0.0000    0.0000       2       1       3       1       NaN       NaN  83
B932      40.2750 -124.2212    0.0000    0.0000       0       3       0       4       NaN       NaN  83
89101     40.3250 -124.2877    0.0000    0.0000       0       1       0       1       NaN       NaN  84
B046      40.3220 -124.2843    0.0000    0.0000       2       3       3       4       NaN       NaN  84
B932      40.2750 -124.2212    0.0000    0.0000       3       3       4       4       NaN       NaN  84
JCC       40.8175 -124.0295    0.0000    0.0000       3       3       5       5       NaN       NaN  85
RBOW      40.3347 -124.1114    0.0000    0.0000       0       2       0       3       NaN       NaN  85
B045      40.4360 -123.9965    0.0000    0.0000       2       3       3       5       NaN       NaN  85
KMPB      40.4172 -124.1208    0.0000    0.0000       2       1       3       1       NaN       NaN  86
1023      40.5761 -124.2637    0.0000    0.0000       0       2       0       3       NaN       NaN  86
1582      40.6990 -124.2010    0.0000    0.0000       2       2       3       3       NaN       NaN  86
B045      40.4360 -123.9965    0.0000    0.0000       2       2       3       3       NaN       NaN  86
B047      40.2499 -124.1699    0.0000    0.0000       2       0       3       0       NaN       NaN  86
89255     40.5922 -124.1463    0.0000    0.0000       0       2       0       3       NaN       NaN  87
B046      40.3220 -124.2843    0.0000    0.0000       2       2       3       3       NaN       NaN  87
B047      40.2499 -124.1699    0.0000    0.0000       0       2       0       3       NaN       NaN  87
B932      40.2750 -124.2212    0.0000    0.0000       0       1       0       1       NaN       NaN  87
RBOW      40.3347 -124.1114    0.0000    0.0000       0       1       0       1       NaN       NaN  88
B045      40.4360 -123.9965    0.0000    0.0000       0       1       0       1       NaN       NaN  88
B047      40.2499 -124.1699    0.0000    0.0000       0       1       0       1       NaN       NaN  88
B932      40.2750 -124.2212    0.0000    0.0000       0       1       0       1       NaN       NaN  88
B046      40.3220 -124.2843    0.0000    0.0000       1       1       1       1       NaN       NaN  89
B047      40.2499 -124.1699    0.0000    0.0000       0       1       0       1       NaN       NaN  89
B932      40.2750 -124.2212    0.0000    0.0000       1       0       1       0       NaN       NaN  89
JCC       40.8175 -124.0295    0.0000    0.0000       1       1       1       1    0.0832    0.0074  90
B045      40.4360 -123.9965    0.0000    0.0000       1       1       1       1    0.0118    0.0049  90
B047      40.2499 -124.1699    0.0000    0.0000       0       1       0       1    0.0209    0.0009  90
B932      40.2750 -124.2212    0.0000    0.0000       0       1       0       1    0.0103    0.0003  90
B046      40.3220 -124.2843    0.0000    0.0000       1       1       1       1       NaN       NaN  91
B932      40.2750 -124.2212    0.0000    0.0000       1       1       1       1       NaN       NaN  91
KMPB      40.4172 -124.1208    0.0000    0.0000       1       0       1       0       NaN       NaN  92
B047      40.2499 -124.1699    0.0000    0.0000       1       0       1       0       NaN       NaN  92
B932      40.2750 -124.2212    0.0000    0.0000       1       1       1       1       NaN       NaN  92
